Component: ARM Compiler 5.06 update 6 (build 750) Tool: armlink [4d35ed]

==============================================================================

Section Cross References

    main.o(i.main) refers to _printf_percent.o(.ARM.Collect$$_printf_percent$$00000000) for _printf_percent
    main.o(i.main) refers to _printf_d.o(.ARM.Collect$$_printf_percent$$00000009) for _printf_d
    main.o(i.main) refers to _printf_dec.o(.text) for _printf_int_dec
    main.o(i.main) refers to misc.o(i.NVIC_PriorityGroupConfig) for NVIC_PriorityGroupConfig
    main.o(i.main) refers to delay.o(i.delay_init) for delay_init
    main.o(i.main) refers to usart.o(i.uart_init) for uart_init
    main.o(i.main) refers to led.o(i.LED_Init) for LED_Init
    main.o(i.main) refers to oled.o(i.OLED_Init) for OLED_Init
    main.o(i.main) refers to oled.o(i.OLED_Clear) for OLED_Clear
    main.o(i.main) refers to timer.o(i.TIM3_Int_Init) for TIM3_Int_Init
    main.o(i.main) refers to mpu9250.o(i.MPU9250_Init) for MPU9250_Init
    main.o(i.main) refers to noretval__2printf.o(.text) for __2printf
    main.o(i.main) refers to mpu9250.o(i.MPU_DMP_Init) for MPU_DMP_Init
    main.o(i.main) refers to oled.o(i.OLED_ShowString) for OLED_ShowString
    main.o(i.main) refers to oled.o(i.OLED_ShowNum) for OLED_ShowNum
    main.o(i.main) refers to delay.o(i.delay_ms) for delay_ms
    main.o(i.main) refers to usart.o(.data) for USART_RX_STA
    main.o(i.main) refers to usart.o(.bss) for USART_RX_BUF
    system_stm32f4xx.o(i.SystemCoreClockUpdate) refers to system_stm32f4xx.o(.data) for SystemCoreClock
    system_stm32f4xx.o(i.SystemInit) refers to system_stm32f4xx.o(i.SetSysClock) for SetSysClock
    led.o(i.LED_Init) refers to stm32f4xx_rcc.o(i.RCC_AHB1PeriphClockCmd) for RCC_AHB1PeriphClockCmd
    led.o(i.LED_Init) refers to stm32f4xx_gpio.o(i.GPIO_Init) for GPIO_Init
    led.o(i.LED_Init) refers to stm32f4xx_gpio.o(i.GPIO_SetBits) for GPIO_SetBits
    beep.o(i.BEEP_Init) refers to stm32f4xx_rcc.o(i.RCC_AHB1PeriphClockCmd) for RCC_AHB1PeriphClockCmd
    beep.o(i.BEEP_Init) refers to stm32f4xx_gpio.o(i.GPIO_Init) for GPIO_Init
    beep.o(i.BEEP_Init) refers to stm32f4xx_gpio.o(i.GPIO_ResetBits) for GPIO_ResetBits
    key.o(i.KEY_Init) refers to stm32f4xx_rcc.o(i.RCC_AHB1PeriphClockCmd) for RCC_AHB1PeriphClockCmd
    key.o(i.KEY_Init) refers to stm32f4xx_gpio.o(i.GPIO_Init) for GPIO_Init
    key.o(i.KEY_Scan) refers to stm32f4xx_gpio.o(i.GPIO_ReadInputDataBit) for GPIO_ReadInputDataBit
    key.o(i.KEY_Scan) refers to delay.o(i.delay_ms) for delay_ms
    key.o(i.KEY_Scan) refers to key.o(.data) for key_up
    oled.o(i.OLED_Clear) refers to oled.o(i.OLED_WR_Byte) for OLED_WR_Byte
    oled.o(i.OLED_Display_Off) refers to oled.o(i.OLED_WR_Byte) for OLED_WR_Byte
    oled.o(i.OLED_Display_On) refers to oled.o(i.OLED_WR_Byte) for OLED_WR_Byte
    oled.o(i.OLED_Init) refers to stm32f4xx_rcc.o(i.RCC_AHB1PeriphClockCmd) for RCC_AHB1PeriphClockCmd
    oled.o(i.OLED_Init) refers to stm32f4xx_gpio.o(i.GPIO_Init) for GPIO_Init
    oled.o(i.OLED_Init) refers to stm32f4xx_gpio.o(i.GPIO_SetBits) for GPIO_SetBits
    oled.o(i.OLED_Init) refers to delay.o(i.delay_ms) for delay_ms
    oled.o(i.OLED_Init) refers to stm32f4xx_gpio.o(i.GPIO_ResetBits) for GPIO_ResetBits
    oled.o(i.OLED_Init) refers to oled.o(i.OLED_WR_Byte) for OLED_WR_Byte
    oled.o(i.OLED_Init) refers to oled.o(i.OLED_Clear) for OLED_Clear
    oled.o(i.OLED_Init) refers to oled.o(i.OLED_Set_Pos) for OLED_Set_Pos
    oled.o(i.OLED_Set_Pos) refers to oled.o(i.OLED_WR_Byte) for OLED_WR_Byte
    oled.o(i.OLED_ShowCHinese) refers to oled.o(i.OLED_Set_Pos) for OLED_Set_Pos
    oled.o(i.OLED_ShowCHinese) refers to oled.o(i.OLED_WR_Byte) for OLED_WR_Byte
    oled.o(i.OLED_ShowCHinese) refers to oled.o(.constdata) for Hzk
    oled.o(i.OLED_ShowChar) refers to oled.o(i.OLED_Set_Pos) for OLED_Set_Pos
    oled.o(i.OLED_ShowChar) refers to oled.o(i.OLED_WR_Byte) for OLED_WR_Byte
    oled.o(i.OLED_ShowChar) refers to oled.o(.constdata) for F8X16
    oled.o(i.OLED_ShowNum) refers to oled.o(i.oled_pow) for oled_pow
    oled.o(i.OLED_ShowNum) refers to oled.o(i.OLED_ShowChar) for OLED_ShowChar
    oled.o(i.OLED_ShowString) refers to oled.o(i.OLED_ShowChar) for OLED_ShowChar
    oled.o(i.OLED_WR_Byte) refers to stm32f4xx_gpio.o(i.GPIO_SetBits) for GPIO_SetBits
    oled.o(i.OLED_WR_Byte) refers to stm32f4xx_gpio.o(i.GPIO_ResetBits) for GPIO_ResetBits
    mpu9250.o(i.MPU9250_Init) refers to _printf_pad.o(.text) for _printf_pre_padding
    mpu9250.o(i.MPU9250_Init) refers to _printf_percent.o(.ARM.Collect$$_printf_percent$$00000000) for _printf_percent
    mpu9250.o(i.MPU9250_Init) refers to _printf_x.o(.ARM.Collect$$_printf_percent$$0000000C) for _printf_x
    mpu9250.o(i.MPU9250_Init) refers to _printf_hex_int.o(.text) for _printf_longlong_hex
    mpu9250.o(i.MPU9250_Init) refers to myiic.o(i.IIC_Init) for IIC_Init
    mpu9250.o(i.MPU9250_Init) refers to noretval__2printf.o(.text) for __2printf
[...]
    ..\\HARDWARE\\BEEP\\beep.c               0x00000000   Number         0  beep.o ABSOLUTE
    ..\\HARDWARE\\KEY\\key.c                 0x00000000   Number         0  key.o ABSOLUTE
    ..\\HARDWARE\\LED\\led.c                 0x00000000   Number         0  led.o ABSOLUTE
    ..\\HARDWARE\\MPU9250\\mpu9250.c         0x00000000   Number         0  mpu9250.o ABSOLUTE
    ..\\HARDWARE\\MYIIC\\myiic.c             0x00000000   Number         0  myiic.o ABSOLUTE
    ..\\HARDWARE\\OLED\\oled.c               0x00000000   Number         0  oled.o ABSOLUTE
    ..\\HARDWARE\\TIMER\\timer.c             0x00000000   Number         0  timer.o ABSOLUTE
    ..\\SOFTWARE\\dmp\\inv_mpu.c             0x00000000   Number         0  inv_mpu.o ABSOLUTE
    ..\\SOFTWARE\\dmp\\inv_mpu_dmp_motion_driver.c 0x00000000   Number         0  inv_mpu_dmp_motion_driver.o ABSOLUTE
    ..\\SYSTEM\\delay\\delay.c               0x00000000   Number         0  delay.o ABSOLUTE
    ..\\SYSTEM\\sys\\sys.c                   0x00000000   Number         0  sys.o ABSOLUTE
    ..\\SYSTEM\\usart\\usart.c               0x00000000   Number         0  usart.o ABSOLUTE
    dc.s                                     0x00000000   Number         0  dc.o ABSOLUTE
    main.c                                   0x00000000   Number         0  main.o ABSOLUTE
    main.c                                   0x00000000   Number         0  main.o ABSOLUTE
    stm32f4xx_it.c                           0x00000000   Number         0  stm32f4xx_it.o ABSOLUTE
    stm32f4xx_it.c                           0x00000000   Number         0  stm32f4xx_it.o ABSOLUTE
    system_stm32f4xx.c                       0x00000000   Number         0  system_stm32f4xx.o ABSOLUTE
    system_stm32f4xx.c                       0x00000000   Number         0  system_stm32f4xx.o ABSOLUTE
    RESET                                    0x08000000   Section      392  startup_stm32f40_41xxx.o(RESET)
    !!!main                                  0x08000188   Section        8  __main.o(!!!main)
    !!!scatter                               0x08000190   Section       52  __scatter.o(!!!scatter)
    !!handler_copy                           0x080001c4   Section       26  __scatter_copy.o(!!handler_copy)
    !!handler_zi                             0x080001e0   Section       28  __scatter_zi.o(!!handler_zi)
    .ARM.Collect$$_printf_percent$$00000000  0x080001fc   Section        0  _printf_percent.o(.ARM.Collect$$_printf_percent$$00000000)
    .ARM.Collect$$_printf_percent$$00000009  0x080001fc   Section        6  _printf_d.o(.ARM.Collect$$_printf_percent$$00000009)
    .ARM.Collect$$_printf_percent$$0000000C  0x08000202   Section        6  _printf_x.o(.ARM.Collect$$_printf_percent$$0000000C)
    .ARM.Collect$$_printf_percent$$00000017  0x08000208   Section        4  _printf_percent_end.o(.ARM.Collect$$_printf_percent$$00000017)
    .ARM.Collect$$libinit$$00000000          0x0800020c   Section        2  libinit.o(.ARM.Collect$$libinit$$00000000)
    .ARM.Collect$$libinit$$00000001          0x0800020e   Section        4  libinit2.o(.ARM.Collect$$libinit$$00000001)
    .ARM.Collect$$libinit$$00000004          0x08000212   Section        0  libinit2.o(.ARM.Collect$$libinit$$00000004)
    .ARM.Collect$$libinit$$0000000A          0x08000212   Section        0  libinit2.o(.ARM.Collect$$libinit$$0000000A)
    .ARM.Collect$$libinit$$0000000C          0x08000212   Section        0  libinit2.o(.ARM.Collect$$libinit$$0000000C)
    .ARM.Collect$$libinit$$0000000E          0x08000212   Section        0  libinit2.o(.ARM.Collect$$libinit$$0000000E)
    .ARM.Collect$$libinit$$00000011          0x08000212   Section        0  libinit2.o(.ARM.Collect$$libinit$$00000011)
    .ARM.Collect$$libinit$$00000013          0x08000212   Section        0  libinit2.o(.ARM.Collect$$libinit$$00000013)
    .ARM.Collect$$libinit$$00000015          0x08000212   Section        0  libinit2.o(.ARM.Collect$$libinit$$00000015)
    .ARM.Collect$$libinit$$00000017          0x08000212   Section        0  libinit2.o(.ARM.Collect$$libinit$$00000017)
    .ARM.Collect$$libinit$$00000019          0x08000212   Section        0  libinit2.o(.ARM.Collect$$libinit$$00000019)
    .ARM.Collect$$libinit$$0000001B          0x08000212   Section        0  libinit2.o(.ARM.Collect$$libinit$$0000001B)
    .ARM.Collect$$libinit$$0000001D          0x08000212   Section        0  libinit2.o(.ARM.Collect$$libinit$$0000001D)
    .ARM.Collect$$libinit$$0000001F          0x08000212   Section        0  libinit2.o(.ARM.Collect$$libinit$$0000001F)
    .ARM.Collect$$libinit$$00000021          0x08000212   Section        0  libinit2.o(.ARM.Collect$$libinit$$00000021)
    .ARM.Collect$$libinit$$00000023          0x08000212   Section        0  libinit2.o(.ARM.Collect$$libinit$$00000023)
    .ARM.Collect$$libinit$$00000025          0x08000212   Section        0  libinit2.o(.ARM.Collect$$libinit$$00000025)
    .ARM.Collect$$libinit$$0000002C          0x08000212   Section        0  libinit2.o(.ARM.Collect$$libinit$$0000002C)
    .ARM.Collect$$libinit$$0000002E          0x08000212   Section        0  libinit2.o(.ARM.Collect$$libinit$$0000002E)
    .ARM.Collect$$libinit$$00000030          0x08000212   Section        0  libinit2.o(.ARM.Collect$$libinit$$00000030)
    .ARM.Collect$$libinit$$00000032          0x08000212   Section        0  libinit2.o(.ARM.Collect$$libinit$$00000032)
    .ARM.Collect$$libinit$$00000033          0x08000212   Section        2  libinit2.o(.ARM.Collect$$libinit$$00000033)
    .ARM.Collect$$libshutdown$$00000000      0x08000214   Section        2  libshutdown.o(.ARM.Collect$$libshutdown$$00000000)
    .ARM.Collect$$libshutdown$$00000002      0x08000216   Section        0  libshutdown2.o(.ARM.Collect$$libshutdown$$00000002)
    .ARM.Collect$$libshutdown$$00000004      0x08000216   Section        0  libshutdown2.o(.ARM.Collect$$libshutdown$$00000004)
    .ARM.Collect$$libshutdown$$00000007      0x08000216   Section        0  libshutdown2.o(.ARM.Collect$$libshutdown$$00000007)
    .ARM.Collect$$libshutdown$$0000000A      0x08000216   Section        0  libshutdown2.o(.ARM.Collect$$libshutdown$$0000000A)
    .ARM.Collect$$libshutdown$$0000000C      0x08000216   Section        0  libshutdown2.o(.ARM.Collect$$libshutdown$$0000000C)
    .ARM.Collect$$libshutdown$$0000000F      0x08000216   Section        0  libshutdown2.o(.ARM.Collect$$libshutdown$$0000000F)
    .ARM.Collect$$libshutdown$$00000010      0x08000216   Section        2  libshutdown2.o(.ARM.Collect$$libshutdown$$00000010)
    .ARM.Collect$$rtentry$$00000000          0x08000218   Section        0  __rtentry.o(.ARM.Collect$$rtentry$$00000000)
    .ARM.Collect$$rtentry$$00000002          0x08000218   Section        0  __rtentry2.o(.ARM.Collect$$rtentry$$00000002)
    .ARM.Collect$$rtentry$$00000004          0x08000218   Section        6  __rtentry4.o(.ARM.Collect$$rtentry$$00000004)
    .ARM.Collect$$rtentry$$00000009          0x0800021e   Section        0  __rtentry2.o(.ARM.Collect$$rtentry$$00000009)
    .ARM.Collect$$rtentry$$0000000A          0x0800021e   Section        4  __rtentry2.o(.ARM.Collect$$rtentry$$0000000A)
    .ARM.Collect$$rtentry$$0000000C          0x08000222   Section        0  __rtentry2.o(.ARM.Collect$$rtentry$$0000000C)
    .ARM.Collect$$rtentry$$0000000D          0x08000222   Section        8  __rtentry2.o(.ARM.Collect$$rtentry$$0000000D)
    .ARM.Collect$$rtexit$$00000000           0x0800022a   Section        2  rtexit.o(.ARM.Collect$$rtexit$$00000000)
    .ARM.Collect$$rtexit$$00000002           0x0800022c   Section        0  rtexit2.o(.ARM.Collect$$rtexit$$00000002)
    .ARM.Collect$$rtexit$$00000003           0x0800022c   Section        4  rtexit2.o(.ARM.Collect$$rtexit$$00000003)
    .ARM.Collect$$rtexit$$00000004           0x08000230   Section        6  rtexit2.o(.ARM.Collect$$rtexit$$00000004)
    .text                                    0x08000238   Section       64  startup_stm32f40_41xxx.o(.text)
    $v0                                      0x08000238   Number         0  startup_stm32f40_41xxx.o(.text)
    .text                                    0x08000278   Section        2  use_no_semi_2.o(.text)
    .text                                    0x0800027a   Section       72  llsdiv.o(.text)
    .text                                    0x080002c4   Section        0  noretval__2printf.o(.text)
    .text                                    0x080002dc   Section        0  _printf_pad.o(.text)
    .text                                    0x0800032c   Section        0  _printf_dec.o(.text)
    .text                                    0x080003a4   Section        0  _printf_hex_int.o(.text)
    .text                                    0x080003fc   Section        0  __printf_flags_wp.o(.text)
    .text                                    0x08000534   Section        0  memcmp.o(.text)
    .text                                    0x0800058c   Section       16  aeabi_memset.o(.text)
    .text                                    0x0800059c   Section        0  heapauxi.o(.text)
    .text                                    0x080005a2   Section        2  use_no_semi.o(.text)
    .text                                    0x080005a4   Section      238  lludivv7m.o(.text)
    .text                                    0x08000692   Section        0  _printf_intcommon.o(.text)
    .text                                    0x08000744   Section        0  _printf_char_file.o(.text)
    .text                                    0x08000768   Section       68  rt_memclr.o(.text)
    .text                                    0x080007ac   Section        0  _printf_char_common.o(.text)
    _printf_input_char                       0x080007ad   Thumb Code    10  _printf_char_common.o(.text)
    .text                                    0x080007dc   Section        0  ferror.o(.text)
    .text                                    0x080007e4   Section       78  rt_memclr_w.o(.text)
    .text                                    0x08000834   Section        8  libspace.o(.text)
    .text                                    0x0800083c   Section       74  sys_stackheap_outer.o(.text)
    .text                                    0x08000886   Section        0  exit.o(.text)
    i.BusFault_Handler                       0x08000898   Section        0  stm32f4xx_it.o(i.BusFault_Handler)
    i.DebugMon_Handler                       0x0800089c   Section        0  stm32f4xx_it.o(i.DebugMon_Handler)
    i.GPIO_Init                              0x0800089e   Section        0  stm32f4xx_gpio.o(i.GPIO_Init)
    i.GPIO_PinAFConfig                       0x0800092e   Section        0  stm32f4xx_gpio.o(i.GPIO_PinAFConfig)
    i.GPIO_ResetBits                         0x08000974   Section        0  stm32f4xx_gpio.o(i.GPIO_ResetBits)
    i.GPIO_SetBits                           0x08000978   Section        0  stm32f4xx_gpio.o(i.GPIO_SetBits)
    i.HardFault_Handler                      0x0800097c   Section        0  stm32f4xx_it.o(i.HardFault_Handler)
    i.IIC_Ack                                0x08000980   Section        0  myiic.o(i.IIC_Ack)
    i.IIC_Init                               0x080009d0   Section        0  myiic.o(i.IIC_Init)
    i.IIC_NAck                               0x08000a1c   Section        0  myiic.o(i.IIC_NAck)
    i.IIC_Read_Byte                          0x08000a6c   Section        0  myiic.o(i.IIC_Read_Byte)
    i.IIC_Send_Byte                          0x08000ad8   Section        0  myiic.o(i.IIC_Send_Byte)
    i.IIC_Start                              0x08000b40   Section        0  myiic.o(i.IIC_Start)
    i.IIC_Stop                               0x08000b8c   Section        0  myiic.o(i.IIC_Stop)
    i.IIC_Wait_Ack                           0x08000bd8   Section        0  myiic.o(i.IIC_Wait_Ack)
    i.LED_Init                               0x08000c4c   Section        0  led.o(i.LED_Init)
    i.MPU9250_Init                           0x08000c8c   Section        0  mpu9250.o(i.MPU9250_Init)
    i.MPU_DMP_Init                           0x08000ed4   Section        0  mpu9250.o(i.MPU_DMP_Init)
    i.MPU_Read_Byte                          0x08001020   Section        0  mpu9250.o(i.MPU_Read_Byte)
    i.MPU_Read_Len                           0x08001068   Section        0  mpu9250.o(i.MPU_Read_Len)
    i.MPU_Set_Accel_Fsr                      0x080010dc   Section        0  mpu9250.o(i.MPU_Set_Accel_Fsr)
    i.MPU_Set_Gyro_Fsr                       0x080010ee   Section        0  mpu9250.o(i.MPU_Set_Gyro_Fsr)
    i.MPU_Set_LPF                            0x08001100   Section        0  mpu9250.o(i.MPU_Set_LPF)
    i.MPU_Set_Rate                           0x0800113c   Section        0  mpu9250.o(i.MPU_Set_Rate)
    i.MPU_Write_Byte                         0x08001178   Section        0  mpu9250.o(i.MPU_Write_Byte)
    i.MPU_Write_Len                          0x080011c4   Section        0  mpu9250.o(i.MPU_Write_Len)
    i.MemManage_Handler                      0x08001224   Section        0  stm32f4xx_it.o(i.MemManage_Handler)
    i.NMI_Handler                            0x08001228   Section        0  stm32f4xx_it.o(i.NMI_Handler)
    i.NVIC_Init                              0x0800122c   Section        0  misc.o(i.NVIC_Init)
    i.NVIC_PriorityGroupConfig               0x080012a4   Section        0  misc.o(i.NVIC_PriorityGroupConfig)
    i.OLED_Clear                             0x080012b8   Section        0  oled.o(i.OLED_Clear)
    i.OLED_Init                              0x080012f8   Section        0  oled.o(i.OLED_Init)
    i.OLED_Set_Pos                           0x08001444   Section        0  oled.o(i.OLED_Set_Pos)
    i.OLED_ShowChar                          0x08001474   Section        0  oled.o(i.OLED_ShowChar)
    i.OLED_ShowNum                           0x080014e4   Section        0  oled.o(i.OLED_ShowNum)
    i.OLED_ShowString                        0x08001558   Section        0  oled.o(i.OLED_ShowString)
    i.OLED_WR_Byte                           0x08001590   Section        0  oled.o(i.OLED_WR_Byte)
    i.PendSV_Handler                         0x080015f0   Section        0  stm32f4xx_it.o(i.PendSV_Handler)
    i.RCC_AHB1PeriphClockCmd                 0x080015f4   Section        0  stm32f4xx_rcc.o(i.RCC_AHB1PeriphClockCmd)
    i.RCC_APB1PeriphClockCmd                 0x08001614   Section        0  stm32f4xx_rcc.o(i.RCC_APB1PeriphClockCmd)
    i.RCC_APB2PeriphClockCmd                 0x08001634   Section        0  stm32f4xx_rcc.o(i.RCC_APB2PeriphClockCmd)
    i.RCC_GetClocksFreq                      0x08001654   Section        0  stm32f4xx_rcc.o(i.RCC_GetClocksFreq)
    i.SVC_Handler                            0x0800173c   Section        0  stm32f4xx_it.o(i.SVC_Handler)
    i.SetSysClock                            0x08001740   Section        0  system_stm32f4xx.o(i.SetSysClock)
    SetSysClock                              0x08001741   Thumb Code   220  system_stm32f4xx.o(i.SetSysClock)
    i.SysTick_CLKSourceConfig                0x0800182c   Section        0  misc.o(i.SysTick_CLKSourceConfig)
    i.SysTick_Handler                        0x08001854   Section        0  stm32f4xx_it.o(i.SysTick_Handler)
    i.SystemInit                             0x08001858   Section        0  system_stm32f4xx.o(i.SystemInit)
    i.TIM3_IRQHandler                        0x080018c0   Section        0  timer.o(i.TIM3_IRQHandler)
    i.TIM3_Int_Init                          0x080018e4   Section        0  timer.o(i.TIM3_Int_Init)
    i.TIM_ClearITPendingBit                  0x08001940   Section        0  stm32f4xx_tim.o(i.TIM_ClearITPendingBit)
    i.TIM_Cmd                                0x08001946   Section        0  stm32f4xx_tim.o(i.TIM_Cmd)
    i.TIM_GetITStatus                        0x0800195e   Section        0  stm32f4xx_tim.o(i.TIM_GetITStatus)
    i.TIM_ITConfig                           0x08001980   Section        0  stm32f4xx_tim.o(i.TIM_ITConfig)
    i.TIM_TimeBaseInit                       0x08001994   Section        0  stm32f4xx_tim.o(i.TIM_TimeBaseInit)
    i.USART1_IRQHandler                      0x08001a18   Section        0  usart.o(i.USART1_IRQHandler)
    i.USART_Cmd                              0x08001aa0   Section        0  stm32f4xx_usart.o(i.USART_Cmd)
    i.USART_GetITStatus                      0x08001ab8   Section        0  stm32f4xx_usart.o(i.USART_GetITStatus)
    i.USART_ITConfig                         0x08001b0c   Section        0  stm32f4xx_usart.o(i.USART_ITConfig)
    i.USART_Init                             0x08001b58   Section        0  stm32f4xx_usart.o(i.USART_Init)
    i.USART_ReceiveData                      0x08001c2c   Section        0  stm32f4xx_usart.o(i.USART_ReceiveData)
    i.UsageFault_Handler                     0x08001c36   Section        0  stm32f4xx_it.o(i.UsageFault_Handler)
    i._is_digit                              0x08001c3a   Section        0  __printf_wp.o(i._is_digit)
    i._sys_exit                              0x08001c48   Section        0  usart.o(i._sys_exit)
    i.delay_init                             0x08001c50   Section        0  delay.o(i.delay_init)
    i.delay_ms                               0x08001c8c   Section        0  delay.o(i.delay_ms)
    i.delay_us                               0x08001cc4   Section        0  delay.o(i.delay_us)
    i.delay_xms                              0x08001d10   Section        0  delay.o(i.delay_xms)
    i.dmp_enable_6x_lp_quat                  0x08001d5c   Section        0  inv_mpu_dmp_motion_driver.o(i.dmp_enable_6x_lp_quat)
    i.dmp_enable_feature                     0x08001d98   Section        0  inv_mpu_dmp_motion_driver.o(i.dmp_enable_feature)
    i.dmp_enable_gyro_cal                    0x08001fb4   Section        0  inv_mpu_dmp_motion_driver.o(i.dmp_enable_gyro_cal)
    i.dmp_enable_lp_quat                     0x0800200c   Section        0  inv_mpu_dmp_motion_driver.o(i.dmp_enable_lp_quat)
    i.dmp_load_motion_driver_firmware        0x08002048   Section        0  inv_mpu_dmp_motion_driver.o(i.dmp_load_motion_driver_firmware)
    i.dmp_set_accel_bias                     0x08002060   Section        0  inv_mpu_dmp_motion_driver.o(i.dmp_set_accel_bias)
    i.dmp_set_fifo_rate                      0x08002190   Section        0  inv_mpu_dmp_motion_driver.o(i.dmp_set_fifo_rate)
    i.dmp_set_gyro_bias                      0x08002200   Section        0  inv_mpu_dmp_motion_driver.o(i.dmp_set_gyro_bias)
    i.dmp_set_orientation                    0x08002330   Section        0  inv_mpu_dmp_motion_driver.o(i.dmp_set_orientation)
    i.dmp_set_shake_reject_thresh            0x08002468   Section        0  inv_mpu_dmp_motion_driver.o(i.dmp_set_shake_reject_thresh)
    i.dmp_set_shake_reject_time              0x080024a0   Section        0  inv_mpu_dmp_motion_driver.o(i.dmp_set_shake_reject_time)
    i.dmp_set_shake_reject_timeout           0x080024c6   Section        0  inv_mpu_dmp_motion_driver.o(i.dmp_set_shake_reject_timeout)
    i.dmp_set_tap_axes                       0x080024ec   Section        0  inv_mpu_dmp_motion_driver.o(i.dmp_set_tap_axes)
    i.dmp_set_tap_count                      0x08002532   Section        0  inv_mpu_dmp_motion_driver.o(i.dmp_set_tap_count)
    i.dmp_set_tap_thresh                     0x08002558   Section        0  inv_mpu_dmp_motion_driver.o(i.dmp_set_tap_thresh)
    i.dmp_set_tap_time                       0x08002718   Section        0  inv_mpu_dmp_motion_driver.o(i.dmp_set_tap_time)
    i.dmp_set_tap_time_multi                 0x0800273e   Section        0  inv_mpu_dmp_motion_driver.o(i.dmp_set_tap_time_multi)
    i.fputc                                  0x08002764   Section        0  usart.o(i.fputc)
    i.get_st_biases                          0x08002780   Section        0  inv_mpu.o(i.get_st_biases)
    get_st_biases                            0x08002781   Thumb Code  1132  inv_mpu.o(i.get_st_biases)
    i.inv_orientation_matrix_to_scalar       0x08002bf0   Section        0  mpu9250.o(i.inv_orientation_matrix_to_scalar)
    inv_orientation_matrix_to_scalar         0x08002bf1   Thumb Code    40  mpu9250.o(i.inv_orientation_matrix_to_scalar)
    i.inv_row_2_scale                        0x08002c18   Section        0  mpu9250.o(i.inv_row_2_scale)
    inv_row_2_scale                          0x08002c19   Thumb Code    78  mpu9250.o(i.inv_row_2_scale)
    i.main                                   0x08002c68   Section        0  main.o(i.main)
    i.mpu_configure_fifo                     0x08002ec4   Section        0  inv_mpu.o(i.mpu_configure_fifo)
    i.mpu_get_accel_fsr                      0x08002f34   Section        0  inv_mpu.o(i.mpu_get_accel_fsr)
    i.mpu_get_accel_sens                     0x08002f80   Section        0  inv_mpu.o(i.mpu_get_accel_sens)
    i.mpu_get_fifo_config                    0x08002fd4   Section        0  inv_mpu.o(i.mpu_get_fifo_config)
    i.mpu_get_gyro_fsr                       0x08002fe4   Section        0  inv_mpu.o(i.mpu_get_gyro_fsr)
    i.mpu_get_gyro_sens                      0x08003028   Section        0  inv_mpu.o(i.mpu_get_gyro_sens)
    i.mpu_get_lpf                            0x08003088   Section        0  inv_mpu.o(i.mpu_get_lpf)
    i.mpu_get_sample_rate                    0x080030d8   Section        0  inv_mpu.o(i.mpu_get_sample_rate)
    i.mpu_init                               0x080030f8   Section        0  inv_mpu.o(i.mpu_init)
    i.mpu_load_firmware                      0x0800321c   Section        0  inv_mpu.o(i.mpu_load_firmware)
    i.mpu_lp_accel_mode                      0x080032d4   Section        0  inv_mpu.o(i.mpu_lp_accel_mode)
    i.mpu_read_mem                           0x080033f0   Section        0  inv_mpu.o(i.mpu_read_mem)
    i.mpu_reset_fifo                         0x08003470   Section        0  inv_mpu.o(i.mpu_reset_fifo)
    i.mpu_run_self_test                      0x08003638   Section        0  inv_mpu.o(i.mpu_run_self_test)
    i.mpu_set_accel_fsr                      0x080036e4   Section        0  inv_mpu.o(i.mpu_set_accel_fsr)
    i.mpu_set_bypass                         0x08003768   Section        0  inv_mpu.o(i.mpu_set_bypass)
    i.mpu_set_compass_sample_rate            0x080038b4   Section        0  inv_mpu.o(i.mpu_set_compass_sample_rate)
    i.mpu_set_dmp_state                      0x08003914   Section        0  inv_mpu.o(i.mpu_set_dmp_state)
    i.mpu_set_gyro_fsr                       0x080039a4   Section        0  inv_mpu.o(i.mpu_set_gyro_fsr)
    i.mpu_set_int_latched                    0x08003a2c   Section        0  inv_mpu.o(i.mpu_set_int_latched)
    i.mpu_set_lpf                            0x08003a98   Section        0  inv_mpu.o(i.mpu_set_lpf)
    i.mpu_set_sample_rate                    0x08003b1c   Section        0  inv_mpu.o(i.mpu_set_sample_rate)
    i.mpu_set_sensors                        0x08003bd0   Section        0  inv_mpu.o(i.mpu_set_sensors)
    i.mpu_write_mem                          0x08003d38   Section        0  inv_mpu.o(i.mpu_write_mem)
    i.oled_pow                               0x08003db8   Section        0  oled.o(i.oled_pow)
    i.run_self_test                          0x08003dd0   Section        0  mpu9250.o(i.run_self_test)
    run_self_test                            0x08003dd1   Thumb Code   162  mpu9250.o(i.run_self_test)
    i.set_int_enable                         0x08003eb8   Section        0  inv_mpu.o(i.set_int_enable)
    set_int_enable                           0x08003eb9   Thumb Code   138  inv_mpu.o(i.set_int_enable)
    i.setup_compass                          0x08003f48   Section        0  inv_mpu.o(i.setup_compass)
    setup_compass                            0x08003f49   Thumb Code   570  inv_mpu.o(i.setup_compass)
    i.uart_init                              0x0800419c   Section        0  usart.o(i.uart_init)
    x$fpl$fpinit                             0x08004248   Section       10  fpinit.o(x$fpl$fpinit)
    $v0                                      0x08004248   Number         0  fpinit.o(x$fpl$fpinit)
    .constdata                               0x08004252   Section     2032  oled.o(.constdata)
    .constdata                               0x08004a44   Section       96  inv_mpu.o(.constdata)
    .constdata                               0x08004aa4   Section     3062  inv_mpu_dmp_motion_driver.o(.constdata)
    dmp_memory                               0x08004aa4   Data        3062  inv_mpu_dmp_motion_driver.o(.constdata)
    .constdata                               0x0800569a   Section       40  _printf_hex_int.o(.constdata)
    uc_hextab                                0x0800569a   Data          20  _printf_hex_int.o(.constdata)
    lc_hextab                                0x080056ae   Data          20  _printf_hex_int.o(.constdata)
    .constdata                               0x080056c2   Section       17  __printf_flags_wp.o(.constdata)
    maptable                                 0x080056c2   Data          17  __printf_flags_wp.o(.constdata)
    .data                                    0x20000000   Section       63  mpu9250.o(.data)
    gyro_orientation                         0x20000000   Data           9  mpu9250.o(.data)
    .data                                    0x2000003f   Section        1  timer.o(.data)
    .data                                    0x20000040   Section        4  delay.o(.data)
    fac_us                                   0x20000040   Data           1  delay.o(.data)
    fac_ms                                   0x20000042   Data           2  delay.o(.data)
    .data                                    0x20000044   Section        6  usart.o(.data)
    .data                                    0x2000004a   Section       16  stm32f4xx_rcc.o(.data)
    APBAHBPrescTable                         0x2000004a   Data          16  stm32f4xx_rcc.o(.data)
    .data                                    0x2000005c   Section       56  inv_mpu.o(.data)
    st                                       0x2000005c   Data          56  inv_mpu.o(.data)
    .bss                                     0x20000094   Section      200  usart.o(.bss)
    .bss                                     0x2000015c   Section       16  inv_mpu_dmp_motion_driver.o(.bss)
    dmp                                      0x2000015c   Data          16  inv_mpu_dmp_motion_driver.o(.bss)
    .bss                                     0x2000016c   Section       96  libspace.o(.bss)
    HEAP                                     0x200001d0   Section      512  startup_stm32f40_41xxx.o(HEAP)
    Heap_Mem                                 0x200001d0   Data         512  startup_stm32f40_41xxx.o(HEAP)
    STACK                                    0x200003d0   Section     1024  startup_stm32f40_41xxx.o(STACK)
    Stack_Mem                                0x200003d0   Data        1024  startup_stm32f40_41xxx.o(STACK)
    __initial_sp                             0x200007d0   Data           0  startup_stm32f40_41xxx.o(STACK)

    Global Symbols

    Symbol Name                              Value     Ov Type        Size  Object(Section)

    BuildAttributes$$THM_ISAv4$E$P$D$K$B$S$7EM$VFPi3$EXTD16$VFPS$VFMA$PE$A:L22UL41UL21$X:L11$S22US41US21$IEEE1$IW$USESV6$~STKCKD$USESV7$~SHL$OTIME$ROPI$IEEEX$EBA8$UX$STANDARDLIB$REQ8$PRES8$EABIv2 0x00000000   Number         0  anon$$obj.o ABSOLUTE
    __ARM_use_no_argv                        0x00000000   Number         0  main.o ABSOLUTE
    _printf_flags                            0x00000000   Number         0  printf_stubs.o ABSOLUTE
    _printf_return_value                     0x00000000   Number         0  printf_stubs.o ABSOLUTE
    _printf_sizespec                         0x00000000   Number         0  printf_stubs.o ABSOLUTE
    _printf_widthprec                        0x00000000   Number         0  printf_stubs.o ABSOLUTE
    __ARM_exceptions_init                     - Undefined Weak Reference
    __alloca_initialize                       - Undefined Weak Reference
    __arm_preinit_                            - Undefined Weak Reference
    __cpp_initialize__aeabi_                  - Undefined Weak Reference
    __cxa_finalize                            - Undefined Weak Reference
    __rt_locale                               - Undefined Weak Reference
    __sigvec_lookup                           - Undefined Weak Reference
    _atexit_init                              - Undefined Weak Reference
    _call_atexit_fns                          - Undefined Weak Reference
    _clock_init                               - Undefined Weak Reference
    _fp_trap_init                             - Undefined Weak Reference
    _fp_trap_shutdown                         - Undefined Weak Reference
    _get_lc_collate                           - Undefined Weak Reference
    _get_lc_ctype                             - Undefined Weak Reference
    _get_lc_monetary                          - Undefined Weak Reference
    _get_lc_numeric                           - Undefined Weak Reference
    _get_lc_time                              - Undefined Weak Reference
    _getenv_init                              - Undefined Weak Reference
    _handle_redirection                       - Undefined Weak Reference
    _init_alloc                               - Undefined Weak Reference
    _init_user_alloc                          - Undefined Weak Reference
    _initio                                   - Undefined Weak Reference
    _mutex_acquire                            - Undefined Weak Reference
    _mutex_release                            - Undefined Weak Reference
    _printf_truncate_signed                   - Undefined Weak Reference
    _printf_truncate_unsigned                 - Undefined Weak Reference
    _rand_init                                - Undefined Weak Reference
    _signal_finish                            - Undefined Weak Reference
    _signal_init                              - Undefined Weak Reference
    _terminate_alloc                          - Undefined Weak Reference
    _terminate_user_alloc                     - Undefined Weak Reference
    _terminateio                              - Undefined Weak Reference
    __Vectors_Size                           0x00000188   Number         0  startup_stm32f40_41xxx.o ABSOLUTE
    __Vectors                                0x08000000   Data           4  startup_stm32f40_41xxx.o(RESET)
    __Vectors_End                            0x08000188   Data           0  startup_stm32f40_41xxx.o(RESET)
    __main                                   0x08000189   Thumb Code     8  __main.o(!!!main)
    __scatterload                            0x08000191   Thumb Code     0  __scatter.o(!!!scatter)
    __scatterload_rt2                        0x08000191   Thumb Code    44  __scatter.o(!!!scatter)
    __scatterload_rt2_thumb_only             0x08000191   Thumb Code     0  __scatter.o(!!!scatter)
    __scatterload_null                       0x0800019f   Thumb Code     0  __scatter.o(!!!scatter)
    __scatterload_copy                       0x080001c5   Thumb Code    26  __scatter_copy.o(!!handler_copy)
    __scatterload_zeroinit                   0x080001e1   Thumb Code    28  __scatter_zi.o(!!handler_zi)
    _printf_d                                0x080001fd   Thumb Code     0  _printf_d.o(.ARM.Collect$$_printf_percent$$00000009)
    _printf_percent                          0x080001fd   Thumb Code     0  _printf_percent.o(.ARM.Collect$$_printf_percent$$00000000)
    _printf_x                                0x08000203   Thumb Code     0  _printf_x.o(.ARM.Collect$$_printf_percent$$0000000C)
    _printf_percent_end                      0x08000209   Thumb Code     0  _printf_percent_end.o(.ARM.Collect$$_printf_percent$$00000017)
    __rt_lib_init                            0x0800020d   Thumb Code     0  libinit.o(.ARM.Collect$$libinit$$00000000)
    __rt_lib_init_fp_1                       0x0800020f   Thumb Code     0  libinit2.o(.ARM.Collect$$libinit$$00000001)
    __rt_lib_init_alloca_1                   0x08000213   Thumb Code     0  libinit2.o(.ARM.Collect$$libinit$$0000002E)
    __rt_lib_init_argv_1                     0x08000213   Thumb Code     0  libinit2.o(.ARM.Collect$$libinit$$0000002C)
    __rt_lib_init_atexit_1                   0x08000213   Thumb Code     0  libinit2.o(.ARM.Collect$$libinit$$0000001B)
    __rt_lib_init_clock_1                    0x08000213   Thumb Code     0  libinit2.o(.ARM.Collect$$libinit$$00000021)
    __rt_lib_init_cpp_1                      0x08000213   Thumb Code     0  libinit2.o(.ARM.Collect$$libinit$$00000032)
    __rt_lib_init_exceptions_1               0x08000213   Thumb Code     0  libinit2.o(.ARM.Collect$$libinit$$00000030)
    __rt_lib_init_fp_trap_1                  0x08000213   Thumb Code     0  libinit2.o(.ARM.Collect$$libinit$$0000001F)
    __rt_lib_init_getenv_1                   0x08000213   Thumb Code     0  libinit2.o(.ARM.Collect$$libinit$$00000023)
    __rt_lib_init_heap_1                     0x08000213   Thumb Code     0  libinit2.o(.ARM.Collect$$libinit$$0000000A)
    __rt_lib_init_lc_collate_1               0x08000213   Thumb Code     0  libinit2.o(.ARM.Collect$$libinit$$00000011)
    __rt_lib_init_lc_ctype_1                 0x08000213   Thumb Code     0  libinit2.o(.ARM.Collect$$libinit$$00000013)
    __rt_lib_init_lc_monetary_1              0x08000213   Thumb Code     0  libinit2.o(.ARM.Collect$$libinit$$00000015)
    __rt_lib_init_lc_numeric_1               0x08000213   Thumb Code     0  libinit2.o(.ARM.Collect$$libinit$$00000017)
    __rt_lib_init_lc_time_1                  0x08000213   Thumb Code     0  libinit2.o(.ARM.Collect$$libinit$$00000019)
    __rt_lib_init_preinit_1                  0x08000213   Thumb Code     0  libinit2.o(.ARM.Collect$$libinit$$00000004)
    __rt_lib_init_rand_1                     0x08000213   Thumb Code     0  libinit2.o(.ARM.Collect$$libinit$$0000000E)
    __rt_lib_init_return                     0x08000213   Thumb Code     0  libinit2.o(.ARM.Collect$$libinit$$00000033)
    __rt_lib_init_signal_1                   0x08000213   Thumb Code     0  libinit2.o(.ARM.Collect$$libinit$$0000001D)
    __rt_lib_init_stdio_1                    0x08000213   Thumb Code     0  libinit2.o(.ARM.Collect$$libinit$$00000025)
    __rt_lib_init_user_alloc_1               0x08000213   Thumb Code     0  libinit2.o(.ARM.Collect$$libinit$$0000000C)
    __rt_lib_shutdown                        0x08000215   Thumb Code     0  libshutdown.o(.ARM.Collect$$libshutdown$$00000000)
    __rt_lib_shutdown_cpp_1                  0x08000217   Thumb Code     0  libshutdown2.o(.ARM.Collect$$libshutdown$$00000002)
    __rt_lib_shutdown_fp_trap_1              0x08000217   Thumb Code     0  libshutdown2.o(.ARM.Collect$$libshutdown$$00000007)
    __rt_lib_shutdown_heap_1                 0x08000217   Thumb Code     0  libshutdown2.o(.ARM.Collect$$libshutdown$$0000000F)
    __rt_lib_shutdown_return                 0x08000217   Thumb Code     0  libshutdown2.o(.ARM.Collect$$libshutdown$$00000010)
    __rt_lib_shutdown_signal_1               0x08000217   Thumb Code     0  libshutdown2.o(.ARM.Collect$$libshutdown$$0000000A)
    __rt_lib_shutdown_stdio_1                0x08000217   Thumb Code     0  libshutdown2.o(.ARM.Collect$$libshutdown$$00000004)
    __rt_lib_shutdown_user_alloc_1           0x08000217   Thumb Code     0  libshutdown2.o(.ARM.Collect$$libshutdown$$0000000C)
    __rt_entry                               0x08000219   Thumb Code     0  __rtentry.o(.ARM.Collect$$rtentry$$00000000)
    __rt_entry_presh_1                       0x08000219   Thumb Code     0  __rtentry2.o(.ARM.Collect$$rtentry$$00000002)
    __rt_entry_sh                            0x08000219   Thumb Code     0  __rtentry4.o(.ARM.Collect$$rtentry$$00000004)
    __rt_entry_li                            0x0800021f   Thumb Code     0  __rtentry2.o(.ARM.Collect$$rtentry$$0000000A)
    __rt_entry_postsh_1                      0x0800021f   Thumb Code     0  __rtentry2.o(.ARM.Collect$$rtentry$$00000009)
    __rt_entry_main                          0x08000223   Thumb Code     0  __rtentry2.o(.ARM.Collect$$rtentry$$0000000D)
    __rt_entry_postli_1                      0x08000223   Thumb Code     0  __rtentry2.o(.ARM.Collect$$rtentry$$0000000C)
    __rt_exit                                0x0800022b   Thumb Code     0  rtexit.o(.ARM.Collect$$rtexit$$00000000)
    __rt_exit_ls                             0x0800022d   Thumb Code     0  rtexit2.o(.ARM.Collect$$rtexit$$00000003)
    __rt_exit_prels_1                        0x0800022d   Thumb Code     0  rtexit2.o(.ARM.Collect$$rtexit$$00000002)
    __rt_exit_exit                           0x08000231   Thumb Code     0  rtexit2.o(.ARM.Collect$$rtexit$$00000004)
    Reset_Handler                            0x08000239   Thumb Code     8  startup_stm32f40_41xxx.o(.text)
    ADC_IRQHandler                           0x08000253   Thumb Code     0  startup_stm32f40_41xxx.o(.text)
    CAN1_RX0_IRQHandler                      0x08000253   Thumb Code     0  startup_stm32f40_41xxx.o(.text)
    CAN1_RX1_IRQHandler                      0x08000253   Thumb Code     0  startup_stm32f40_41xxx.o(.text)
    CAN1_SCE_IRQHandler                      0x08000253   Thumb Code     0  startup_stm32f40_41xxx.o(.text)
    CAN1_TX_IRQHandler                       0x08000253   Thumb Code     0  startup_stm32f40_41xxx.o(.text)
    CAN2_RX0_IRQHandler                      0x08000253   Thumb Code     0  startup_stm32f40_41xxx.o(.text)
    CAN2_RX1_IRQHandler                      0x08000253   Thumb Code     0  startup_stm32f40_41xxx.o(.text)
    CAN2_SCE_IRQHandler                      0x08000253   Thumb Code     0  startup_stm32f40_41xxx.o(.text)
    CAN2_TX_IRQHandler                       0x08000253   Thumb Code     0  startup_stm32f40_41xxx.o(.text)
    CRYP_IRQHandler                          0x08000253   Thumb Code     0  startup_stm32f40_41xxx.o(.text)
    DCMI_IRQHandler                          0x08000253   Thumb Code     0  startup_stm32f40_41xxx.o(.text)
    DMA1_Stream0_IRQHandler                  0x08000253   Thumb Code     0  startup_stm32f40_41xxx.o(.text)
    DMA1_Stream1_IRQHandler                  0x08000253   Thumb Code     0  startup_stm32f40_41xxx.o(.text)
    DMA1_Stream2_IRQHandler                  0x08000253   Thumb Code     0  startup_stm32f40_41xxx.o(.text)
    DMA1_Stream3_IRQHandler                  0x08000253   Thumb Code     0  startup_stm32f40_41xxx.o(.text)
    DMA1_Stream4_IRQHandler                  0x08000253   Thumb Code     0  startup_stm32f40_41xxx.o(.text)
    DMA1_Stream5_IRQHandler                  0x08000253   Thumb Code     0  startup_stm32f40_41xxx.o(.text)
    DMA1_Stream6_IRQHandler                  0x08000253   Thumb Code     0  startup_stm32f40_41xxx.o(.text)
    DMA1_Stream7_IRQHandler                  0x08000253   Thumb Code     0  startup_stm32f40_41xxx.o(.text)
    DMA2_Stream0_IRQHandler                  0x08000253   Thumb Code     0  startup_stm32f40_41xxx.o(.text)
    DMA2_Stream1_IRQHandler                  0x08000253   Thumb Code     0  startup_stm32f40_41xxx.o(.text)
    DMA2_Stream2_IRQHandler                  0x08000253   Thumb Code     0  startup_stm32f40_41xxx.o(.text)
    DMA2_Stream3_IRQHandler                  0x08000253   Thumb Code     0  startup_stm32f40_41xxx.o(.text)
    DMA2_Stream4_IRQHandler                  0x08000253   Thumb Code     0  startup_stm32f40_41xxx.o(.text)
    DMA2_Stream5_IRQHandler                  0x08000253   Thumb Code     0  startup_stm32f40_41xxx.o(.text)
    DMA2_Stream6_IRQHandler                  0x08000253   Thumb Code     0  startup_stm32f40_41xxx.o(.text)
    DMA2_Stream7_IRQHandler                  0x08000253   Thumb Code     0  startup_stm32f40_41xxx.o(.text)
    ETH_IRQHandler                           0x08000253   Thumb Code     0  startup_stm32f40_41xxx.o(.text)
    ETH_WKUP_IRQHandler                      0x08000253   Thumb Code     0  startup_stm32f40_41xxx.o(.text)
    EXTI0_IRQHandler                         0x08000253   Thumb Code     0  startup_stm32f40_41xxx.o(.text)
    EXTI15_10_IRQHandler                     0x08000253   Thumb Code     0  startup_stm32f40_41xxx.o(.text)
    EXTI1_IRQHandler                         0x08000253   Thumb Code     0  startup_stm32f40_41xxx.o(.text)
    EXTI2_IRQHandler                         0x08000253   Thumb Code     0  startup_stm32f40_41xxx.o(.text)
    EXTI3_IRQHandler                         0x08000253   Thumb Code     0  startup_stm32f40_41xxx.o(.text)
    EXTI4_IRQHandler                         0x08000253   Thumb Code     0  startup_stm32f40_41xxx.o(.text)
    EXTI9_5_IRQHandler                       0x08000253   Thumb Code     0  startup_stm32f40_41xxx.o(.text)
    FLASH_IRQHandler                         0x08000253   Thumb Code     0  startup_stm32f40_41xxx.o(.text)
    FPU_IRQHandler                           0x08000253   Thumb Code     0  startup_stm32f40_41xxx.o(.text)
    FSMC_IRQHandler                          0x08000253   Thumb Code     0  startup_stm32f40_41xxx.o(.text)
    HASH_RNG_IRQHandler                      0x08000253   Thumb Code     0  startup_stm32f40_41xxx.o(.text)
    I2C1_ER_IRQHandler                       0x08000253   Thumb Code     0  startup_stm32f40_41xxx.o(.text)
    I2C1_EV_IRQHandler                       0x08000253   Thumb Code     0  startup_stm32f40_41xxx.o(.text)
    I2C2_ER_IRQHandler                       0x08000253   Thumb Code     0  startup_stm32f40_41xxx.o(.text)
    I2C2_EV_IRQHandler                       0x08000253   Thumb Code     0  startup_stm32f40_41xxx.o(.text)
    I2C3_ER_IRQHandler                       0x08000253   Thumb Code     0  startup_stm32f40_41xxx.o(.text)
    I2C3_EV_IRQHandler                       0x08000253   Thumb Code     0  startup_stm32f40_41xxx.o(.text)
    OTG_FS_IRQHandler                        0x08000253   Thumb Code     0  startup_stm32f40_41xxx.o(.text)
    OTG_FS_WKUP_IRQHandler                   0x08000253   Thumb Code     0  startup_stm32f40_41xxx.o(.text)
    OTG_HS_EP1_IN_IRQHandler                 0x08000253   Thumb Code     0  startup_stm32f40_41xxx.o(.text)
    OTG_HS_EP1_OUT_IRQHandler                0x08000253   Thumb Code     0  startup_stm32f40_41xxx.o(.text)
    OTG_HS_IRQHandler                        0x08000253   Thumb Code     0  startup_stm32f40_41xxx.o(.text)
    OTG_HS_WKUP_IRQHandler                   0x08000253   Thumb Code     0  startup_stm32f40_41xxx.o(.text)
    PVD_IRQHandler                           0x08000253   Thumb Code     0  startup_stm32f40_41xxx.o(.text)
    RCC_IRQHandler                           0x08000253   Thumb Code     0  startup_stm32f40_41xxx.o(.text)
    RTC_Alarm_IRQHandler                     0x08000253   Thumb Code     0  startup_stm32f40_41xxx.o(.text)
    RTC_WKUP_IRQHandler                      0x08000253   Thumb Code     0  startup_stm32f40_41xxx.o(.text)
    SDIO_IRQHandler                          0x08000253   Thumb Code     0  startup_stm32f40_41xxx.o(.text)
    SPI1_IRQHandler                          0x08000253   Thumb Code     0  startup_stm32f40_41xxx.o(.text)
    SPI2_IRQHandler                          0x08000253   Thumb Code     0  startup_stm32f40_41xxx.o(.text)
    SPI3_IRQHandler                          0x08000253   Thumb Code     0  startup_stm32f40_41xxx.o(.text)
    TAMP_STAMP_IRQHandler                    0x08000253   Thumb Code     0  startup_stm32f40_41xxx.o(.text)
    TIM1_BRK_TIM9_IRQHandler                 0x08000253   Thumb Code     0  startup_stm32f40_41xxx.o(.text)
    TIM1_CC_IRQHandler                       0x08000253   Thumb Code     0  startup_stm32f40_41xxx.o(.text)
    TIM1_TRG_COM_TIM11_IRQHandler            0x08000253   Thumb Code     0  startup_stm32f40_41xxx.o(.text)
    TIM1_UP_TIM10_IRQHandler                 0x08000253   Thumb Code     0  startup_stm32f40_41xxx.o(.text)
    TIM2_IRQHandler                          0x08000253   Thumb Code     0  startup_stm32f40_41xxx.o(.text)
    TIM4_IRQHandler                          0x08000253   Thumb Code     0  startup_stm32f40_41xxx.o(.text)
    TIM5_IRQHandler                          0x08000253   Thumb Code     0  startup_stm32f40_41xxx.o(.text)
    TIM6_DAC_IRQHandler                      0x08000253   Thumb Code     0  startup_stm32f40_41xxx.o(.text)
    TIM7_IRQHandler                          0x08000253   Thumb Code     0  startup_stm32f40_41xxx.o(.text)
    TIM8_BRK_TIM12_IRQHandler                0x08000253   Thumb Code     0  startup_stm32f40_41xxx.o(.text)
    TIM8_CC_IRQHandler                       0x08000253   Thumb Code     0  startup_stm32f40_41xxx.o(.text)
    TIM8_TRG_COM_TIM14_IRQHandler            0x08000253   Thumb Code     0  startup_stm32f40_41xxx.o(.text)
    TIM8_UP_TIM13_IRQHandler                 0x08000253   Thumb Code     0  startup_stm32f40_41xxx.o(.text)
    UART4_IRQHandler                         0x08000253   Thumb Code     0  startup_stm32f40_41xxx.o(.text)
    UART5_IRQHandler                         0x08000253   Thumb Code     0  startup_stm32f40_41xxx.o(.text)
    USART2_IRQHandler                        0x08000253   Thumb Code     0  startup_stm32f40_41xxx.o(.text)
    USART3_IRQHandler                        0x08000253   Thumb Code     0  startup_stm32f40_41xxx.o(.text)
    USART6_IRQHandler                        0x08000253   Thumb Code     0  startup_stm32f40_41xxx.o(.text)
    WWDG_IRQHandler                          0x08000253   Thumb Code     0  startup_stm32f40_41xxx.o(.text)
    __user_initial_stackheap                 0x08000255   Thumb Code     0  startup_stm32f40_41xxx.o(.text)
    __use_no_semihosting                     0x08000279   Thumb Code     2  use_no_semi_2.o(.text)
    __aeabi_ldivmod                          0x0800027b   Thumb Code     0  llsdiv.o(.text)
    _ll_sdiv                                 0x0800027b   Thumb Code    72  llsdiv.o(.text)
    __2printf                                0x080002c5   Thumb Code    20  noretval__2printf.o(.text)
    _printf_pre_padding                      0x080002dd   Thumb Code    44  _printf_pad.o(.text)
    _printf_post_padding                     0x08000309   Thumb Code    34  _printf_pad.o(.text)
    _printf_int_dec                          0x0800032d   Thumb Code   104  _printf_dec.o(.text)
    _printf_int_hex                          0x080003a5   Thumb Code    84  _printf_hex_int.o(.text)
    _printf_longlong_hex                     0x080003a5   Thumb Code     0  _printf_hex_int.o(.text)
    __printf                                 0x080003fd   Thumb Code   308  __printf_flags_wp.o(.text)
    memcmp                                   0x08000535   Thumb Code    88  memcmp.o(.text)
    __aeabi_memset                           0x0800058d   Thumb Code    16  aeabi_memset.o(.text)
    __use_two_region_memory                  0x0800059d   Thumb Code     2  heapauxi.o(.text)
    __rt_heap_escrow$2region                 0x0800059f   Thumb Code     2  heapauxi.o(.text)
    __rt_heap_expand$2region                 0x080005a1   Thumb Code     2  heapauxi.o(.text)
    __I$use$semihosting                      0x080005a3   Thumb Code     0  use_no_semi.o(.text)
    __use_no_semihosting_swi                 0x080005a3   Thumb Code     2  use_no_semi.o(.text)
    __aeabi_uldivmod                         0x080005a5   Thumb Code     0  lludivv7m.o(.text)
    _ll_udiv                                 0x080005a5   Thumb Code   238  lludivv7m.o(.text)
    _printf_int_common                       0x08000693   Thumb Code   178  _printf_intcommon.o(.text)
    _printf_char_file                        0x08000745   Thumb Code    32  _printf_char_file.o(.text)
    __aeabi_memclr                           0x08000769   Thumb Code     0  rt_memclr.o(.text)
    __rt_memclr                              0x08000769   Thumb Code    68  rt_memclr.o(.text)
    _memset                                  0x0800076d   Thumb Code     0  rt_memclr.o(.text)
    _printf_char_common                      0x080007b7   Thumb Code    32  _printf_char_common.o(.text)
    ferror                                   0x080007dd   Thumb Code     8  ferror.o(.text)
    __aeabi_memclr4                          0x080007e5   Thumb Code     0  rt_memclr_w.o(.text)
    __aeabi_memclr8                          0x080007e5   Thumb Code     0  rt_memclr_w.o(.text)
    __rt_memclr_w                            0x080007e5   Thumb Code    78  rt_memclr_w.o(.text)
    _memset_w                                0x080007e9   Thumb Code     0  rt_memclr_w.o(.text)
    __user_libspace                          0x08000835   Thumb Code     8  libspace.o(.text)
    __user_perproc_libspace                  0x08000835   Thumb Code     0  libspace.o(.text)
    __user_perthread_libspace                0x08000835   Thumb Code     0  libspace.o(.text)
    __user_setup_stackheap                   0x0800083d   Thumb Code    74  sys_stackheap_outer.o(.text)
    exit                                     0x08000887   Thumb Code    18  exit.o(.text)
    BusFault_Handler                         0x08000899   Thumb Code     4  stm32f4xx_it.o(i.BusFault_Handler)
    DebugMon_Handler                         0x0800089d   Thumb Code     2  stm32f4xx_it.o(i.DebugMon_Handler)
    GPIO_Init                                0x0800089f   Thumb Code   144  stm32f4xx_gpio.o(i.GPIO_Init)
    GPIO_PinAFConfig                         0x0800092f   Thumb Code    70  stm32f4xx_gpio.o(i.GPIO_PinAFConfig)
    GPIO_ResetBits                           0x08000975   Thumb Code     4  stm32f4xx_gpio.o(i.GPIO_ResetBits)
    GPIO_SetBits                             0x08000979   Thumb Code     4  stm32f4xx_gpio.o(i.GPIO_SetBits)
    HardFault_Handler                        0x0800097d   Thumb Code     4  stm32f4xx_it.o(i.HardFault_Handler)
    IIC_Ack                                  0x08000981   Thumb Code    66  myiic.o(i.IIC_Ack)
    IIC_Init                                 0x080009d1   Thumb Code    62  myiic.o(i.IIC_Init)
    IIC_NAck                                 0x08000a1d   Thumb Code    66  myiic.o(i.IIC_NAck)
    IIC_Read_Byte                            0x08000a6d   Thumb Code    94  myiic.o(i.IIC_Read_Byte)
    IIC_Send_Byte                            0x08000ad9   Thumb Code    90  myiic.o(i.IIC_Send_Byte)
    IIC_Start                                0x08000b41   Thumb Code    64  myiic.o(i.IIC_Start)
    IIC_Stop                                 0x08000b8d   Thumb Code    62  myiic.o(i.IIC_Stop)
    IIC_Wait_Ack                             0x08000bd9   Thumb Code    88  myiic.o(i.IIC_Wait_Ack)
    LED_Init                                 0x08000c4d   Thumb Code    60  led.o(i.LED_Init)
    MPU9250_Init                             0x08000c8d   Thumb Code   288  mpu9250.o(i.MPU9250_Init)
    MPU_DMP_Init                             0x08000ed5   Thumb Code   122  mpu9250.o(i.MPU_DMP_Init)
    MPU_Read_Byte                            0x08001021   Thumb Code    72  mpu9250.o(i.MPU_Read_Byte)
    MPU_Read_Len                             0x08001069   Thumb Code   116  mpu9250.o(i.MPU_Read_Len)
    MPU_Set_Accel_Fsr                        0x080010dd   Thumb Code    18  mpu9250.o(i.MPU_Set_Accel_Fsr)
    MPU_Set_Gyro_Fsr                         0x080010ef   Thumb Code    18  mpu9250.o(i.MPU_Set_Gyro_Fsr)
    MPU_Set_LPF                              0x08001101   Thumb Code    60  mpu9250.o(i.MPU_Set_LPF)
    MPU_Set_Rate                             0x0800113d   Thumb Code    60  mpu9250.o(i.MPU_Set_Rate)
    MPU_Write_Byte                           0x08001179   Thumb Code    76  mpu9250.o(i.MPU_Write_Byte)
    MPU_Write_Len                            0x080011c5   Thumb Code    96  mpu9250.o(i.MPU_Write_Len)
    MemManage_Handler                        0x08001225   Thumb Code     4  stm32f4xx_it.o(i.MemManage_Handler)
    NMI_Handler                              0x08001229   Thumb Code     2  stm32f4xx_it.o(i.NMI_Handler)
    NVIC_Init                                0x0800122d   Thumb Code   106  misc.o(i.NVIC_Init)
    NVIC_PriorityGroupConfig                 0x080012a5   Thumb Code    10  misc.o(i.NVIC_PriorityGroupConfig)
    OLED_Clear                               0x080012b9   Thumb Code    64  oled.o(i.OLED_Clear)
    OLED_Init                                0x080012f9   Thumb Code   328  oled.o(i.OLED_Init)
    OLED_Set_Pos                             0x08001445   Thumb Code    46  oled.o(i.OLED_Set_Pos)
    OLED_ShowChar                            0x08001475   Thumb Code   106  oled.o(i.OLED_ShowChar)
    OLED_ShowNum                             0x080014e5   Thumb Code   116  oled.o(i.OLED_ShowNum)
    OLED_ShowString                          0x08001559   Thumb Code    54  oled.o(i.OLED_ShowString)
    OLED_WR_Byte                             0x08001591   Thumb Code    92  oled.o(i.OLED_WR_Byte)
    PendSV_Handler                           0x080015f1   Thumb Code     2  stm32f4xx_it.o(i.PendSV_Handler)
    RCC_AHB1PeriphClockCmd                   0x080015f5   Thumb Code    26  stm32f4xx_rcc.o(i.RCC_AHB1PeriphClockCmd)
    RCC_APB1PeriphClockCmd                   0x08001615   Thumb Code    26  stm32f4xx_rcc.o(i.RCC_APB1PeriphClockCmd)
    RCC_APB2PeriphClockCmd                   0x08001635   Thumb Code    26  stm32f4xx_rcc.o(i.RCC_APB2PeriphClockCmd)
    RCC_GetClocksFreq                        0x08001655   Thumb Code   214  stm32f4xx_rcc.o(i.RCC_GetClocksFreq)
    SVC_Handler                              0x0800173d   Thumb Code     2  stm32f4xx_it.o(i.SVC_Handler)
    SysTick_CLKSourceConfig                  0x0800182d   Thumb Code    40  misc.o(i.SysTick_CLKSourceConfig)
    SysTick_Handler                          0x08001855   Thumb Code     2  stm32f4xx_it.o(i.SysTick_Handler)
    SystemInit                               0x08001859   Thumb Code    88  system_stm32f4xx.o(i.SystemInit)
    TIM3_IRQHandler                          0x080018c1   Thumb Code    28  timer.o(i.TIM3_IRQHandler)
    TIM3_Int_Init                            0x080018e5   Thumb Code    88  timer.o(i.TIM3_Int_Init)
    TIM_ClearITPendingBit                    0x08001941   Thumb Code     6  stm32f4xx_tim.o(i.TIM_ClearITPendingBit)
    TIM_Cmd                                  0x08001947   Thumb Code    24  stm32f4xx_tim.o(i.TIM_Cmd)
    TIM_GetITStatus                          0x0800195f   Thumb Code    34  stm32f4xx_tim.o(i.TIM_GetITStatus)
    TIM_ITConfig                             0x08001981   Thumb Code    18  stm32f4xx_tim.o(i.TIM_ITConfig)
    TIM_TimeBaseInit                         0x08001995   Thumb Code   104  stm32f4xx_tim.o(i.TIM_TimeBaseInit)
    USART1_IRQHandler                        0x08001a19   Thumb Code   122  usart.o(i.USART1_IRQHandler)
    USART_Cmd                                0x08001aa1   Thumb Code    24  stm32f4xx_usart.o(i.USART_Cmd)
    USART_GetITStatus                        0x08001ab9   Thumb Code    84  stm32f4xx_usart.o(i.USART_GetITStatus)
    USART_ITConfig                           0x08001b0d   Thumb Code    74  stm32f4xx_usart.o(i.USART_ITConfig)
    USART_Init                               0x08001b59   Thumb Code   204  stm32f4xx_usart.o(i.USART_Init)
    USART_ReceiveData                        0x08001c2d   Thumb Code    10  stm32f4xx_usart.o(i.USART_ReceiveData)
    UsageFault_Handler                       0x08001c37   Thumb Code     4  stm32f4xx_it.o(i.UsageFault_Handler)
    _is_digit                                0x08001c3b   Thumb Code    14  __printf_wp.o(i._is_digit)
    _sys_exit                                0x08001c49   Thumb Code     6  usart.o(i._sys_exit)
    delay_init                               0x08001c51   Thumb Code    52  delay.o(i.delay_init)
    delay_ms                                 0x08001c8d   Thumb Code    56  delay.o(i.delay_ms)
    delay_us                                 0x08001cc5   Thumb Code    72  delay.o(i.delay_us)
    delay_xms                                0x08001d11   Thumb Code    72  delay.o(i.delay_xms)
    dmp_enable_6x_lp_quat                    0x08001d5d   Thumb Code    60  inv_mpu_dmp_motion_driver.o(i.dmp_enable_6x_lp_quat)
    dmp_enable_feature                       0x08001d99   Thumb Code   530  inv_mpu_dmp_motion_driver.o(i.dmp_enable_feature)
    dmp_enable_gyro_cal                      0x08001fb5   Thumb Code    62  inv_mpu_dmp_motion_driver.o(i.dmp_enable_gyro_cal)
    dmp_enable_lp_quat                       0x0800200d   Thumb Code    60  inv_mpu_dmp_motion_driver.o(i.dmp_enable_lp_quat)
    dmp_load_motion_driver_firmware          0x08002049   Thumb Code    20  inv_mpu_dmp_motion_driver.o(i.dmp_load_motion_driver_firmware)
    dmp_set_accel_bias                       0x08002061   Thumb Code   300  inv_mpu_dmp_motion_driver.o(i.dmp_set_accel_bias)
    dmp_set_fifo_rate                        0x08002191   Thumb Code    96  inv_mpu_dmp_motion_driver.o(i.dmp_set_fifo_rate)
    dmp_set_gyro_bias                        0x08002201   Thumb Code   294  inv_mpu_dmp_motion_driver.o(i.dmp_set_gyro_bias)
    dmp_set_orientation                      0x08002331   Thumb Code   290  inv_mpu_dmp_motion_driver.o(i.dmp_set_orientation)
    dmp_set_shake_reject_thresh              0x08002469   Thumb Code    56  inv_mpu_dmp_motion_driver.o(i.dmp_set_shake_reject_thresh)
    dmp_set_shake_reject_time                0x080024a1   Thumb Code    38  inv_mpu_dmp_motion_driver.o(i.dmp_set_shake_reject_time)
    dmp_set_shake_reject_timeout             0x080024c7   Thumb Code    38  inv_mpu_dmp_motion_driver.o(i.dmp_set_shake_reject_timeout)
    dmp_set_tap_axes                         0x080024ed   Thumb Code    70  inv_mpu_dmp_motion_driver.o(i.dmp_set_tap_axes)
    dmp_set_tap_count                        0x08002533   Thumb Code    38  inv_mpu_dmp_motion_driver.o(i.dmp_set_tap_count)
    dmp_set_tap_thresh                       0x08002559   Thumb Code   412  inv_mpu_dmp_motion_driver.o(i.dmp_set_tap_thresh)
    dmp_set_tap_time                         0x08002719   Thumb Code    38  inv_mpu_dmp_motion_driver.o(i.dmp_set_tap_time)
    dmp_set_tap_time_multi                   0x0800273f   Thumb Code    38  inv_mpu_dmp_motion_driver.o(i.dmp_set_tap_time_multi)
    fputc                                    0x08002765   Thumb Code    22  usart.o(i.fputc)
    main                                     0x08002c69   Thumb Code   410  main.o(i.main)
    mpu_configure_fifo                       0x08002ec5   Thumb Code   106  inv_mpu.o(i.mpu_configure_fifo)
    mpu_get_accel_fsr                        0x08002f35   Thumb Code    72  inv_mpu.o(i.mpu_get_accel_fsr)
    mpu_get_accel_sens                       0x08002f81   Thumb Code    78  inv_mpu.o(i.mpu_get_accel_sens)
    mpu_get_fifo_config                      0x08002fd5   Thumb Code    12  inv_mpu.o(i.mpu_get_fifo_config)
    mpu_get_gyro_fsr                         0x08002fe5   Thumb Code    64  inv_mpu.o(i.mpu_get_gyro_fsr)
    mpu_get_gyro_sens                        0x08003029   Thumb Code    74  inv_mpu.o(i.mpu_get_gyro_sens)
    mpu_get_lpf                              0x08003089   Thumb Code    74  inv_mpu.o(i.mpu_get_lpf)
    mpu_get_sample_rate                      0x080030d9   Thumb Code    26  inv_mpu.o(i.mpu_get_sample_rate)
    mpu_init                                 0x080030f9   Thumb Code   286  inv_mpu.o(i.mpu_init)
    mpu_load_firmware                        0x0800321d   Thumb Code   180  inv_mpu.o(i.mpu_load_firmware)
    mpu_lp_accel_mode                        0x080032d5   Thumb Code   280  inv_mpu.o(i.mpu_lp_accel_mode)
    mpu_read_mem                             0x080033f1   Thumb Code   122  inv_mpu.o(i.mpu_read_mem)
    mpu_reset_fifo                           0x08003471   Thumb Code   450  inv_mpu.o(i.mpu_reset_fifo)
    mpu_run_self_test                        0x08003639   Thumb Code   168  inv_mpu.o(i.mpu_run_self_test)
    mpu_set_accel_fsr                        0x080036e5   Thumb Code   126  inv_mpu.o(i.mpu_set_accel_fsr)
    mpu_set_bypass                           0x08003769   Thumb Code   328  inv_mpu.o(i.mpu_set_bypass)
    mpu_set_compass_sample_rate              0x080038b5   Thumb Code    92  inv_mpu.o(i.mpu_set_compass_sample_rate)
    mpu_set_dmp_state                        0x08003915   Thumb Code   138  inv_mpu.o(i.mpu_set_dmp_state)
    mpu_set_gyro_fsr                         0x080039a5   Thumb Code   132  inv_mpu.o(i.mpu_set_gyro_fsr)
    mpu_set_int_latched                      0x08003a2d   Thumb Code   102  inv_mpu.o(i.mpu_set_int_latched)
    mpu_set_lpf                              0x08003a99   Thumb Code   126  inv_mpu.o(i.mpu_set_lpf)
    mpu_set_sample_rate                      0x08003b1d   Thumb Code   174  inv_mpu.o(i.mpu_set_sample_rate)
    mpu_set_sensors                          0x08003bd1   Thumb Code   354  inv_mpu.o(i.mpu_set_sensors)
    mpu_write_mem                            0x08003d39   Thumb Code   122  inv_mpu.o(i.mpu_write_mem)
    oled_pow                                 0x08003db9   Thumb Code    22  oled.o(i.oled_pow)
    uart_init                                0x0800419d   Thumb Code   164  usart.o(i.uart_init)
    _fp_init                                 0x08004249   Thumb Code    10  fpinit.o(x$fpl$fpinit)
    __fplib_config_fpu_vfp                   0x08004251   Thumb Code     0  fpinit.o(x$fpl$fpinit)
    __fplib_config_pureend_doubles           0x08004251   Thumb Code     0  fpinit.o(x$fpl$fpinit)
    Hzk                                      0x08004252   Data         512  oled.o(.constdata)
    F8X16                                    0x08004452   Data        1520  oled.o(.constdata)
    reg                                      0x08004a44   Data          42  inv_mpu.o(.constdata)
    hw                                       0x08004a6e   Data          14  inv_mpu.o(.constdata)
    test                                     0x08004a7c   Data          40  inv_mpu.o(.constdata)
    Region$$Table$$Base                      0x080056d4   Number         0  anon$$obj.o(Region$$Table)
    Region$$Table$$Limit                     0x080056f4   Number         0  anon$$obj.o(Region$$Table)
    q0                                       0x2000000c   Data           4  mpu9250.o(.data)
    q1                                       0x20000010   Data           4  mpu9250.o(.data)
    q2                                       0x20000014   Data           4  mpu9250.o(.data)
    q3                                       0x20000018   Data           4  mpu9250.o(.data)
    Pitch                                    0x2000001c   Data           4  mpu9250.o(.data)
    Roll                                     0x20000020   Data           4  mpu9250.o(.data)
    Yaw                                      0x20000024   Data           4  mpu9250.o(.data)
    temp                                     0x20000028   Data           4  mpu9250.o(.data)
    sensor_timestamp                         0x2000002c   Data           4  mpu9250.o(.data)
    gyro                                     0x20000030   Data           6  mpu9250.o(.data)
    accel                                    0x20000036   Data           6  mpu9250.o(.data)
    sensors                                  0x2000003c   Data           2  mpu9250.o(.data)
    more                                     0x2000003e   Data           1  mpu9250.o(.data)
    TIMER3_10ms_Ticktock_FLAG                0x2000003f   Data           1  timer.o(.data)
    __stdout                                 0x20000044   Data           4  usart.o(.data)
    USART_RX_STA                             0x20000048   Data           2  usart.o(.data)
    USART_RX_BUF                             0x20000094   Data         200  usart.o(.bss)
    __libspace_start                         0x2000016c   Data          96  libspace.o(.bss)
    __temporary_stack_top$libspace           0x200001cc   Data           0  libspace.o(.bss)



==============================================================================

Memory Map of the image

  Image Entry point : 0x08000189

  Load Region LR_IROM1 (Base: 0x08000000, Size: 0x00005788, Max: 0x00100000, ABSOLUTE)

    Execution Region ER_IROM1 (Exec base: 0x08000000, Load base: 0x08000000, Size: 0x000056f4, Max: 0x00100000, ABSOLUTE)

    Exec Addr    Load Addr    Size         Type   Attr      Idx    E Section Name        Object

    0x08000000   0x08000000   0x00000188   Data   RO          942    RESET               startup_stm32f40_41xxx.o
    0x08000188   0x08000188   0x00000008   Code   RO         2898  * !!!main             c_w.l(__main.o)
    0x08000190   0x08000190   0x00000034   Code   RO         3205    !!!scatter          c_w.l(__scatter.o)
    0x080001c4   0x080001c4   0x0000001a   Code   RO         3207    !!handler_copy      c_w.l(__scatter_copy.o)
    0x080001de   0x080001de   0x00000002   PAD
    0x080001e0   0x080001e0   0x0000001c   Code   RO         3209    !!handler_zi        c_w.l(__scatter_zi.o)
    0x080001fc   0x080001fc   0x00000000   Code   RO         2891    .ARM.Collect$$_printf_percent$$00000000  c_w.l(_printf_percent.o)
    0x080001fc   0x080001fc   0x00000006   Code   RO         2890    .ARM.Collect$$_printf_percent$$00000009  c_w.l(_printf_d.o)
    0x08000202   0x08000202   0x00000006   Code   RO         2889    .ARM.Collect$$_printf_percent$$0000000C  c_w.l(_printf_x.o)
    0x08000208   0x08000208   0x00000004   Code   RO         2959    .ARM.Collect$$_printf_percent$$00000017  c_w.l(_printf_percent_end.o)
    0x0800020c   0x0800020c   0x00000002   Code   RO         3076    .ARM.Collect$$libinit$$00000000  c_w.l(libinit.o)
    0x0800020e   0x0800020e   0x00000004   Code   RO         3085    .ARM.Collect$$libinit$$00000001  c_w.l(libinit2.o)
    0x08000212   0x08000212   0x00000000   Code   RO         3088    .ARM.Collect$$libinit$$00000004  c_w.l(libinit2.o)
    0x08000212   0x08000212   0x00000000   Code   RO         3091    .ARM.Collect$$libinit$$0000000A  c_w.l(libinit2.o)
    0x08000212   0x08000212   0x00000000   Code   RO         3093    .ARM.Collect$$libinit$$0000000C  c_w.l(libinit2.o)
    0x08000212   0x08000212   0x00000000   Code   RO         3095    .ARM.Collect$$libinit$$0000000E  c_w.l(libinit2.o)
    0x08000212   0x08000212   0x00000000   Code   RO         3098    .ARM.Collect$$libinit$$00000011  c_w.l(libinit2.o)
    0x08000212   0x08000212   0x00000000   Code   RO         3100    .ARM.Collect$$libinit$$00000013  c_w.l(libinit2.o)
    0x08000212   0x08000212   0x00000000   Code   RO         3102    .ARM.Collect$$libinit$$00000015  c_w.l(libinit2.o)
    0x08000212   0x08000212   0x00000000   Code   RO         3104    .ARM.Collect$$libinit$$00000017  c_w.l(libinit2.o)
    0x08000212   0x08000212   0x00000000   Code   RO         3106    .ARM.Collect$$libinit$$00000019  c_w.l(libinit2.o)
    0x08000212   0x08000212   0x00000000   Code   RO         3108    .ARM.Collect$$libinit$$0000001B  c_w.l(libinit2.o)
    0x08000212   0x08000212   0x00000000   Code   RO         3110    .ARM.Collect$$libinit$$0000001D  c_w.l(libinit2.o)
    0x08000212   0x08000212   0x00000000   Code   RO         3112    .ARM.Collect$$libinit$$0000001F  c_w.l(libinit2.o)
    0x08000212   0x08000212   0x00000000   Code   RO         3114    .ARM.Collect$$libinit$$00000021  c_w.l(libinit2.o)
    0x08000212   0x08000212   0x00000000   Code   RO         3116    .ARM.Collect$$libinit$$00000023  c_w.l(libinit2.o)
    0x08000212   0x08000212   0x00000000   Code   RO         3118    .ARM.Collect$$libinit$$00000025  c_w.l(libinit2.o)
    0x08000212   0x08000212   0x00000000   Code   RO         3122    .ARM.Collect$$libinit$$0000002C  c_w.l(libinit2.o)
    0x08000212   0x08000212   0x00000000   Code   RO         3124    .ARM.Collect$$libinit$$0000002E  c_w.l(libinit2.o)
    0x08000212   0x08000212   0x00000000   Code   RO         3126    .ARM.Collect$$libinit$$00000030  c_w.l(libinit2.o)
    0x08000212   0x08000212   0x00000000   Code   RO         3128    .ARM.Collect$$libinit$$00000032  c_w.l(libinit2.o)
    0x08000212   0x08000212   0x00000002   Code   RO         3129    .ARM.Collect$$libinit$$00000033  c_w.l(libinit2.o)
    0x08000214   0x08000214   0x00000002   Code   RO         3157    .ARM.Collect$$libshutdown$$00000000  c_w.l(libshutdown.o)
    0x08000216   0x08000216   0x00000000   Code   RO         3171    .ARM.Collect$$libshutdown$$00000002  c_w.l(libshutdown2.o)
    0x08000216   0x08000216   0x00000000   Code   RO         3173    .ARM.Collect$$libshutdown$$00000004  c_w.l(libshutdown2.o)
    0x08000216   0x08000216   0x00000000   Code   RO         3176    .ARM.Collect$$libshutdown$$00000007  c_w.l(libshutdown2.o)
    0x08000216   0x08000216   0x00000000   Code   RO         3179    .ARM.Collect$$libshutdown$$0000000A  c_w.l(libshutdown2.o)
    0x08000216   0x08000216   0x00000000   Code   RO         3181    .ARM.Collect$$libshutdown$$0000000C  c_w.l(libshutdown2.o)
    0x08000216   0x08000216   0x00000000   Code   RO         3184    .ARM.Collect$$libshutdown$$0000000F  c_w.l(libshutdown2.o)
    0x08000216   0x08000216   0x00000002   Code   RO         3185    .ARM.Collect$$libshutdown$$00000010  c_w.l(libshutdown2.o)
    0x08000218   0x08000218   0x00000000   Code   RO         2950    .ARM.Collect$$rtentry$$00000000  c_w.l(__rtentry.o)
    0x08000218   0x08000218   0x00000000   Code   RO         3025    .ARM.Collect$$rtentry$$00000002  c_w.l(__rtentry2.o)
    0x08000218   0x08000218   0x00000006   Code   RO         3037    .ARM.Collect$$rtentry$$00000004  c_w.l(__rtentry4.o)
    0x0800021e   0x0800021e   0x00000000   Code   RO         3027    .ARM.Collect$$rtentry$$00000009  c_w.l(__rtentry2.o)
    0x0800021e   0x0800021e   0x00000004   Code   RO         3028    .ARM.Collect$$rtentry$$0000000A  c_w.l(__rtentry2.o)
    0x08000222   0x08000222   0x00000000   Code   RO         3030    .ARM.Collect$$rtentry$$0000000C  c_w.l(__rtentry2.o)
    0x08000222   0x08000222   0x00000008   Code   RO         3031    .ARM.Collect$$rtentry$$0000000D  c_w.l(__rtentry2.o)
    0x0800022a   0x0800022a   0x00000002   Code   RO         3079    .ARM.Collect$$rtexit$$00000000  c_w.l(rtexit.o)
    0x0800022c   0x0800022c   0x00000000   Code   RO         3131    .ARM.Collect$$rtexit$$00000002  c_w.l(rtexit2.o)
    0x0800022c   0x0800022c   0x00000004   Code   RO         3132    .ARM.Collect$$rtexit$$00000003  c_w.l(rtexit2.o)
    0x08000230   0x08000230   0x00000006   Code   RO         3133    .ARM.Collect$$rtexit$$00000004  c_w.l(rtexit2.o)
    0x08000236   0x08000236   0x00000002   PAD
    0x08000238   0x08000238   0x00000040   Code   RO          943    .text               startup_stm32f40_41xxx.o
    0x08000278   0x08000278   0x00000002   Code   RO         2834    .text               c_w.l(use_no_semi_2.o)
    0x0800027a   0x0800027a   0x00000048   Code   RO         2836    .text               c_w.l(llsdiv.o)
    0x080002c2   0x080002c2   0x00000002   PAD
    0x080002c4   0x080002c4   0x00000018   Code   RO         2840    .text               c_w.l(noretval__2printf.o)
    0x080002dc   0x080002dc   0x0000004e   Code   RO         2844    .text               c_w.l(_printf_pad.o)
    0x0800032a   0x0800032a   0x00000002   PAD
    0x0800032c   0x0800032c   0x00000078   Code   RO         2846    .text               c_w.l(_printf_dec.o)
    0x080003a4   0x080003a4   0x00000058   Code   RO         2851    .text               c_w.l(_printf_hex_int.o)
    0x080003fc   0x080003fc   0x00000138   Code   RO         2881    .text               c_w.l(__printf_flags_wp.o)
    0x08000534   0x08000534   0x00000058   Code   RO         2892    .text               c_w.l(memcmp.o)
    0x0800058c   0x0800058c   0x00000010   Code   RO         2894    .text               c_w.l(aeabi_memset.o)
    0x0800059c   0x0800059c   0x00000006   Code   RO         2896    .text               c_w.l(heapauxi.o)
    0x080005a2   0x080005a2   0x00000002   Code   RO         2948    .text               c_w.l(use_no_semi.o)
    0x080005a4   0x080005a4   0x000000ee   Code   RO         2951    .text               c_w.l(lludivv7m.o)
    0x08000692   0x08000692   0x000000b2   Code   RO         2955    .text               c_w.l(_printf_intcommon.o)
    0x08000744   0x08000744   0x00000024   Code   RO         2957    .text               c_w.l(_printf_char_file.o)
    0x08000768   0x08000768   0x00000044   Code   RO         2960    .text               c_w.l(rt_memclr.o)
    0x080007ac   0x080007ac   0x00000030   Code   RO         3048    .text               c_w.l(_printf_char_common.o)
    0x080007dc   0x080007dc   0x00000008   Code   RO         3050    .text               c_w.l(ferror.o)
    0x080007e4   0x080007e4   0x0000004e   Code   RO         3054    .text               c_w.l(rt_memclr_w.o)
    0x08000832   0x08000832   0x00000002   PAD
    0x08000834   0x08000834   0x00000008   Code   RO         3060    .text               c_w.l(libspace.o)
    0x0800083c   0x0800083c   0x0000004a   Code   RO         3063    .text               c_w.l(sys_stackheap_outer.o)
    0x08000886   0x08000886   0x00000012   Code   RO         3069    .text               c_w.l(exit.o)
    0x08000898   0x08000898   0x00000004   Code   RO          169    i.BusFault_Handler  stm32f4xx_it.o
    0x0800089c   0x0800089c   0x00000002   Code   RO          170    i.DebugMon_Handler  stm32f4xx_it.o
    0x0800089e   0x0800089e   0x00000090   Code   RO          994    i.GPIO_Init         stm32f4xx_gpio.o
    0x0800092e   0x0800092e   0x00000046   Code   RO          995    i.GPIO_PinAFConfig  stm32f4xx_gpio.o
    0x08000974   0x08000974   0x00000004   Code   RO         1001    i.GPIO_ResetBits    stm32f4xx_gpio.o
    0x08000978   0x08000978   0x00000004   Code   RO         1002    i.GPIO_SetBits      stm32f4xx_gpio.o
    0x0800097c   0x0800097c   0x00000004   Code   RO          171    i.HardFault_Handler  stm32f4xx_it.o
    0x08000980   0x08000980   0x00000050   Code   RO          724    i.IIC_Ack           myiic.o
    0x080009d0   0x080009d0   0x0000004c   Code   RO          726    i.IIC_Init          myiic.o
    0x08000a1c   0x08000a1c   0x00000050   Code   RO          727    i.IIC_NAck          myiic.o
    0x08000a6c   0x08000a6c   0x0000006c   Code   RO          728    i.IIC_Read_Byte     myiic.o
    0x08000ad8   0x08000ad8   0x00000068   Code   RO          729    i.IIC_Send_Byte     myiic.o
    0x08000b40   0x08000b40   0x0000004c   Code   RO          732    i.IIC_Start         myiic.o
    0x08000b8c   0x08000b8c   0x0000004c   Code   RO          733    i.IIC_Stop          myiic.o
    0x08000bd8   0x08000bd8   0x00000074   Code   RO          734    i.IIC_Wait_Ack      myiic.o
    0x08000c4c   0x08000c4c   0x00000040   Code   RO          378    i.LED_Init          led.o
    0x08000c8c   0x08000c8c   0x00000248   Code   RO          575    i.MPU9250_Init      mpu9250.o
    0x08000ed4   0x08000ed4   0x0000014c   Code   RO          576    i.MPU_DMP_Init      mpu9250.o
    0x08001020   0x08001020   0x00000048   Code   RO          583    i.MPU_Read_Byte     mpu9250.o
    0x08001068   0x08001068   0x00000074   Code   RO          584    i.MPU_Read_Len      mpu9250.o
    0x080010dc   0x080010dc   0x00000012   Code   RO          585    i.MPU_Set_Accel_Fsr  mpu9250.o
    0x080010ee   0x080010ee   0x00000012   Code   RO          586    i.MPU_Set_Gyro_Fsr  mpu9250.o
    0x08001100   0x08001100   0x0000003c   Code   RO          587    i.MPU_Set_LPF       mpu9250.o
    0x0800113c   0x0800113c   0x0000003c   Code   RO          588    i.MPU_Set_Rate      mpu9250.o
    0x08001178   0x08001178   0x0000004c   Code   RO          589    i.MPU_Write_Byte    mpu9250.o
    0x080011c4   0x080011c4   0x00000060   Code   RO          590    i.MPU_Write_Len     mpu9250.o
    0x08001224   0x08001224   0x00000004   Code   RO          172    i.MemManage_Handler  stm32f4xx_it.o
    0x08001228   0x08001228   0x00000002   Code   RO          173    i.NMI_Handler       stm32f4xx_it.o
    0x0800122a   0x0800122a   0x00000002   PAD
    0x0800122c   0x0800122c   0x00000078   Code   RO          949    i.NVIC_Init         misc.o
    0x080012a4   0x080012a4   0x00000014   Code   RO          950    i.NVIC_PriorityGroupConfig  misc.o
    0x080012b8   0x080012b8   0x00000040   Code   RO          486    i.OLED_Clear        oled.o
    0x080012f8   0x080012f8   0x0000014c   Code   RO          489    i.OLED_Init         oled.o
    0x08001444   0x08001444   0x0000002e   Code   RO          490    i.OLED_Set_Pos      oled.o
    0x08001472   0x08001472   0x00000002   PAD
    0x08001474   0x08001474   0x00000070   Code   RO          492    i.OLED_ShowChar     oled.o
    0x080014e4   0x080014e4   0x00000074   Code   RO          493    i.OLED_ShowNum      oled.o
    0x08001558   0x08001558   0x00000036   Code   RO          494    i.OLED_ShowString   oled.o
    0x0800158e   0x0800158e   0x00000002   PAD
    0x08001590   0x08001590   0x00000060   Code   RO          495    i.OLED_WR_Byte      oled.o
    0x080015f0   0x080015f0   0x00000002   Code   RO          174    i.PendSV_Handler    stm32f4xx_it.o
    0x080015f2   0x080015f2   0x00000002   PAD
    0x080015f4   0x080015f4   0x00000020   Code   RO         1091    i.RCC_AHB1PeriphClockCmd  stm32f4xx_rcc.o
    0x08001614   0x08001614   0x00000020   Code   RO         1100    i.RCC_APB1PeriphClockCmd  stm32f4xx_rcc.o
    0x08001634   0x08001634   0x00000020   Code   RO         1103    i.RCC_APB2PeriphClockCmd  stm32f4xx_rcc.o
    0x08001654   0x08001654   0x000000e8   Code   RO         1112    i.RCC_GetClocksFreq  stm32f4xx_rcc.o
    0x0800173c   0x0800173c   0x00000002   Code   RO          175    i.SVC_Handler       stm32f4xx_it.o
    0x0800173e   0x0800173e   0x00000002   PAD
    0x08001740   0x08001740   0x000000ec   Code   RO          341    i.SetSysClock       system_stm32f4xx.o
    0x0800182c   0x0800182c   0x00000028   Code   RO          953    i.SysTick_CLKSourceConfig  misc.o
    0x08001854   0x08001854   0x00000002   Code   RO          176    i.SysTick_Handler   stm32f4xx_it.o
    0x08001856   0x08001856   0x00000002   PAD
    0x08001858   0x08001858   0x00000068   Code   RO          343    i.SystemInit        system_stm32f4xx.o
    0x080018c0   0x080018c0   0x00000024   Code   RO          803    i.TIM3_IRQHandler   timer.o
    0x080018e4   0x080018e4   0x0000005c   Code   RO          804    i.TIM3_Int_Init     timer.o
    0x08001940   0x08001940   0x00000006   Code   RO         1680    i.TIM_ClearITPendingBit  stm32f4xx_tim.o
    0x08001946   0x08001946   0x00000018   Code   RO         1685    i.TIM_Cmd           stm32f4xx_tim.o
    0x0800195e   0x0800195e   0x00000022   Code   RO         1706    i.TIM_GetITStatus   stm32f4xx_tim.o
    0x08001980   0x08001980   0x00000012   Code   RO         1710    i.TIM_ITConfig      stm32f4xx_tim.o
    0x08001992   0x08001992   0x00000002   PAD
    0x08001994   0x08001994   0x00000084   Code   RO         1757    i.TIM_TimeBaseInit  stm32f4xx_tim.o
    0x08001a18   0x08001a18   0x00000088   Code   RO          893    i.USART1_IRQHandler  usart.o
    0x08001aa0   0x08001aa0   0x00000018   Code   RO         1485    i.USART_Cmd         stm32f4xx_usart.o
    0x08001ab8   0x08001ab8   0x00000054   Code   RO         1489    i.USART_GetITStatus  stm32f4xx_usart.o
    0x08001b0c   0x08001b0c   0x0000004a   Code   RO         1491    i.USART_ITConfig    stm32f4xx_usart.o
    0x08001b56   0x08001b56   0x00000002   PAD
    0x08001b58   0x08001b58   0x000000d4   Code   RO         1492    i.USART_Init        stm32f4xx_usart.o
    0x08001c2c   0x08001c2c   0x0000000a   Code   RO         1499    i.USART_ReceiveData  stm32f4xx_usart.o
    0x08001c36   0x08001c36   0x00000004   Code   RO          177    i.UsageFault_Handler  stm32f4xx_it.o
    0x08001c3a   0x08001c3a   0x0000000e   Code   RO         2879    i._is_digit         c_w.l(__printf_wp.o)
    0x08001c48   0x08001c48   0x00000006   Code   RO          894    i._sys_exit         usart.o
    0x08001c4e   0x08001c4e   0x00000002   PAD
    0x08001c50   0x08001c50   0x0000003c   Code   RO          835    i.delay_init        delay.o
    0x08001c8c   0x08001c8c   0x00000038   Code   RO          836    i.delay_ms          delay.o
    0x08001cc4   0x08001cc4   0x0000004c   Code   RO          837    i.delay_us          delay.o
    0x08001d10   0x08001d10   0x0000004c   Code   RO          838    i.delay_xms         delay.o
    0x08001d5c   0x08001d5c   0x0000003c   Code   RO         2645    i.dmp_enable_6x_lp_quat  inv_mpu_dmp_motion_driver.o
    0x08001d98   0x08001d98   0x0000021c   Code   RO         2646    i.dmp_enable_feature  inv_mpu_dmp_motion_driver.o
    0x08001fb4   0x08001fb4   0x00000058   Code   RO         2647    i.dmp_enable_gyro_cal  inv_mpu_dmp_motion_driver.o
    0x0800200c   0x0800200c   0x0000003c   Code   RO         2648    i.dmp_enable_lp_quat  inv_mpu_dmp_motion_driver.o
    0x08002048   0x08002048   0x00000018   Code   RO         2653    i.dmp_load_motion_driver_firmware  inv_mpu_dmp_motion_driver.o
    0x08002060   0x08002060   0x00000130   Code   RO         2657    i.dmp_set_accel_bias  inv_mpu_dmp_motion_driver.o
    0x08002190   0x08002190   0x00000070   Code   RO         2658    i.dmp_set_fifo_rate  inv_mpu_dmp_motion_driver.o
    0x08002200   0x08002200   0x00000130   Code   RO         2659    i.dmp_set_gyro_bias  inv_mpu_dmp_motion_driver.o
    0x08002330   0x08002330   0x00000138   Code   RO         2661    i.dmp_set_orientation  inv_mpu_dmp_motion_driver.o
    0x08002468   0x08002468   0x00000038   Code   RO         2664    i.dmp_set_shake_reject_thresh  inv_mpu_dmp_motion_driver.o
    0x080024a0   0x080024a0   0x00000026   Code   RO         2665    i.dmp_set_shake_reject_time  inv_mpu_dmp_motion_driver.o
    0x080024c6   0x080024c6   0x00000026   Code   RO         2666    i.dmp_set_shake_reject_timeout  inv_mpu_dmp_motion_driver.o
    0x080024ec   0x080024ec   0x00000046   Code   RO         2667    i.dmp_set_tap_axes  inv_mpu_dmp_motion_driver.o
    0x08002532   0x08002532   0x00000026   Code   RO         2668    i.dmp_set_tap_count  inv_mpu_dmp_motion_driver.o
    0x08002558   0x08002558   0x000001c0   Code   RO         2669    i.dmp_set_tap_thresh  inv_mpu_dmp_motion_driver.o
    0x08002718   0x08002718   0x00000026   Code   RO         2670    i.dmp_set_tap_time  inv_mpu_dmp_motion_driver.o
    0x0800273e   0x0800273e   0x00000026   Code   RO         2671    i.dmp_set_tap_time_multi  inv_mpu_dmp_motion_driver.o
    0x08002764   0x08002764   0x0000001c   Code   RO          895    i.fputc             usart.o
    0x08002780   0x08002780   0x00000470   Code   RO         2363    i.get_st_biases     inv_mpu.o
    0x08002bf0   0x08002bf0   0x00000028   Code   RO          591    i.inv_orientation_matrix_to_scalar  mpu9250.o
    0x08002c18   0x08002c18   0x0000004e   Code   RO          592    i.inv_row_2_scale   mpu9250.o
    0x08002c66   0x08002c66   0x00000002   PAD
    0x08002c68   0x08002c68   0x0000025c   Code   RO            3    i.main              main.o
    0x08002ec4   0x08002ec4   0x00000070   Code   RO         2364    i.mpu_configure_fifo  inv_mpu.o
    0x08002f34   0x08002f34   0x0000004c   Code   RO         2365    i.mpu_get_accel_fsr  inv_mpu.o
    0x08002f80   0x08002f80   0x00000054   Code   RO         2367    i.mpu_get_accel_sens  inv_mpu.o
    0x08002fd4   0x08002fd4   0x00000010   Code   RO         2372    i.mpu_get_fifo_config  inv_mpu.o
    0x08002fe4   0x08002fe4   0x00000044   Code   RO         2373    i.mpu_get_gyro_fsr  inv_mpu.o
    0x08003028   0x08003028   0x00000060   Code   RO         2375    i.mpu_get_gyro_sens  inv_mpu.o
    0x08003088   0x08003088   0x00000050   Code   RO         2377    i.mpu_get_lpf       inv_mpu.o
    0x080030d8   0x080030d8   0x00000020   Code   RO         2379    i.mpu_get_sample_rate  inv_mpu.o
    0x080030f8   0x080030f8   0x00000124   Code   RO         2381    i.mpu_init          inv_mpu.o
    0x0800321c   0x0800321c   0x000000b8   Code   RO         2382    i.mpu_load_firmware  inv_mpu.o
    0x080032d4   0x080032d4   0x0000011c   Code   RO         2383    i.mpu_lp_accel_mode  inv_mpu.o
    0x080033f0   0x080033f0   0x00000080   Code   RO         2387    i.mpu_read_mem      inv_mpu.o
    0x08003470   0x08003470   0x000001c8   Code   RO         2390    i.mpu_reset_fifo    inv_mpu.o
    0x08003638   0x08003638   0x000000ac   Code   RO         2391    i.mpu_run_self_test  inv_mpu.o
    0x080036e4   0x080036e4   0x00000084   Code   RO         2393    i.mpu_set_accel_fsr  inv_mpu.o
    0x08003768   0x08003768   0x0000014c   Code   RO         2394    i.mpu_set_bypass    inv_mpu.o
    0x080038b4   0x080038b4   0x00000060   Code   RO         2395    i.mpu_set_compass_sample_rate  inv_mpu.o
    0x08003914   0x08003914   0x00000090   Code   RO         2396    i.mpu_set_dmp_state  inv_mpu.o
    0x080039a4   0x080039a4   0x00000088   Code   RO         2397    i.mpu_set_gyro_fsr  inv_mpu.o
    0x08003a2c   0x08003a2c   0x0000006c   Code   RO         2398    i.mpu_set_int_latched  inv_mpu.o
    0x08003a98   0x08003a98   0x00000084   Code   RO         2400    i.mpu_set_lpf       inv_mpu.o
    0x08003b1c   0x08003b1c   0x000000b4   Code   RO         2401    i.mpu_set_sample_rate  inv_mpu.o
    0x08003bd0   0x08003bd0   0x00000168   Code   RO         2402    i.mpu_set_sensors   inv_mpu.o
    0x08003d38   0x08003d38   0x00000080   Code   RO         2403    i.mpu_write_mem     inv_mpu.o
    0x08003db8   0x08003db8   0x00000016   Code   RO          496    i.oled_pow          oled.o
    0x08003dce   0x08003dce   0x00000002   PAD
    0x08003dd0   0x08003dd0   0x000000e8   Code   RO          593    i.run_self_test     mpu9250.o
    0x08003eb8   0x08003eb8   0x00000090   Code   RO         2404    i.set_int_enable    inv_mpu.o
    0x08003f48   0x08003f48   0x00000254   Code   RO         2405    i.setup_compass     inv_mpu.o
    0x0800419c   0x0800419c   0x000000ac   Code   RO          896    i.uart_init         usart.o
    0x08004248   0x08004248   0x0000000a   Code   RO         3145    x$fpl$fpinit        fz_wm.l(fpinit.o)
    0x08004252   0x08004252   0x000007f0   Data   RO          497    .constdata          oled.o
    0x08004a42   0x08004a42   0x00000002   PAD
    0x08004a44   0x08004a44   0x00000060   Data   RO         2406    .constdata          inv_mpu.o
    0x08004aa4   0x08004aa4   0x00000bf6   Data   RO         2673    .constdata          inv_mpu_dmp_motion_driver.o
    0x0800569a   0x0800569a   0x00000028   Data   RO         2852    .constdata          c_w.l(_printf_hex_int.o)
    0x080056c2   0x080056c2   0x00000011   Data   RO         2882    .constdata          c_w.l(__printf_flags_wp.o)
    0x080056d3   0x080056d3   0x00000001   PAD
    0x080056d4   0x080056d4   0x00000020   Data   RO         3203    Region$$Table       anon$$obj.o


    Execution Region RW_IRAM1 (Exec base: 0x20000000, Load base: 0x080056f4, Size: 0x000007d0, Max: 0x00020000, ABSOLUTE)

    Exec Addr    Load Addr    Size         Type   Attr      Idx    E Section Name        Object

    0x20000000   0x080056f4   0x0000003f   Data   RW          595    .data               mpu9250.o
    0x2000003f   0x08005733   0x00000001   Data   RW          805    .data               timer.o
    0x20000040   0x08005734   0x00000004   Data   RW          839    .data               delay.o
    0x20000044   0x08005738   0x00000006   Data   RW          898    .data               usart.o
    0x2000004a   0x0800573e   0x00000010   Data   RW         1144    .data               stm32f4xx_rcc.o
    0x2000005a   0x0800574e   0x00000002   PAD
    0x2000005c   0x08005750   0x00000038   Data   RW         2407    .data               inv_mpu.o
    0x20000094        -       0x000000c8   Zero   RW          897    .bss                usart.o
    0x2000015c        -       0x00000010   Zero   RW         2672    .bss                inv_mpu_dmp_motion_driver.o
    0x2000016c        -       0x00000060   Zero   RW         3061    .bss                c_w.l(libspace.o)
    0x200001cc   0x08005788   0x00000004   PAD
    0x200001d0        -       0x00000200   Zero   RW          941    HEAP                startup_stm32f40_41xxx.o
    0x200003d0        -       0x00000400   Zero   RW          940    STACK               startup_stm32f40_41xxx.o


==============================================================================

Image component sizes


      Code (inc. data)   RO Data    RW Data    ZI Data      Debug   Object Name

       268         16          0          4          0       2527   delay.o
      5704        196         96         56          0      26526   inv_mpu.o
      2568        128       3062          0         16      19194   inv_mpu_dmp_motion_driver.o
        64          4          0          0          0     229699   led.o
       604        194          0          0          0     232879   main.o
       180         24          0          0          0       2081   misc.o
      1782        576          0         63          0      10322   mpu9250.o
       716        124          0          0          0       4594   myiic.o
       842         14       2032          0          0       6055   oled.o
        64         26        392          0       1536        848   startup_stm32f40_41xxx.o
       222          0          0          0          0       2875   stm32f4xx_gpio.o
        26          0          0          0          0      51978   stm32f4xx_it.o
       328         36          0         16          0       4623   stm32f4xx_rcc.o
       214         28          0          0          0       3670   stm32f4xx_tim.o
       404          8          0          0          0       4262   stm32f4xx_usart.o
       340         32          0          0          0       1473   system_stm32f4xx.o
       128         12          0          1          0       1478   timer.o
       342         28          0          6        200       4304   usart.o

    ----------------------------------------------------------------------
     14818       1446       5616        148       1752     609388   Object Totals
         0          0         32          0          0          0   (incl. Generated)
        22          0          2          2          0          0   (incl. Padding)

    ----------------------------------------------------------------------

      Code (inc. data)   RO Data    RW Data    ZI Data      Debug   Library Member Name

         8          0          0          0          0         68   __main.o
       312          4         17          0          0         92   __printf_flags_wp.o
        14          0          0          0          0         68   __printf_wp.o
         0          0          0          0          0          0   __rtentry.o
        12          0          0          0          0          0   __rtentry2.o
         6          0          0          0          0          0   __rtentry4.o
        52          8          0          0          0          0   __scatter.o
        26          0          0          0          0          0   __scatter_copy.o
        28          0          0          0          0          0   __scatter_zi.o
        48          6          0          0          0         96   _printf_char_common.o
        36          4          0          0          0         80   _printf_char_file.o
         6          0          0          0          0          0   _printf_d.o
       120         16          0          0          0         92   _printf_dec.o
        88          4         40          0          0         88   _printf_hex_int.o
       178          0          0          0          0         88   _printf_intcommon.o
        78          0          0          0          0        108   _printf_pad.o
         0          0          0          0          0          0   _printf_percent.o
         4          0          0          0          0          0   _printf_percent_end.o
         6          0          0          0          0          0   _printf_x.o
        16          0          0          0          0         68   aeabi_memset.o
        18          0          0          0          0         80   exit.o
         8          0          0          0          0         68   ferror.o
         6          0          0          0          0        152   heapauxi.o
         2          0          0          0          0          0   libinit.o
         6          0          0          0          0          0   libinit2.o
         2          0          0          0          0          0   libshutdown.o
         2          0          0          0          0          0   libshutdown2.o
         8          4          0          0         96         68   libspace.o
        72          0          0          0          0         76   llsdiv.o
       238          0          0          0          0        100   lludivv7m.o
        88          0          0          0          0         76   memcmp.o
        24          4          0          0          0         84   noretval__2printf.o
        68          0          0          0          0         68   rt_memclr.o
        78          0          0          0          0         80   rt_memclr_w.o
         2          0          0          0          0          0   rtexit.o
        10          0          0          0          0          0   rtexit2.o
        74          0          0          0          0         80   sys_stackheap_outer.o
         2          0          0          0          0         68   use_no_semi.o
         2          0          0          0          0         68   use_no_semi_2.o
        10          0          0          0          0        116   fpinit.o

    ----------------------------------------------------------------------
      1768         50         58          0        100       2032   Library Totals
        10          0          1          0          4          0   (incl. Padding)

    ----------------------------------------------------------------------

      Code (inc. data)   RO Data    RW Data    ZI Data      Debug   Library Name

      1748         50         57          0         96       1916   c_w.l
        10          0          0          0          0        116   fz_wm.l

    ----------------------------------------------------------------------
      1768         50         58          0        100       2032   Library Totals

    ----------------------------------------------------------------------

==============================================================================


      Code (inc. data)   RO Data    RW Data    ZI Data      Debug   

     16586       1496       5674        148       1852     599332   Grand Totals
     16586       1496       5674        148       1852     599332   ELF Image Totals
     16586       1496       5674        148          0          0   ROM Totals

==============================================================================

    Total RO  Size (Code + RO Data)                22260 (  21.74kB)
    Total RW  Size (RW Data + ZI Data)              2000 (   1.95kB)
    Total ROM Size (Code + RO Data + RW Data)      22408 (  21.88kB)

==============================================================================

