Component: ARM Compiler 5.06 update 6 (build 750) Tool: armlink [4d35ed]

==============================================================================

Section Cross References

    main.o(.text) refers to _printf_pad.o(.text) for _printf_pre_padding
    main.o(.text) refers to _printf_percent.o(.ARM.Collect$$_printf_percent$$00000000) for _printf_percent
    main.o(.text) refers to _printf_f.o(.ARM.Collect$$_printf_percent$$00000003) for _printf_f
    main.o(.text) refers to printf1.o(x$fpl$printf1) for _printf_fp_dec
    main.o(.text) refers to usart.o(.text) for uart_init
    main.o(.text) refers to noretval__2printf.o(.text) for __2printf
    main.o(.text) refers to misc.o(.text) for NVIC_PriorityGroupConfig
    main.o(.text) refers to delay.o(.text) for delay_init
    main.o(.text) refers to led.o(.text) for LED_Init
    main.o(.text) refers to timer.o(.text) for TIM3_Int_Init
    main.o(.text) refers to mpu9250.o(.text) for MPU9250_Init
    main.o(.text) refers to f2d.o(x$fpl$f2d) for __aeabi_f2d
    main.o(.text) refers to timer.o(.data) for TIMER3_10ms_Ticktock_FLAG
    main.o(.text) refers to mpu9250.o(.data) for Pitch
    system_stm32f4xx.o(.text) refers to system_stm32f4xx.o(.data) for SystemCoreClock
    led.o(.text) refers to stm32f4xx_rcc.o(.text) for RCC_AHB1PeriphClockCmd
    led.o(.text) refers to stm32f4xx_gpio.o(.text) for GPIO_Init
    key.o(.text) refers to stm32f4xx_rcc.o(.text) for RCC_AHB1PeriphClockCmd
    key.o(.text) refers to stm32f4xx_gpio.o(.text) for GPIO_Init
    key.o(.text) refers to delay.o(.text) for delay_ms
    key.o(.text) refers to key.o(.data) for key_up
    myiic.o(.text) refers to _printf_percent.o(.ARM.Collect$$_printf_percent$$00000000) for _printf_percent
    myiic.o(.text) refers to _printf_x.o(.ARM.Collect$$_printf_percent$$0000000C) for _printf_x
    myiic.o(.text) refers to _printf_hex_int.o(.text) for _printf_longlong_hex
    myiic.o(.text) refers to stm32f4xx_rcc.o(.text) for RCC_AHB1PeriphClockCmd
    myiic.o(.text) refers to stm32f4xx_gpio.o(.text) for GPIO_Init
    myiic.o(.text) refers to delay.o(.text) for delay_us
    myiic.o(.text) refers to noretval__2printf.o(.text) for __2printf
    myiic.o(.text) refers to mpu9250.o(.text) for MPU_Read_Byte
    mpu9250.o(.text) refers to _printf_pad.o(.text) for _printf_pre_padding
    mpu9250.o(.text) refers to _printf_percent.o(.ARM.Collect$$_printf_percent$$00000000) for _printf_percent
    mpu9250.o(.text) refers to _printf_x.o(.ARM.Collect$$_printf_percent$$0000000C) for _printf_x
    mpu9250.o(.text) refers to _printf_hex_int.o(.text) for _printf_longlong_hex
    mpu9250.o(.text) refers to _printf_d.o(.ARM.Collect$$_printf_percent$$00000009) for _printf_d
    mpu9250.o(.text) refers to _printf_dec.o(.text) for _printf_int_dec
    mpu9250.o(.text) refers to inv_mpu.o(.text) for mpu_run_self_test
    mpu9250.o(.text) refers to inv_mpu_dmp_motion_driver.o(.text) for dmp_set_gyro_bias
    mpu9250.o(.text) refers to noretval__2printf.o(.text) for __2printf
    mpu9250.o(.text) refers to f2d.o(x$fpl$f2d) for __aeabi_f2d
    mpu9250.o(.text) refers to asin.o(i.__hardfp_asin) for __hardfp_asin
    mpu9250.o(.text) refers to dmul.o(x$fpl$dmul) for __aeabi_dmul
    mpu9250.o(.text) refers to daddsub_clz.o(x$fpl$dadd) for __aeabi_dadd
    mpu9250.o(.text) refers to d2f.o(x$fpl$d2f) for __aeabi_d2f
    mpu9250.o(.text) refers to atan2.o(i.__hardfp_atan2) for __hardfp_atan2
    mpu9250.o(.text) refers to myiic.o(.text) for IIC_Start
    mpu9250.o(.text) refers to mpu9250.o(.data) for gyro_orientation
    mpu9250.o(.text) refers to mpu9250.o(.bss) for quat
    mpu9250.o(.text) refers to delay.o(.text) for delay_ms
    mpu9250.o(.text) refers to dflt_clz.o(x$fpl$dflt) for __aeabi_i2d
    mpu9250.o(.text) refers to ddiv.o(x$fpl$ddiv) for __aeabi_ddiv
    timer.o(.text) refers to stm32f4xx_rcc.o(.text) for RCC_APB1PeriphClockCmd
    timer.o(.text) refers to stm32f4xx_tim.o(.text) for TIM_TimeBaseInit
    timer.o(.text) refers to misc.o(.text) for NVIC_Init
    timer.o(.text) refers to timer.o(.data) for TIMER3_10ms_Ticktock_FLAG
    delay.o(.text) refers to misc.o(.text) for SysTick_CLKSourceConfig
    delay.o(.text) refers to delay.o(.data) for fac_us
    sys.o(.text) refers to system_stm32f4xx.o(.data) for SystemCoreClock
    sys.o(.text) refers to sys.o(.data) for sysFlag
    usart.o(.rev16_text) refers (Special) to use_no_semi_2.o(.text) for __use_no_semihosting
    usart.o(.revsh_text) refers (Special) to use_no_semi_2.o(.text) for __use_no_semihosting
    usart.o(.text) refers (Special) to use_no_semi_2.o(.text) for __use_no_semihosting
    usart.o(.text) refers to stm32f4xx_rcc.o(.text) for RCC_AHB1PeriphClockCmd
    usart.o(.text) refers to stm32f4xx_gpio.o(.text) for GPIO_PinAFConfig
    usart.o(.text) refers to stm32f4xx_usart.o(.text) for USART_Init
    usart.o(.text) refers to misc.o(.text) for NVIC_Init
    usart.o(.text) refers to usart.o(.data) for USART_RX_STA
[...]
    .constdata                               0x08009808   Section      152  atan.o(.constdata)
    atanhi                                   0x08009808   Data          32  atan.o(.constdata)
    atanlo                                   0x08009828   Data          32  atan.o(.constdata)
    aTodd                                    0x08009848   Data          40  atan.o(.constdata)
    aTeven                                   0x08009870   Data          48  atan.o(.constdata)
    .constdata                               0x080098a0   Section        8  qnan.o(.constdata)
    .constdata                               0x080098a8   Section      148  bigflt0.o(.constdata)
    tenpwrs_x                                0x080098a8   Data          60  bigflt0.o(.constdata)
    tenpwrs_i                                0x080098e4   Data          64  bigflt0.o(.constdata)
    locale$$data                             0x0800995c   Section       28  lc_numeric_c.o(locale$$data)
    __lcnum_c_name                           0x08009960   Data           2  lc_numeric_c.o(locale$$data)
    __lcnum_c_start                          0x08009968   Data           0  lc_numeric_c.o(locale$$data)
    __lcnum_c_point                          0x08009974   Data           0  lc_numeric_c.o(locale$$data)
    __lcnum_c_thousands                      0x08009976   Data           0  lc_numeric_c.o(locale$$data)
    __lcnum_c_grouping                       0x08009977   Data           0  lc_numeric_c.o(locale$$data)
    __lcnum_c_end                            0x08009978   Data           0  lc_numeric_c.o(locale$$data)
    .data                                    0x20000000   Section       20  system_stm32f4xx.o(.data)
    .data                                    0x20000014   Section       63  mpu9250.o(.data)
    gyro_orientation                         0x20000014   Data           9  mpu9250.o(.data)
    .data                                    0x20000053   Section        1  timer.o(.data)
    .data                                    0x20000054   Section        4  delay.o(.data)
    fac_us                                   0x20000054   Data           1  delay.o(.data)
    fac_ms                                   0x20000056   Data           2  delay.o(.data)
    .data                                    0x20000058   Section        4  sys.o(.data)
    .data                                    0x2000005c   Section        6  usart.o(.data)
    .data                                    0x20000062   Section       16  stm32f4xx_rcc.o(.data)
    APBAHBPrescTable                         0x20000062   Data          16  stm32f4xx_rcc.o(.data)
    .data                                    0x20000074   Section       56  inv_mpu.o(.data)
    st                                       0x20000074   Data          56  inv_mpu.o(.data)
    .bss                                     0x200000ac   Section       16  mpu9250.o(.bss)
    .bss                                     0x200000bc   Section      200  usart.o(.bss)
    .bss                                     0x20000184   Section       16  inv_mpu_dmp_motion_driver.o(.bss)
    dmp                                      0x20000184   Data          16  inv_mpu_dmp_motion_driver.o(.bss)
    .bss                                     0x20000194   Section       96  libspace.o(.bss)
    HEAP                                     0x200001f8   Section      512  startup_stm32f40_41xxx.o(HEAP)
    Heap_Mem                                 0x200001f8   Data         512  startup_stm32f40_41xxx.o(HEAP)
    STACK                                    0x200003f8   Section     1024  startup_stm32f40_41xxx.o(STACK)
    Stack_Mem                                0x200003f8   Data        1024  startup_stm32f40_41xxx.o(STACK)
    __initial_sp                             0x200007f8   Data           0  startup_stm32f40_41xxx.o(STACK)

    Global Symbols

    Symbol Name                              Value     Ov Type        Size  Object(Section)

    BuildAttributes$$THM_ISAv4$E$P$D$K$B$S$7EM$VFPi3$EXTD16$VFPS$VFMA$PE$A:L22UL41UL21$X:L11$S22US41US21$IEEE1$IW$USESV6$~STKCKD$USESV7$~SHL$OTIME$ROPI$IEEEX$EBA8$UX$STANDARDLIB$REQ8$PRES8$EABIv2 0x00000000   Number         0  anon$$obj.o ABSOLUTE
    __ARM_use_no_argv                        0x00000000   Number         0  main.o ABSOLUTE
    _printf_flags                            0x00000000   Number         0  printf_stubs.o ABSOLUTE
    _printf_return_value                     0x00000000   Number         0  printf_stubs.o ABSOLUTE
    _printf_sizespec                         0x00000000   Number         0  printf_stubs.o ABSOLUTE
    _printf_widthprec                        0x00000000   Number         0  printf_stubs.o ABSOLUTE
    __ARM_exceptions_init                     - Undefined Weak Reference
    __alloca_initialize                       - Undefined Weak Reference
    __arm_preinit_                            - Undefined Weak Reference
    __cpp_initialize__aeabi_                  - Undefined Weak Reference
    __cxa_finalize                            - Undefined Weak Reference
    __sigvec_lookup                           - Undefined Weak Reference
    _atexit_init                              - Undefined Weak Reference
    _call_atexit_fns                          - Undefined Weak Reference
    _clock_init                               - Undefined Weak Reference
    _fp_trap_init                             - Undefined Weak Reference
    _fp_trap_shutdown                         - Undefined Weak Reference
    _get_lc_collate                           - Undefined Weak Reference
    _get_lc_ctype                             - Undefined Weak Reference
    _get_lc_monetary                          - Undefined Weak Reference
    _get_lc_time                              - Undefined Weak Reference
    _getenv_init                              - Undefined Weak Reference
    _handle_redirection                       - Undefined Weak Reference
    _init_alloc                               - Undefined Weak Reference
    _init_user_alloc                          - Undefined Weak Reference
    _initio                                   - Undefined Weak Reference
    _mutex_acquire                            - Undefined Weak Reference
    _mutex_release                            - Undefined Weak Reference
    _printf_truncate_signed                   - Undefined Weak Reference
    _printf_truncate_unsigned                 - Undefined Weak Reference
    _rand_init                                - Undefined Weak Reference
    _signal_finish                            - Undefined Weak Reference
    _signal_init                              - Undefined Weak Reference
    _terminate_alloc                          - Undefined Weak Reference
    _terminate_user_alloc                     - Undefined Weak Reference
    _terminateio                              - Undefined Weak Reference
    __Vectors_Size                           0x00000188   Number         0  startup_stm32f40_41xxx.o ABSOLUTE
    __Vectors                                0x08000000   Data           4  startup_stm32f40_41xxx.o(RESET)
    __Vectors_End                            0x08000188   Data           0  startup_stm32f40_41xxx.o(RESET)
    __main                                   0x08000189   Thumb Code     8  __main.o(!!!main)
    __scatterload                            0x08000191   Thumb Code     0  __scatter.o(!!!scatter)
    __scatterload_rt2                        0x08000191   Thumb Code    44  __scatter.o(!!!scatter)
    __scatterload_rt2_thumb_only             0x08000191   Thumb Code     0  __scatter.o(!!!scatter)
    __scatterload_null                       0x0800019f   Thumb Code     0  __scatter.o(!!!scatter)
    __scatterload_copy                       0x080001c5   Thumb Code    26  __scatter_copy.o(!!handler_copy)
    __scatterload_zeroinit                   0x080001e1   Thumb Code    28  __scatter_zi.o(!!handler_zi)
    _printf_f                                0x080001fd   Thumb Code     0  _printf_f.o(.ARM.Collect$$_printf_percent$$00000003)
    _printf_percent                          0x080001fd   Thumb Code     0  _printf_percent.o(.ARM.Collect$$_printf_percent$$00000000)
    _printf_d                                0x08000203   Thumb Code     0  _printf_d.o(.ARM.Collect$$_printf_percent$$00000009)
    _printf_x                                0x08000209   Thumb Code     0  _printf_x.o(.ARM.Collect$$_printf_percent$$0000000C)
    _printf_percent_end                      0x0800020f   Thumb Code     0  _printf_percent_end.o(.ARM.Collect$$_printf_percent$$00000017)
    __rt_lib_init                            0x08000213   Thumb Code     0  libinit.o(.ARM.Collect$$libinit$$00000000)
    __rt_lib_init_fp_1                       0x08000215   Thumb Code     0  libinit2.o(.ARM.Collect$$libinit$$00000001)
    __rt_lib_init_heap_1                     0x08000219   Thumb Code     0  libinit2.o(.ARM.Collect$$libinit$$0000000A)
    __rt_lib_init_lc_common                  0x08000219   Thumb Code     0  libinit2.o(.ARM.Collect$$libinit$$0000000F)
    __rt_lib_init_preinit_1                  0x08000219   Thumb Code     0  libinit2.o(.ARM.Collect$$libinit$$00000004)
    __rt_lib_init_rand_1                     0x08000219   Thumb Code     0  libinit2.o(.ARM.Collect$$libinit$$0000000E)
    __rt_lib_init_user_alloc_1               0x08000219   Thumb Code     0  libinit2.o(.ARM.Collect$$libinit$$0000000C)
    __rt_lib_init_lc_collate_1               0x0800021f   Thumb Code     0  libinit2.o(.ARM.Collect$$libinit$$00000011)
    __rt_lib_init_lc_ctype_1                 0x0800021f   Thumb Code     0  libinit2.o(.ARM.Collect$$libinit$$00000013)
    __rt_lib_init_lc_monetary_1              0x0800021f   Thumb Code     0  libinit2.o(.ARM.Collect$$libinit$$00000015)
    __rt_lib_init_lc_numeric_2               0x0800021f   Thumb Code     0  libinit2.o(.ARM.Collect$$libinit$$00000016)
    __rt_lib_init_alloca_1                   0x08000229   Thumb Code     0  libinit2.o(.ARM.Collect$$libinit$$0000002E)
    __rt_lib_init_argv_1                     0x08000229   Thumb Code     0  libinit2.o(.ARM.Collect$$libinit$$0000002C)
    __rt_lib_init_atexit_1                   0x08000229   Thumb Code     0  libinit2.o(.ARM.Collect$$libinit$$0000001B)
    __rt_lib_init_clock_1                    0x08000229   Thumb Code     0  libinit2.o(.ARM.Collect$$libinit$$00000021)
    __rt_lib_init_cpp_1                      0x08000229   Thumb Code     0  libinit2.o(.ARM.Collect$$libinit$$00000032)
    __rt_lib_init_exceptions_1               0x08000229   Thumb Code     0  libinit2.o(.ARM.Collect$$libinit$$00000030)
    __rt_lib_init_fp_trap_1                  0x08000229   Thumb Code     0  libinit2.o(.ARM.Collect$$libinit$$0000001F)
    __rt_lib_init_getenv_1                   0x08000229   Thumb Code     0  libinit2.o(.ARM.Collect$$libinit$$00000023)
    __rt_lib_init_lc_numeric_1               0x08000229   Thumb Code     0  libinit2.o(.ARM.Collect$$libinit$$00000017)
    __rt_lib_init_lc_time_1                  0x08000229   Thumb Code     0  libinit2.o(.ARM.Collect$$libinit$$00000019)
    __rt_lib_init_return                     0x08000229   Thumb Code     0  libinit2.o(.ARM.Collect$$libinit$$00000033)
    __rt_lib_init_signal_1                   0x08000229   Thumb Code     0  libinit2.o(.ARM.Collect$$libinit$$0000001D)
    __rt_lib_init_stdio_1                    0x08000229   Thumb Code     0  libinit2.o(.ARM.Collect$$libinit$$00000025)
    __rt_lib_shutdown                        0x0800022b   Thumb Code     0  libshutdown.o(.ARM.Collect$$libshutdown$$00000000)
    __rt_lib_shutdown_cpp_1                  0x0800022d   Thumb Code     0  libshutdown2.o(.ARM.Collect$$libshutdown$$00000002)
    __rt_lib_shutdown_fp_trap_1              0x0800022d   Thumb Code     0  libshutdown2.o(.ARM.Collect$$libshutdown$$00000007)
    __rt_lib_shutdown_heap_1                 0x0800022d   Thumb Code     0  libshutdown2.o(.ARM.Collect$$libshutdown$$0000000F)
    __rt_lib_shutdown_return                 0x0800022d   Thumb Code     0  libshutdown2.o(.ARM.Collect$$libshutdown$$00000010)
    __rt_lib_shutdown_signal_1               0x0800022d   Thumb Code     0  libshutdown2.o(.ARM.Collect$$libshutdown$$0000000A)
    __rt_lib_shutdown_stdio_1                0x0800022d   Thumb Code     0  libshutdown2.o(.ARM.Collect$$libshutdown$$00000004)
    __rt_lib_shutdown_user_alloc_1           0x0800022d   Thumb Code     0  libshutdown2.o(.ARM.Collect$$libshutdown$$0000000C)
    __rt_entry                               0x0800022f   Thumb Code     0  __rtentry.o(.ARM.Collect$$rtentry$$00000000)
    __rt_entry_presh_1                       0x0800022f   Thumb Code     0  __rtentry2.o(.ARM.Collect$$rtentry$$00000002)
    __rt_entry_sh                            0x0800022f   Thumb Code     0  __rtentry4.o(.ARM.Collect$$rtentry$$00000004)
    __rt_entry_li                            0x08000235   Thumb Code     0  __rtentry2.o(.ARM.Collect$$rtentry$$0000000A)
    __rt_entry_postsh_1                      0x08000235   Thumb Code     0  __rtentry2.o(.ARM.Collect$$rtentry$$00000009)
    __rt_entry_main                          0x08000239   Thumb Code     0  __rtentry2.o(.ARM.Collect$$rtentry$$0000000D)
    __rt_entry_postli_1                      0x08000239   Thumb Code     0  __rtentry2.o(.ARM.Collect$$rtentry$$0000000C)
    __rt_exit                                0x08000241   Thumb Code     0  rtexit.o(.ARM.Collect$$rtexit$$00000000)
    __rt_exit_ls                             0x08000243   Thumb Code     0  rtexit2.o(.ARM.Collect$$rtexit$$00000003)
    __rt_exit_prels_1                        0x08000243   Thumb Code     0  rtexit2.o(.ARM.Collect$$rtexit$$00000002)
    __rt_exit_exit                           0x08000247   Thumb Code     0  rtexit2.o(.ARM.Collect$$rtexit$$00000004)
    main                                     0x0800024d   Thumb Code   170  main.o(.text)
    NMI_Handler                              0x08000395   Thumb Code     2  stm32f4xx_it.o(.text)
    HardFault_Handler                        0x08000397   Thumb Code     4  stm32f4xx_it.o(.text)
    MemManage_Handler                        0x0800039b   Thumb Code     4  stm32f4xx_it.o(.text)
    BusFault_Handler                         0x0800039f   Thumb Code     4  stm32f4xx_it.o(.text)
    UsageFault_Handler                       0x080003a3   Thumb Code     4  stm32f4xx_it.o(.text)
    SVC_Handler                              0x080003a7   Thumb Code     2  stm32f4xx_it.o(.text)
    DebugMon_Handler                         0x080003a9   Thumb Code     2  stm32f4xx_it.o(.text)
    PendSV_Handler                           0x080003ab   Thumb Code     2  stm32f4xx_it.o(.text)
    SystemInit                               0x08000489   Thumb Code    88  system_stm32f4xx.o(.text)
    SystemCoreClockUpdate                    0x080004e1   Thumb Code   174  system_stm32f4xx.o(.text)
    LED_Init                                 0x080005bd   Thumb Code    70  led.o(.text)
    IIC_Init                                 0x08000609   Thumb Code    62  myiic.o(.text)
    IIC_Start                                0x08000647   Thumb Code    68  myiic.o(.text)
    IIC_Stop                                 0x0800068b   Thumb Code    62  myiic.o(.text)
    IIC_Wait_Ack                             0x080006c9   Thumb Code    88  myiic.o(.text)
    IIC_Ack                                  0x08000721   Thumb Code    66  myiic.o(.text)
    IIC_NAck                                 0x08000763   Thumb Code    66  myiic.o(.text)
    IIC_Send_Byte                            0x080007a5   Thumb Code    90  myiic.o(.text)
    IIC_Read_Byte                            0x080007ff   Thumb Code    94  myiic.o(.text)
    IIC_Slave_List                           0x0800087b   Thumb Code    62  myiic.o(.text)
    IIC_Slave_Register                       0x080008b9   Thumb Code    50  myiic.o(.text)
    MPU_DMP_Init                             0x08000a55   Thumb Code   122  mpu9250.o(.text)
    MPU_Data_Push_by_DMP                     0x08000acf   Thumb Code   666  mpu9250.o(.text)
    MPU_Write_Byte                           0x08000d69   Thumb Code   442  mpu9250.o(.text)
    MPU_Set_LPF                              0x08000f23   Thumb Code    60  mpu9250.o(.text)
    MPU_Set_Rate                             0x08000f5f   Thumb Code    60  mpu9250.o(.text)
    MPU_Read_Byte                            0x08000f9b   Thumb Code    72  mpu9250.o(.text)
    MPU_Set_Accel_Fsr                        0x08000fe3   Thumb Code    18  mpu9250.o(.text)
    MPU_Set_Gyro_Fsr                         0x08000ff5   Thumb Code    18  mpu9250.o(.text)
    MPU9250_Init                             0x08001007   Thumb Code   288  mpu9250.o(.text)
    MPU_Read_Len                             0x08001127   Thumb Code   116  mpu9250.o(.text)
    MPU_Get_Magnetometer                     0x0800119b   Thumb Code    90  mpu9250.o(.text)
    MPU_Get_Accelerometer                    0x080011f5   Thumb Code    80  mpu9250.o(.text)
    MPU_Get_Gyroscope                        0x08001245   Thumb Code    80  mpu9250.o(.text)
    MPU_Get_Temperature                      0x08001295   Thumb Code   110  mpu9250.o(.text)
    MPU_Data_Push_Without_DMP                0x08001303   Thumb Code   106  mpu9250.o(.text)
    MPU_Write_Len                            0x0800136d   Thumb Code   510  mpu9250.o(.text)
    TIM3_Int_Init                            0x0800156d   Thumb Code    88  timer.o(.text)
    TIM3_IRQHandler                          0x080015c5   Thumb Code    28  timer.o(.text)
    delay_init                               0x080015e9   Thumb Code    52  delay.o(.text)
    delay_us                                 0x0800161d   Thumb Code    72  delay.o(.text)
    delay_xms                                0x08001665   Thumb Code    72  delay.o(.text)
    delay_ms                                 0x080016ad   Thumb Code    56  delay.o(.text)
    Systick_Init                             0x080016ed   Thumb Code    90  sys.o(.text)
    SysTick_Handler                          0x08001747   Thumb Code    26  sys.o(.text)
    _sys_exit                                0x08001771   Thumb Code     6  usart.o(.text)
    fputc                                    0x08001777   Thumb Code    22  usart.o(.text)
    uart_init                                0x0800178d   Thumb Code   164  usart.o(.text)
    USART1_IRQHandler                        0x08001831   Thumb Code   122  usart.o(.text)
    Reset_Handler                            0x080018bd   Thumb Code     8  startup_stm32f40_41xxx.o(.text)
    ADC_IRQHandler                           0x080018d7   Thumb Code     0  startup_stm32f40_41xxx.o(.text)
    CAN1_RX0_IRQHandler                      0x080018d7   Thumb Code     0  startup_stm32f40_41xxx.o(.text)
    CAN1_RX1_IRQHandler                      0x080018d7   Thumb Code     0  startup_stm32f40_41xxx.o(.text)
    CAN1_SCE_IRQHandler                      0x080018d7   Thumb Code     0  startup_stm32f40_41xxx.o(.text)
    CAN1_TX_IRQHandler                       0x080018d7   Thumb Code     0  startup_stm32f40_41xxx.o(.text)
    CAN2_RX0_IRQHandler                      0x080018d7   Thumb Code     0  startup_stm32f40_41xxx.o(.text)
    CAN2_RX1_IRQHandler                      0x080018d7   Thumb Code     0  startup_stm32f40_41xxx.o(.text)
    CAN2_SCE_IRQHandler                      0x080018d7   Thumb Code     0  startup_stm32f40_41xxx.o(.text)
    CAN2_TX_IRQHandler                       0x080018d7   Thumb Code     0  startup_stm32f40_41xxx.o(.text)
    CRYP_IRQHandler                          0x080018d7   Thumb Code     0  startup_stm32f40_41xxx.o(.text)
    DCMI_IRQHandler                          0x080018d7   Thumb Code     0  startup_stm32f40_41xxx.o(.text)
    DMA1_Stream0_IRQHandler                  0x080018d7   Thumb Code     0  startup_stm32f40_41xxx.o(.text)
    DMA1_Stream1_IRQHandler                  0x080018d7   Thumb Code     0  startup_stm32f40_41xxx.o(.text)
    DMA1_Stream2_IRQHandler                  0x080018d7   Thumb Code     0  startup_stm32f40_41xxx.o(.text)
    DMA1_Stream3_IRQHandler                  0x080018d7   Thumb Code     0  startup_stm32f40_41xxx.o(.text)
    DMA1_Stream4_IRQHandler                  0x080018d7   Thumb Code     0  startup_stm32f40_41xxx.o(.text)
    DMA1_Stream5_IRQHandler                  0x080018d7   Thumb Code     0  startup_stm32f40_41xxx.o(.text)
    DMA1_Stream6_IRQHandler                  0x080018d7   Thumb Code     0  startup_stm32f40_41xxx.o(.text)
    DMA1_Stream7_IRQHandler                  0x080018d7   Thumb Code     0  startup_stm32f40_41xxx.o(.text)
    DMA2_Stream0_IRQHandler                  0x080018d7   Thumb Code     0  startup_stm32f40_41xxx.o(.text)
    DMA2_Stream1_IRQHandler                  0x080018d7   Thumb Code     0  startup_stm32f40_41xxx.o(.text)
    DMA2_Stream2_IRQHandler                  0x080018d7   Thumb Code     0  startup_stm32f40_41xxx.o(.text)
    DMA2_Stream3_IRQHandler                  0x080018d7   Thumb Code     0  startup_stm32f40_41xxx.o(.text)
    DMA2_Stream4_IRQHandler                  0x080018d7   Thumb Code     0  startup_stm32f40_41xxx.o(.text)
    DMA2_Stream5_IRQHandler                  0x080018d7   Thumb Code     0  startup_stm32f40_41xxx.o(.text)
    DMA2_Stream6_IRQHandler                  0x080018d7   Thumb Code     0  startup_stm32f40_41xxx.o(.text)
    DMA2_Stream7_IRQHandler                  0x080018d7   Thumb Code     0  startup_stm32f40_41xxx.o(.text)
    ETH_IRQHandler                           0x080018d7   Thumb Code     0  startup_stm32f40_41xxx.o(.text)
    ETH_WKUP_IRQHandler                      0x080018d7   Thumb Code     0  startup_stm32f40_41xxx.o(.text)
    EXTI0_IRQHandler                         0x080018d7   Thumb Code     0  startup_stm32f40_41xxx.o(.text)
    EXTI15_10_IRQHandler                     0x080018d7   Thumb Code     0  startup_stm32f40_41xxx.o(.text)
    EXTI1_IRQHandler                         0x080018d7   Thumb Code     0  startup_stm32f40_41xxx.o(.text)
    EXTI2_IRQHandler                         0x080018d7   Thumb Code     0  startup_stm32f40_41xxx.o(.text)
    EXTI3_IRQHandler                         0x080018d7   Thumb Code     0  startup_stm32f40_41xxx.o(.text)
    EXTI4_IRQHandler                         0x080018d7   Thumb Code     0  startup_stm32f40_41xxx.o(.text)
    EXTI9_5_IRQHandler                       0x080018d7   Thumb Code     0  startup_stm32f40_41xxx.o(.text)
    FLASH_IRQHandler                         0x080018d7   Thumb Code     0  startup_stm32f40_41xxx.o(.text)
    FPU_IRQHandler                           0x080018d7   Thumb Code     0  startup_stm32f40_41xxx.o(.text)
    FSMC_IRQHandler                          0x080018d7   Thumb Code     0  startup_stm32f40_41xxx.o(.text)
    HASH_RNG_IRQHandler                      0x080018d7   Thumb Code     0  startup_stm32f40_41xxx.o(.text)
    I2C1_ER_IRQHandler                       0x080018d7   Thumb Code     0  startup_stm32f40_41xxx.o(.text)
    I2C1_EV_IRQHandler                       0x080018d7   Thumb Code     0  startup_stm32f40_41xxx.o(.text)
    I2C2_ER_IRQHandler                       0x080018d7   Thumb Code     0  startup_stm32f40_41xxx.o(.text)
    I2C2_EV_IRQHandler                       0x080018d7   Thumb Code     0  startup_stm32f40_41xxx.o(.text)
    I2C3_ER_IRQHandler                       0x080018d7   Thumb Code     0  startup_stm32f40_41xxx.o(.text)
    I2C3_EV_IRQHandler                       0x080018d7   Thumb Code     0  startup_stm32f40_41xxx.o(.text)
    OTG_FS_IRQHandler                        0x080018d7   Thumb Code     0  startup_stm32f40_41xxx.o(.text)
    OTG_FS_WKUP_IRQHandler                   0x080018d7   Thumb Code     0  startup_stm32f40_41xxx.o(.text)
    OTG_HS_EP1_IN_IRQHandler                 0x080018d7   Thumb Code     0  startup_stm32f40_41xxx.o(.text)
    OTG_HS_EP1_OUT_IRQHandler                0x080018d7   Thumb Code     0  startup_stm32f40_41xxx.o(.text)
    OTG_HS_IRQHandler                        0x080018d7   Thumb Code     0  startup_stm32f40_41xxx.o(.text)
    OTG_HS_WKUP_IRQHandler                   0x080018d7   Thumb Code     0  startup_stm32f40_41xxx.o(.text)
    PVD_IRQHandler                           0x080018d7   Thumb Code     0  startup_stm32f40_41xxx.o(.text)
    RCC_IRQHandler                           0x080018d7   Thumb Code     0  startup_stm32f40_41xxx.o(.text)
    RTC_Alarm_IRQHandler                     0x080018d7   Thumb Code     0  startup_stm32f40_41xxx.o(.text)
    RTC_WKUP_IRQHandler                      0x080018d7   Thumb Code     0  startup_stm32f40_41xxx.o(.text)
    SDIO_IRQHandler                          0x080018d7   Thumb Code     0  startup_stm32f40_41xxx.o(.text)
    SPI1_IRQHandler                          0x080018d7   Thumb Code     0  startup_stm32f40_41xxx.o(.text)
    SPI2_IRQHandler                          0x080018d7   Thumb Code     0  startup_stm32f40_41xxx.o(.text)
    SPI3_IRQHandler                          0x080018d7   Thumb Code     0  startup_stm32f40_41xxx.o(.text)
    TAMP_STAMP_IRQHandler                    0x080018d7   Thumb Code     0  startup_stm32f40_41xxx.o(.text)
    TIM1_BRK_TIM9_IRQHandler                 0x080018d7   Thumb Code     0  startup_stm32f40_41xxx.o(.text)
    TIM1_CC_IRQHandler                       0x080018d7   Thumb Code     0  startup_stm32f40_41xxx.o(.text)
    TIM1_TRG_COM_TIM11_IRQHandler            0x080018d7   Thumb Code     0  startup_stm32f40_41xxx.o(.text)
    TIM1_UP_TIM10_IRQHandler                 0x080018d7   Thumb Code     0  startup_stm32f40_41xxx.o(.text)
    TIM2_IRQHandler                          0x080018d7   Thumb Code     0  startup_stm32f40_41xxx.o(.text)
    TIM4_IRQHandler                          0x080018d7   Thumb Code     0  startup_stm32f40_41xxx.o(.text)
    TIM5_IRQHandler                          0x080018d7   Thumb Code     0  startup_stm32f40_41xxx.o(.text)
    TIM6_DAC_IRQHandler                      0x080018d7   Thumb Code     0  startup_stm32f40_41xxx.o(.text)
    TIM7_IRQHandler                          0x080018d7   Thumb Code     0  startup_stm32f40_41xxx.o(.text)
    TIM8_BRK_TIM12_IRQHandler                0x080018d7   Thumb Code     0  startup_stm32f40_41xxx.o(.text)
    TIM8_CC_IRQHandler                       0x080018d7   Thumb Code     0  startup_stm32f40_41xxx.o(.text)
    TIM8_TRG_COM_TIM14_IRQHandler            0x080018d7   Thumb Code     0  startup_stm32f40_41xxx.o(.text)
    TIM8_UP_TIM13_IRQHandler                 0x080018d7   Thumb Code     0  startup_stm32f40_41xxx.o(.text)
    UART4_IRQHandler                         0x080018d7   Thumb Code     0  startup_stm32f40_41xxx.o(.text)
    UART5_IRQHandler                         0x080018d7   Thumb Code     0  startup_stm32f40_41xxx.o(.text)
    USART2_IRQHandler                        0x080018d7   Thumb Code     0  startup_stm32f40_41xxx.o(.text)
    USART3_IRQHandler                        0x080018d7   Thumb Code     0  startup_stm32f40_41xxx.o(.text)
    USART6_IRQHandler                        0x080018d7   Thumb Code     0  startup_stm32f40_41xxx.o(.text)
    WWDG_IRQHandler                          0x080018d7   Thumb Code     0  startup_stm32f40_41xxx.o(.text)
    __user_initial_stackheap                 0x080018d9   Thumb Code     0  startup_stm32f40_41xxx.o(.text)
    NVIC_PriorityGroupConfig                 0x080018fd   Thumb Code    10  misc.o(.text)
    NVIC_Init                                0x08001907   Thumb Code   106  misc.o(.text)
    NVIC_SetVectorTable                      0x08001971   Thumb Code    14  misc.o(.text)
    NVIC_SystemLPConfig                      0x0800197f   Thumb Code    34  misc.o(.text)
    SysTick_CLKSourceConfig                  0x080019a1   Thumb Code    40  misc.o(.text)
    GPIO_DeInit                              0x080019dd   Thumb Code   268  stm32f4xx_gpio.o(.text)
    GPIO_Init                                0x08001ae9   Thumb Code   144  stm32f4xx_gpio.o(.text)
    GPIO_StructInit                          0x08001b79   Thumb Code    18  stm32f4xx_gpio.o(.text)
    GPIO_PinLockConfig                       0x08001b8b   Thumb Code    34  stm32f4xx_gpio.o(.text)
    GPIO_ReadInputDataBit                    0x08001bad   Thumb Code    18  stm32f4xx_gpio.o(.text)
    GPIO_ReadInputData                       0x08001bbf   Thumb Code     8  stm32f4xx_gpio.o(.text)
    GPIO_ReadOutputDataBit                   0x08001bc7   Thumb Code    18  stm32f4xx_gpio.o(.text)
    GPIO_ReadOutputData                      0x08001bd9   Thumb Code     8  stm32f4xx_gpio.o(.text)
    GPIO_SetBits                             0x08001be1   Thumb Code     4  stm32f4xx_gpio.o(.text)
    GPIO_ResetBits                           0x08001be5   Thumb Code     4  stm32f4xx_gpio.o(.text)
    GPIO_WriteBit                            0x08001be9   Thumb Code    10  stm32f4xx_gpio.o(.text)
    GPIO_Write                               0x08001bf3   Thumb Code     4  stm32f4xx_gpio.o(.text)
    GPIO_ToggleBits                          0x08001bf7   Thumb Code     8  stm32f4xx_gpio.o(.text)
    GPIO_PinAFConfig                         0x08001bff   Thumb Code    70  stm32f4xx_gpio.o(.text)
    RCC_DeInit                               0x08001c71   Thumb Code    82  stm32f4xx_rcc.o(.text)
    RCC_HSEConfig                            0x08001cc3   Thumb Code    14  stm32f4xx_rcc.o(.text)
    RCC_GetFlagStatus                        0x08001cd1   Thumb Code    60  stm32f4xx_rcc.o(.text)
    RCC_WaitForHSEStartUp                    0x08001d0d   Thumb Code    56  stm32f4xx_rcc.o(.text)
    RCC_AdjustHSICalibrationValue            0x08001d45   Thumb Code    20  stm32f4xx_rcc.o(.text)
    RCC_HSICmd                               0x08001d59   Thumb Code     6  stm32f4xx_rcc.o(.text)
    RCC_LSEConfig                            0x08001d5f   Thumb Code    46  stm32f4xx_rcc.o(.text)
    RCC_LSICmd                               0x08001d8d   Thumb Code     6  stm32f4xx_rcc.o(.text)
    RCC_PLLConfig                            0x08001d93   Thumb Code    32  stm32f4xx_rcc.o(.text)
    RCC_PLLCmd                               0x08001db3   Thumb Code     6  stm32f4xx_rcc.o(.text)
    RCC_PLLI2SConfig                         0x08001db9   Thumb Code    14  stm32f4xx_rcc.o(.text)
    RCC_PLLI2SCmd                            0x08001dc7   Thumb Code     6  stm32f4xx_rcc.o(.text)
    RCC_PLLSAIConfig                         0x08001dcd   Thumb Code    20  stm32f4xx_rcc.o(.text)
    RCC_PLLSAICmd                            0x08001de1   Thumb Code     6  stm32f4xx_rcc.o(.text)
    RCC_ClockSecuritySystemCmd               0x08001de7   Thumb Code     6  stm32f4xx_rcc.o(.text)
    RCC_MCO1Config                           0x08001ded   Thumb Code    28  stm32f4xx_rcc.o(.text)
    RCC_MCO2Config                           0x08001e09   Thumb Code    28  stm32f4xx_rcc.o(.text)
    RCC_SYSCLKConfig                         0x08001e25   Thumb Code    20  stm32f4xx_rcc.o(.text)
    RCC_GetSYSCLKSource                      0x08001e39   Thumb Code    12  stm32f4xx_rcc.o(.text)
    RCC_HCLKConfig                           0x08001e45   Thumb Code    20  stm32f4xx_rcc.o(.text)
    RCC_PCLK1Config                          0x08001e59   Thumb Code    20  stm32f4xx_rcc.o(.text)
    RCC_PCLK2Config                          0x08001e6d   Thumb Code    22  stm32f4xx_rcc.o(.text)
    RCC_GetClocksFreq                        0x08001e83   Thumb Code   222  stm32f4xx_rcc.o(.text)
    RCC_RTCCLKConfig                         0x08001f61   Thumb Code    54  stm32f4xx_rcc.o(.text)
    RCC_RTCCLKCmd                            0x08001f97   Thumb Code     8  stm32f4xx_rcc.o(.text)
    RCC_BackupResetCmd                       0x08001f9f   Thumb Code     8  stm32f4xx_rcc.o(.text)
    RCC_I2SCLKConfig                         0x08001fa7   Thumb Code     6  stm32f4xx_rcc.o(.text)
    RCC_SAIPLLI2SClkDivConfig                0x08001fad   Thumb Code    26  stm32f4xx_rcc.o(.text)
    RCC_SAIPLLSAIClkDivConfig                0x08001fc7   Thumb Code    28  stm32f4xx_rcc.o(.text)
    RCC_SAIBlockACLKConfig                   0x08001fe3   Thumb Code    20  stm32f4xx_rcc.o(.text)
    RCC_SAIBlockBCLKConfig                   0x08001ff7   Thumb Code    20  stm32f4xx_rcc.o(.text)
    RCC_LTDCCLKDivConfig                     0x0800200b   Thumb Code    20  stm32f4xx_rcc.o(.text)
    RCC_TIMCLKPresConfig                     0x0800201f   Thumb Code     6  stm32f4xx_rcc.o(.text)
    RCC_AHB1PeriphClockCmd                   0x08002025   Thumb Code    34  stm32f4xx_rcc.o(.text)
    RCC_AHB2PeriphClockCmd                   0x08002047   Thumb Code    78  stm32f4xx_rcc.o(.text)
    RCC_AHB3PeriphClockCmd                   0x08002095   Thumb Code    34  stm32f4xx_rcc.o(.text)
    RCC_APB1PeriphClockCmd                   0x080020b7   Thumb Code    34  stm32f4xx_rcc.o(.text)
    RCC_APB2PeriphClockCmd                   0x080020d9   Thumb Code    34  stm32f4xx_rcc.o(.text)
    RCC_AHB1PeriphResetCmd                   0x080020fb   Thumb Code    34  stm32f4xx_rcc.o(.text)
    RCC_AHB2PeriphResetCmd                   0x0800211d   Thumb Code    34  stm32f4xx_rcc.o(.text)
    RCC_AHB3PeriphResetCmd                   0x0800213f   Thumb Code    34  stm32f4xx_rcc.o(.text)
    RCC_APB1PeriphResetCmd                   0x08002161   Thumb Code    34  stm32f4xx_rcc.o(.text)
    RCC_APB2PeriphResetCmd                   0x08002183   Thumb Code    34  stm32f4xx_rcc.o(.text)
    RCC_AHB1PeriphClockLPModeCmd             0x080021a5   Thumb Code    34  stm32f4xx_rcc.o(.text)
    RCC_AHB2PeriphClockLPModeCmd             0x080021c7   Thumb Code    34  stm32f4xx_rcc.o(.text)
    RCC_AHB3PeriphClockLPModeCmd             0x080021e9   Thumb Code    34  stm32f4xx_rcc.o(.text)
    RCC_APB1PeriphClockLPModeCmd             0x0800220b   Thumb Code    34  stm32f4xx_rcc.o(.text)
    RCC_APB2PeriphClockLPModeCmd             0x0800222d   Thumb Code    34  stm32f4xx_rcc.o(.text)
    RCC_LSEModeConfig                        0x0800224f   Thumb Code    40  stm32f4xx_rcc.o(.text)
    RCC_ITConfig                             0x08002277   Thumb Code    34  stm32f4xx_rcc.o(.text)
    RCC_ClearFlag                            0x08002299   Thumb Code    18  stm32f4xx_rcc.o(.text)
    RCC_GetITStatus                          0x080022ab   Thumb Code    22  stm32f4xx_rcc.o(.text)
    RCC_ClearITPendingBit                    0x080022c1   Thumb Code     8  stm32f4xx_rcc.o(.text)
    USART_DeInit                             0x080022cd   Thumb Code   206  stm32f4xx_usart.o(.text)
    USART_Init                               0x0800239b   Thumb Code   204  stm32f4xx_usart.o(.text)
    USART_StructInit                         0x08002467   Thumb Code    24  stm32f4xx_usart.o(.text)
    USART_ClockInit                          0x0800247f   Thumb Code    32  stm32f4xx_usart.o(.text)
    USART_ClockStructInit                    0x0800249f   Thumb Code    12  stm32f4xx_usart.o(.text)
    USART_Cmd                                0x080024ab   Thumb Code    24  stm32f4xx_usart.o(.text)
    USART_SetPrescaler                       0x080024c3   Thumb Code    16  stm32f4xx_usart.o(.text)
    USART_OverSampling8Cmd                   0x080024d3   Thumb Code    22  stm32f4xx_usart.o(.text)
    USART_OneBitMethodCmd                    0x080024e9   Thumb Code    24  stm32f4xx_usart.o(.text)
    USART_SendData                           0x08002501   Thumb Code     8  stm32f4xx_usart.o(.text)
    USART_ReceiveData                        0x08002509   Thumb Code    10  stm32f4xx_usart.o(.text)
    USART_SetAddress                         0x08002513   Thumb Code    18  stm32f4xx_usart.o(.text)
    USART_ReceiverWakeUpCmd                  0x08002525   Thumb Code    24  stm32f4xx_usart.o(.text)
    USART_WakeUpConfig                       0x0800253d   Thumb Code    18  stm32f4xx_usart.o(.text)
    USART_LINBreakDetectLengthConfig         0x0800254f   Thumb Code    18  stm32f4xx_usart.o(.text)
    USART_LINCmd                             0x08002561   Thumb Code    24  stm32f4xx_usart.o(.text)
    USART_SendBreak                          0x08002579   Thumb Code    10  stm32f4xx_usart.o(.text)
    USART_HalfDuplexCmd                      0x08002583   Thumb Code    24  stm32f4xx_usart.o(.text)
    USART_SetGuardTime                       0x0800259b   Thumb Code    16  stm32f4xx_usart.o(.text)
    USART_SmartCardCmd                       0x080025ab   Thumb Code    24  stm32f4xx_usart.o(.text)
    USART_SmartCardNACKCmd                   0x080025c3   Thumb Code    24  stm32f4xx_usart.o(.text)
    USART_IrDAConfig                         0x080025db   Thumb Code    18  stm32f4xx_usart.o(.text)
    USART_IrDACmd                            0x080025ed   Thumb Code    24  stm32f4xx_usart.o(.text)
    USART_DMACmd                             0x08002605   Thumb Code    18  stm32f4xx_usart.o(.text)
    USART_ITConfig                           0x08002617   Thumb Code    74  stm32f4xx_usart.o(.text)
    USART_GetFlagStatus                      0x08002661   Thumb Code    26  stm32f4xx_usart.o(.text)
    USART_ClearFlag                          0x0800267b   Thumb Code    18  stm32f4xx_usart.o(.text)
    USART_GetITStatus                        0x0800268d   Thumb Code   118  stm32f4xx_usart.o(.text)
    USART_ClearITPendingBit                  0x08002703   Thumb Code    30  stm32f4xx_usart.o(.text)
    TIM_DeInit                               0x08002721   Thumb Code   346  stm32f4xx_tim.o(.text)
    TIM_TimeBaseInit                         0x0800287b   Thumb Code   104  stm32f4xx_tim.o(.text)
    TIM_TimeBaseStructInit                   0x080028e3   Thumb Code    18  stm32f4xx_tim.o(.text)
    TIM_PrescalerConfig                      0x080028f5   Thumb Code     6  stm32f4xx_tim.o(.text)
    TIM_CounterModeConfig                    0x080028fb   Thumb Code    18  stm32f4xx_tim.o(.text)
    TIM_SetCounter                           0x0800290d   Thumb Code     4  stm32f4xx_tim.o(.text)
    TIM_SetAutoreload                        0x08002911   Thumb Code     4  stm32f4xx_tim.o(.text)
    TIM_GetCounter                           0x08002915   Thumb Code     6  stm32f4xx_tim.o(.text)
    TIM_GetPrescaler                         0x0800291b   Thumb Code     6  stm32f4xx_tim.o(.text)
    TIM_UpdateDisableConfig                  0x08002921   Thumb Code    24  stm32f4xx_tim.o(.text)
    TIM_UpdateRequestConfig                  0x08002939   Thumb Code    24  stm32f4xx_tim.o(.text)
    TIM_ARRPreloadConfig                     0x08002951   Thumb Code    24  stm32f4xx_tim.o(.text)
    TIM_SelectOnePulseMode                   0x08002969   Thumb Code    18  stm32f4xx_tim.o(.text)
    TIM_SetClockDivision                     0x0800297b   Thumb Code    18  stm32f4xx_tim.o(.text)
    TIM_Cmd                                  0x0800298d   Thumb Code    24  stm32f4xx_tim.o(.text)
    TIM_OC1Init                              0x080029a5   Thumb Code   114  stm32f4xx_tim.o(.text)
    TIM_OC2Init                              0x08002a17   Thumb Code   154  stm32f4xx_tim.o(.text)
    TIM_OC3Init                              0x08002ab1   Thumb Code   204  stm32f4xx_tim.o(.text)
    TIM_OC4Init                              0x08002b7d   Thumb Code   112  stm32f4xx_tim.o(.text)
    TIM_OCStructInit                         0x08002bed   Thumb Code    20  stm32f4xx_tim.o(.text)
    TIM_SelectOCxM                           0x08002c01   Thumb Code    86  stm32f4xx_tim.o(.text)
    TIM_SetCompare1                          0x08002c57   Thumb Code     4  stm32f4xx_tim.o(.text)
    TIM_SetCompare2                          0x08002c5b   Thumb Code     4  stm32f4xx_tim.o(.text)
    TIM_SetCompare3                          0x08002c5f   Thumb Code     4  stm32f4xx_tim.o(.text)
    TIM_SetCompare4                          0x08002c63   Thumb Code     4  stm32f4xx_tim.o(.text)
    TIM_ForcedOC1Config                      0x08002c67   Thumb Code    18  stm32f4xx_tim.o(.text)
    TIM_ForcedOC2Config                      0x08002c79   Thumb Code    26  stm32f4xx_tim.o(.text)
    TIM_ForcedOC3Config                      0x08002c93   Thumb Code    18  stm32f4xx_tim.o(.text)
    TIM_ForcedOC4Config                      0x08002ca5   Thumb Code    26  stm32f4xx_tim.o(.text)
    TIM_OC1PreloadConfig                     0x08002cbf   Thumb Code    18  stm32f4xx_tim.o(.text)
    TIM_OC2PreloadConfig                     0x08002cd1   Thumb Code    26  stm32f4xx_tim.o(.text)
    TIM_OC3PreloadConfig                     0x08002ceb   Thumb Code    18  stm32f4xx_tim.o(.text)
    TIM_OC4PreloadConfig                     0x08002cfd   Thumb Code    26  stm32f4xx_tim.o(.text)
    TIM_OC1FastConfig                        0x08002d17   Thumb Code    18  stm32f4xx_tim.o(.text)
    TIM_OC2FastConfig                        0x08002d29   Thumb Code    26  stm32f4xx_tim.o(.text)
    TIM_OC3FastConfig                        0x08002d43   Thumb Code    18  stm32f4xx_tim.o(.text)
    TIM_OC4FastConfig                        0x08002d55   Thumb Code    26  stm32f4xx_tim.o(.text)
    TIM_ClearOC1Ref                          0x08002d6f   Thumb Code    18  stm32f4xx_tim.o(.text)
    TIM_ClearOC2Ref                          0x08002d81   Thumb Code    24  stm32f4xx_tim.o(.text)
    TIM_ClearOC3Ref                          0x08002d99   Thumb Code    18  stm32f4xx_tim.o(.text)
    TIM_ClearOC4Ref                          0x08002dab   Thumb Code    24  stm32f4xx_tim.o(.text)
    TIM_OC1PolarityConfig                    0x08002dc3   Thumb Code    18  stm32f4xx_tim.o(.text)
    TIM_OC1NPolarityConfig                   0x08002dd5   Thumb Code    18  stm32f4xx_tim.o(.text)
    TIM_OC2PolarityConfig                    0x08002de7   Thumb Code    26  stm32f4xx_tim.o(.text)
    TIM_OC2NPolarityConfig                   0x08002e01   Thumb Code    26  stm32f4xx_tim.o(.text)
    TIM_OC3PolarityConfig                    0x08002e1b   Thumb Code    26  stm32f4xx_tim.o(.text)
    TIM_OC3NPolarityConfig                   0x08002e35   Thumb Code    26  stm32f4xx_tim.o(.text)
    TIM_OC4PolarityConfig                    0x08002e4f   Thumb Code    26  stm32f4xx_tim.o(.text)
    TIM_CCxCmd                               0x08002e69   Thumb Code    30  stm32f4xx_tim.o(.text)
    TIM_CCxNCmd                              0x08002e87   Thumb Code    30  stm32f4xx_tim.o(.text)
    TIM_SetIC4Prescaler                      0x08002ea5   Thumb Code    26  stm32f4xx_tim.o(.text)
    TIM_SetIC3Prescaler                      0x08002f0f   Thumb Code    18  stm32f4xx_tim.o(.text)
    TIM_SetIC2Prescaler                      0x08002f69   Thumb Code    26  stm32f4xx_tim.o(.text)
    TIM_SetIC1Prescaler                      0x08002fdd   Thumb Code    18  stm32f4xx_tim.o(.text)
    TIM_ICInit                               0x08003029   Thumb Code   110  stm32f4xx_tim.o(.text)
    TIM_ICStructInit                         0x08003097   Thumb Code    18  stm32f4xx_tim.o(.text)
    TIM_PWMIConfig                           0x080030a9   Thumb Code   124  stm32f4xx_tim.o(.text)
    TIM_GetCapture1                          0x08003125   Thumb Code     6  stm32f4xx_tim.o(.text)
    TIM_GetCapture2                          0x0800312b   Thumb Code     6  stm32f4xx_tim.o(.text)
    TIM_GetCapture3                          0x08003131   Thumb Code     6  stm32f4xx_tim.o(.text)
    TIM_GetCapture4                          0x08003137   Thumb Code     6  stm32f4xx_tim.o(.text)
    TIM_BDTRConfig                           0x0800313d   Thumb Code    32  stm32f4xx_tim.o(.text)
    TIM_BDTRStructInit                       0x0800315d   Thumb Code    18  stm32f4xx_tim.o(.text)
    TIM_CtrlPWMOutputs                       0x0800316f   Thumb Code    30  stm32f4xx_tim.o(.text)
    TIM_SelectCOM                            0x0800318d   Thumb Code    24  stm32f4xx_tim.o(.text)
    TIM_CCPreloadControl                     0x080031a5   Thumb Code    24  stm32f4xx_tim.o(.text)
    TIM_ITConfig                             0x080031bd   Thumb Code    18  stm32f4xx_tim.o(.text)
    TIM_GenerateEvent                        0x080031cf   Thumb Code     4  stm32f4xx_tim.o(.text)
    TIM_GetFlagStatus                        0x080031d3   Thumb Code    18  stm32f4xx_tim.o(.text)
    TIM_ClearFlag                            0x080031e5   Thumb Code     6  stm32f4xx_tim.o(.text)
    TIM_GetITStatus                          0x080031eb   Thumb Code    34  stm32f4xx_tim.o(.text)
    TIM_ClearITPendingBit                    0x0800320d   Thumb Code     6  stm32f4xx_tim.o(.text)
    TIM_DMAConfig                            0x08003213   Thumb Code    10  stm32f4xx_tim.o(.text)
    TIM_DMACmd                               0x0800321d   Thumb Code    18  stm32f4xx_tim.o(.text)
    TIM_SelectCCDMA                          0x0800322f   Thumb Code    24  stm32f4xx_tim.o(.text)
    TIM_InternalClockConfig                  0x08003247   Thumb Code    12  stm32f4xx_tim.o(.text)
    TIM_SelectInputTrigger                   0x08003253   Thumb Code    18  stm32f4xx_tim.o(.text)
    TIM_ITRxExternalClockConfig              0x08003265   Thumb Code    24  stm32f4xx_tim.o(.text)
    TIM_TIxExternalClockConfig               0x0800327d   Thumb Code    62  stm32f4xx_tim.o(.text)
    TIM_ETRConfig                            0x080032bb   Thumb Code    28  stm32f4xx_tim.o(.text)
    TIM_ETRClockMode1Config                  0x080032d7   Thumb Code    54  stm32f4xx_tim.o(.text)
    TIM_ETRClockMode2Config                  0x0800330d   Thumb Code    32  stm32f4xx_tim.o(.text)
    TIM_SelectOutputTrigger                  0x0800332d   Thumb Code    18  stm32f4xx_tim.o(.text)
    TIM_SelectSlaveMode                      0x0800333f   Thumb Code    18  stm32f4xx_tim.o(.text)
    TIM_SelectMasterSlaveMode                0x08003351   Thumb Code    18  stm32f4xx_tim.o(.text)
    TIM_EncoderInterfaceConfig               0x08003363   Thumb Code    66  stm32f4xx_tim.o(.text)
    TIM_SelectHallSensor                     0x080033a5   Thumb Code    24  stm32f4xx_tim.o(.text)
    TIM_RemapConfig                          0x080033bd   Thumb Code     6  stm32f4xx_tim.o(.text)
    get_ms                                   0x080033c5   Thumb Code     2  inv_mpu.o(.text)
    mpu_reg_dump                             0x08003451   Thumb Code    72  inv_mpu.o(.text)
    mpu_read_reg                             0x08003499   Thumb Code    66  inv_mpu.o(.text)
    mpu_set_int_latched                      0x080034db   Thumb Code   102  inv_mpu.o(.text)
    mpu_set_sensors                          0x08003541   Thumb Code   354  inv_mpu.o(.text)
    mpu_set_compass_sample_rate              0x080036a3   Thumb Code    92  inv_mpu.o(.text)
    mpu_set_bypass                           0x080036ff   Thumb Code   332  inv_mpu.o(.text)
    mpu_reset_fifo                           0x08003a85   Thumb Code   474  inv_mpu.o(.text)
    mpu_configure_fifo                       0x08003c5f   Thumb Code   106  inv_mpu.o(.text)
    mpu_set_lpf                              0x08003cc9   Thumb Code   126  inv_mpu.o(.text)
    mpu_lp_accel_mode                        0x08003d47   Thumb Code   280  inv_mpu.o(.text)
    mpu_set_sample_rate                      0x08003e5f   Thumb Code   174  inv_mpu.o(.text)
    mpu_set_accel_fsr                        0x08003f0d   Thumb Code   126  inv_mpu.o(.text)
    mpu_set_gyro_fsr                         0x08003f8b   Thumb Code   138  inv_mpu.o(.text)
    mpu_init                                 0x08004015   Thumb Code   286  inv_mpu.o(.text)
    mpu_get_gyro_reg                         0x08004133   Thumb Code   110  inv_mpu.o(.text)
    mpu_get_accel_reg                        0x080041a1   Thumb Code   110  inv_mpu.o(.text)
    mpu_get_temperature                      0x0800420f   Thumb Code   142  inv_mpu.o(.text)
    mpu_set_accel_bias                       0x0800429d   Thumb Code   396  inv_mpu.o(.text)
    mpu_get_gyro_fsr                         0x08004429   Thumb Code    64  inv_mpu.o(.text)
    mpu_get_accel_fsr                        0x08004469   Thumb Code    72  inv_mpu.o(.text)
    mpu_get_lpf                              0x080044b1   Thumb Code    74  inv_mpu.o(.text)
    mpu_get_sample_rate                      0x080044fb   Thumb Code    26  inv_mpu.o(.text)
    mpu_get_compass_sample_rate              0x08004515   Thumb Code    12  inv_mpu.o(.text)
    mpu_get_gyro_sens                        0x08004521   Thumb Code    74  inv_mpu.o(.text)
    mpu_get_accel_sens                       0x0800456b   Thumb Code    78  inv_mpu.o(.text)
    mpu_get_fifo_config                      0x080045b9   Thumb Code    12  inv_mpu.o(.text)
    mpu_get_power_state                      0x080045c5   Thumb Code    22  inv_mpu.o(.text)
    mpu_get_int_status                       0x080045db   Thumb Code    64  inv_mpu.o(.text)
    mpu_read_fifo                            0x0800461b   Thumb Code   522  inv_mpu.o(.text)
    mpu_read_fifo_stream                     0x08004825   Thumb Code   186  inv_mpu.o(.text)
    mpu_set_int_level                        0x080048df   Thumb Code    12  inv_mpu.o(.text)
    mpu_set_dmp_state                        0x08004d57   Thumb Code   138  inv_mpu.o(.text)
    mpu_run_self_test                        0x08004de1   Thumb Code   168  inv_mpu.o(.text)
    mpu_write_mem                            0x08004e89   Thumb Code   122  inv_mpu.o(.text)
    mpu_read_mem                             0x08004f03   Thumb Code   122  inv_mpu.o(.text)
    mpu_load_firmware                        0x08004f7d   Thumb Code   188  inv_mpu.o(.text)
    mpu_get_dmp_state                        0x08005039   Thumb Code    14  inv_mpu.o(.text)
    mpu_get_compass_reg                      0x08005047   Thumb Code   202  inv_mpu.o(.text)
    mpu_get_compass_fsr                      0x08005111   Thumb Code    14  inv_mpu.o(.text)
    mpu_lp_motion_interrupt                  0x0800511f   Thumb Code   606  inv_mpu.o(.text)
    dmp_load_motion_driver_firmware          0x08005381   Thumb Code    20  inv_mpu_dmp_motion_driver.o(.text)
    dmp_set_orientation                      0x08005395   Thumb Code   290  inv_mpu_dmp_motion_driver.o(.text)
    dmp_set_gyro_bias                        0x080054b7   Thumb Code   294  inv_mpu_dmp_motion_driver.o(.text)
    dmp_set_accel_bias                       0x080055dd   Thumb Code   300  inv_mpu_dmp_motion_driver.o(.text)
    dmp_set_fifo_rate                        0x08005709   Thumb Code   136  inv_mpu_dmp_motion_driver.o(.text)
    dmp_get_fifo_rate                        0x08005791   Thumb Code    12  inv_mpu_dmp_motion_driver.o(.text)
    dmp_set_tap_thresh                       0x0800579d   Thumb Code   412  inv_mpu_dmp_motion_driver.o(.text)
    dmp_set_tap_axes                         0x08005939   Thumb Code    70  inv_mpu_dmp_motion_driver.o(.text)
    dmp_set_tap_count                        0x0800597f   Thumb Code    38  inv_mpu_dmp_motion_driver.o(.text)
    dmp_set_tap_time                         0x080059a5   Thumb Code    38  inv_mpu_dmp_motion_driver.o(.text)
    dmp_set_tap_time_multi                   0x080059cb   Thumb Code    38  inv_mpu_dmp_motion_driver.o(.text)
    dmp_set_shake_reject_thresh              0x080059f1   Thumb Code    56  inv_mpu_dmp_motion_driver.o(.text)
    dmp_set_shake_reject_time                0x08005a29   Thumb Code    38  inv_mpu_dmp_motion_driver.o(.text)
    dmp_set_shake_reject_timeout             0x08005a4f   Thumb Code    38  inv_mpu_dmp_motion_driver.o(.text)
    dmp_get_pedometer_step_count             0x08005a75   Thumb Code    66  inv_mpu_dmp_motion_driver.o(.text)
    dmp_set_pedometer_step_count             0x08005ab7   Thumb Code    42  inv_mpu_dmp_motion_driver.o(.text)
    dmp_get_pedometer_walk_time              0x08005ae1   Thumb Code    72  inv_mpu_dmp_motion_driver.o(.text)
    dmp_set_pedometer_walk_time              0x08005b29   Thumb Code    48  inv_mpu_dmp_motion_driver.o(.text)
    dmp_enable_6x_lp_quat                    0x08005b59   Thumb Code   100  inv_mpu_dmp_motion_driver.o(.text)
    dmp_enable_lp_quat                       0x08005bbd   Thumb Code    60  inv_mpu_dmp_motion_driver.o(.text)
    dmp_enable_gyro_cal                      0x08005bf9   Thumb Code    62  inv_mpu_dmp_motion_driver.o(.text)
    dmp_enable_feature                       0x08005c37   Thumb Code   530  inv_mpu_dmp_motion_driver.o(.text)
    dmp_get_enabled_features                 0x08005e49   Thumb Code    12  inv_mpu_dmp_motion_driver.o(.text)
    dmp_set_interrupt_mode                   0x08005eb3   Thumb Code    66  inv_mpu_dmp_motion_driver.o(.text)
    dmp_read_fifo                            0x08005ef5   Thumb Code   514  inv_mpu_dmp_motion_driver.o(.text)
    dmp_register_tap_cb                      0x080060f7   Thumb Code    10  inv_mpu_dmp_motion_driver.o(.text)
    dmp_register_android_orient_cb           0x08006101   Thumb Code    10  inv_mpu_dmp_motion_driver.o(.text)
    __use_no_semihosting                     0x08006111   Thumb Code     2  use_no_semi_2.o(.text)
    __aeabi_ldivmod                          0x08006113   Thumb Code     0  llsdiv.o(.text)
    _ll_sdiv                                 0x08006113   Thumb Code    72  llsdiv.o(.text)
    __2printf                                0x0800615d   Thumb Code    20  noretval__2printf.o(.text)
    _printf_pre_padding                      0x08006175   Thumb Code    44  _printf_pad.o(.text)
    _printf_post_padding                     0x080061a1   Thumb Code    34  _printf_pad.o(.text)
    _printf_int_dec                          0x080061c5   Thumb Code   104  _printf_dec.o(.text)
    _printf_int_hex                          0x0800623d   Thumb Code    84  _printf_hex_int.o(.text)
    _printf_longlong_hex                     0x0800623d   Thumb Code     0  _printf_hex_int.o(.text)
    __printf                                 0x08006295   Thumb Code   308  __printf_flags_wp.o(.text)
    memcmp                                   0x080063cd   Thumb Code    88  memcmp.o(.text)
    __aeabi_memset                           0x08006425   Thumb Code    16  aeabi_memset.o(.text)
    __use_two_region_memory                  0x08006435   Thumb Code     2  heapauxi.o(.text)
    __rt_heap_escrow$2region                 0x08006437   Thumb Code     2  heapauxi.o(.text)
    __rt_heap_expand$2region                 0x08006439   Thumb Code     2  heapauxi.o(.text)
    __I$use$semihosting                      0x0800643b   Thumb Code     0  use_no_semi.o(.text)
    __use_no_semihosting_swi                 0x0800643b   Thumb Code     2  use_no_semi.o(.text)
    __aeabi_uldivmod                         0x0800643d   Thumb Code     0  lludivv7m.o(.text)
    _ll_udiv                                 0x0800643d   Thumb Code   238  lludivv7m.o(.text)
    __read_errno                             0x0800652b   Thumb Code    10  _rserrno.o(.text)
    __set_errno                              0x08006535   Thumb Code    12  _rserrno.o(.text)
    _printf_int_common                       0x08006541   Thumb Code   178  _printf_intcommon.o(.text)
    __lib_sel_fp_printf                      0x080065f3   Thumb Code     2  _printf_fp_dec.o(.text)
    _printf_fp_dec_real                      0x080067a5   Thumb Code   620  _printf_fp_dec.o(.text)
    _printf_char_file                        0x08006a11   Thumb Code    32  _printf_char_file.o(.text)
    __aeabi_memclr                           0x08006a35   Thumb Code     0  rt_memclr.o(.text)
    __rt_memclr                              0x08006a35   Thumb Code    68  rt_memclr.o(.text)
    _memset                                  0x08006a39   Thumb Code     0  rt_memclr.o(.text)
    __rt_locale                              0x08006a79   Thumb Code     8  rt_locale_intlibspace.o(.text)
    __aeabi_errno_addr                       0x08006a81   Thumb Code     8  rt_errno_addr_intlibspace.o(.text)
    __errno$intlibspace                      0x08006a81   Thumb Code     0  rt_errno_addr_intlibspace.o(.text)
    __rt_errno_addr$intlibspace              0x08006a81   Thumb Code     0  rt_errno_addr_intlibspace.o(.text)
    _ll_udiv10                               0x08006a89   Thumb Code   138  lludiv10.o(.text)
    _printf_char_common                      0x08006b1f   Thumb Code    32  _printf_char_common.o(.text)
    _printf_fp_infnan                        0x08006b45   Thumb Code   112  _printf_fp_infnan.o(.text)
    _btod_etento                             0x08006bc5   Thumb Code   224  bigflt0.o(.text)
    ferror                                   0x08006ca9   Thumb Code     8  ferror.o(.text)
    __aeabi_memclr4                          0x08006cb1   Thumb Code     0  rt_memclr_w.o(.text)
    __aeabi_memclr8                          0x08006cb1   Thumb Code     0  rt_memclr_w.o(.text)
    __rt_memclr_w                            0x08006cb1   Thumb Code    78  rt_memclr_w.o(.text)
    _memset_w                                0x08006cb5   Thumb Code     0  rt_memclr_w.o(.text)
    __user_libspace                          0x08006d01   Thumb Code     8  libspace.o(.text)
    __user_perproc_libspace                  0x08006d01   Thumb Code     0  libspace.o(.text)
    __user_perthread_libspace                0x08006d01   Thumb Code     0  libspace.o(.text)
    __user_setup_stackheap                   0x08006d09   Thumb Code    74  sys_stackheap_outer.o(.text)
    exit                                     0x08006d53   Thumb Code    18  exit.o(.text)
    strcmp                                   0x08006d65   Thumb Code   128  strcmpv7m.o(.text)
    _btod_d2e                                0x08006de5   Thumb Code    62  btod.o(CL$$btod_d2e)
    _d2e_denorm_low                          0x08006e23   Thumb Code    70  btod.o(CL$$btod_d2e_denorm_low)
    _d2e_norm_op1                            0x08006e69   Thumb Code    96  btod.o(CL$$btod_d2e_norm_op1)
    __btod_div_common                        0x08006ec9   Thumb Code   696  btod.o(CL$$btod_div_common)
    _e2e                                     0x08007201   Thumb Code   220  btod.o(CL$$btod_e2e)
    _btod_ediv                               0x080072dd   Thumb Code    42  btod.o(CL$$btod_ediv)
    _btod_emul                               0x08007307   Thumb Code    42  btod.o(CL$$btod_emul)
    __btod_mult_common                       0x08007331   Thumb Code   580  btod.o(CL$$btod_mult_common)
    __ARM_fpclassify                         0x08007575   Thumb Code    48  fpclassify.o(i.__ARM_fpclassify)
    __hardfp_asin                            0x080075a9   Thumb Code   770  asin.o(i.__hardfp_asin)
    __hardfp_atan                            0x08007909   Thumb Code   622  atan.o(i.__hardfp_atan)
    __hardfp_atan2                           0x08007be1   Thumb Code   432  atan2.o(i.__hardfp_atan2)
    __kernel_poly                            0x08007dd1   Thumb Code   248  poly.o(i.__kernel_poly)
    __mathlib_dbl_infnan                     0x08007ec9   Thumb Code    20  dunder.o(i.__mathlib_dbl_infnan)
    __mathlib_dbl_infnan2                    0x08007edd   Thumb Code    20  dunder.o(i.__mathlib_dbl_infnan2)
    __mathlib_dbl_invalid                    0x08007ef1   Thumb Code    24  dunder.o(i.__mathlib_dbl_invalid)
    __mathlib_dbl_underflow                  0x08007f11   Thumb Code    24  dunder.o(i.__mathlib_dbl_underflow)
    _is_digit                                0x08007f31   Thumb Code    14  __printf_wp.o(i._is_digit)
    atan                                     0x08007f3f   Thumb Code    16  atan.o(i.atan)
    fabs                                     0x08007f4f   Thumb Code    24  fabs.o(i.fabs)
    sqrt                                     0x08007f67   Thumb Code   110  sqrt.o(i.sqrt)
    _get_lc_numeric                          0x08007fd5   Thumb Code    44  lc_numeric_c.o(locale$$code)
    __aeabi_dneg                             0x08008001   Thumb Code     0  basic.o(x$fpl$basic)
    _dneg                                    0x08008001   Thumb Code     6  basic.o(x$fpl$basic)
    __aeabi_fneg                             0x08008007   Thumb Code     0  basic.o(x$fpl$basic)
    _fneg                                    0x08008007   Thumb Code     6  basic.o(x$fpl$basic)
    _dabs                                    0x0800800d   Thumb Code     6  basic.o(x$fpl$basic)
    _fabs                                    0x08008013   Thumb Code     6  basic.o(x$fpl$basic)
    __aeabi_d2f                              0x08008019   Thumb Code     0  d2f.o(x$fpl$d2f)
    _d2f                                     0x08008019   Thumb Code    98  d2f.o(x$fpl$d2f)
    __aeabi_dadd                             0x0800807d   Thumb Code     0  daddsub_clz.o(x$fpl$dadd)
    _dadd                                    0x0800807d   Thumb Code   332  daddsub_clz.o(x$fpl$dadd)
    __aeabi_ddiv                             0x080081cd   Thumb Code     0  ddiv.o(x$fpl$ddiv)
    _ddiv                                    0x080081cd   Thumb Code   552  ddiv.o(x$fpl$ddiv)
    __aeabi_i2d                              0x0800847d   Thumb Code     0  dflt_clz.o(x$fpl$dflt)
    _dflt                                    0x0800847d   Thumb Code    46  dflt_clz.o(x$fpl$dflt)
    __aeabi_dmul                             0x080084ad   Thumb Code     0  dmul.o(x$fpl$dmul)
    _dmul                                    0x080084ad   Thumb Code   332  dmul.o(x$fpl$dmul)
    __fpl_dnaninf                            0x08008601   Thumb Code   156  dnaninf.o(x$fpl$dnaninf)
    __fpl_dretinf                            0x0800869d   Thumb Code    12  dretinf.o(x$fpl$dretinf)
    __aeabi_drsub                            0x080086a9   Thumb Code     0  daddsub_clz.o(x$fpl$drsb)
    _drsb                                    0x080086a9   Thumb Code    22  daddsub_clz.o(x$fpl$drsb)
    _dsqrt                                   0x080086c1   Thumb Code   404  dsqrt_umaal.o(x$fpl$dsqrt)
    __aeabi_dsub                             0x08008859   Thumb Code     0  daddsub_clz.o(x$fpl$dsub)
    _dsub                                    0x08008859   Thumb Code   464  daddsub_clz.o(x$fpl$dsub)
    __aeabi_f2d                              0x08008a2d   Thumb Code     0  f2d.o(x$fpl$f2d)
    _f2d                                     0x08008a2d   Thumb Code    86  f2d.o(x$fpl$f2d)
    __fpl_fnaninf                            0x08008a83   Thumb Code   140  fnaninf.o(x$fpl$fnaninf)
    _fp_init                                 0x08008b0f   Thumb Code    10  fpinit.o(x$fpl$fpinit)
    __fplib_config_fpu_vfp                   0x08008b17   Thumb Code     0  fpinit.o(x$fpl$fpinit)
    __fplib_config_pureend_doubles           0x08008b17   Thumb Code     0  fpinit.o(x$fpl$fpinit)
    __fpl_fretinf                            0x08008b19   Thumb Code    10  fretinf.o(x$fpl$fretinf)
    _printf_fp_dec                           0x08008b23   Thumb Code     4  printf1.o(x$fpl$printf1)
    __I$use$fp                               0x08008b26   Number         0  usenofp.o(x$fpl$usenofp)
    reg                                      0x08008b28   Data          42  inv_mpu.o(.constdata)
    hw                                       0x08008b52   Data          14  inv_mpu.o(.constdata)
    test                                     0x08008b60   Data          40  inv_mpu.o(.constdata)
    __mathlib_zero                           0x080098a0   Data           8  qnan.o(.constdata)
    Region$$Table$$Base                      0x0800993c   Number         0  anon$$obj.o(Region$$Table)
    Region$$Table$$Limit                     0x0800995c   Number         0  anon$$obj.o(Region$$Table)
    SystemCoreClock                          0x20000000   Data           4  system_stm32f4xx.o(.data)
    AHBPrescTable                            0x20000004   Data          16  system_stm32f4xx.o(.data)
    q0                                       0x20000020   Data           4  mpu9250.o(.data)
    q1                                       0x20000024   Data           4  mpu9250.o(.data)
    q2                                       0x20000028   Data           4  mpu9250.o(.data)
    q3                                       0x2000002c   Data           4  mpu9250.o(.data)
    Pitch                                    0x20000030   Data           4  mpu9250.o(.data)
    Roll                                     0x20000034   Data           4  mpu9250.o(.data)
    Yaw                                      0x20000038   Data           4  mpu9250.o(.data)
    temp                                     0x2000003c   Data           4  mpu9250.o(.data)
    sensor_timestamp                         0x20000040   Data           4  mpu9250.o(.data)
    gyro                                     0x20000044   Data           6  mpu9250.o(.data)
    accel                                    0x2000004a   Data           6  mpu9250.o(.data)
    sensors                                  0x20000050   Data           2  mpu9250.o(.data)
    more                                     0x20000052   Data           1  mpu9250.o(.data)
    TIMER3_10ms_Ticktock_FLAG                0x20000053   Data           1  timer.o(.data)
    sysFlag                                  0x20000058   Data           4  sys.o(.data)
    __stdout                                 0x2000005c   Data           4  usart.o(.data)
    USART_RX_STA                             0x20000060   Data           2  usart.o(.data)
    quat                                     0x200000ac   Data          16  mpu9250.o(.bss)
    USART_RX_BUF                             0x200000bc   Data         200  usart.o(.bss)
    __libspace_start                         0x20000194   Data          96  libspace.o(.bss)
    __temporary_stack_top$libspace           0x200001f4   Data           0  libspace.o(.bss)



==============================================================================

Memory Map of the image

  Image Entry point : 0x08000189

  Load Region LR_IROM1 (Base: 0x08000000, Size: 0x00009a24, Max: 0x00100000, ABSOLUTE)

    Execution Region ER_IROM1 (Exec base: 0x08000000, Load base: 0x08000000, Size: 0x00009978, Max: 0x00100000, ABSOLUTE)

    Exec Addr    Load Addr    Size         Type   Attr      Idx    E Section Name        Object

    0x08000000   0x08000000   0x00000188   Data   RO          441    RESET               startup_stm32f40_41xxx.o
    0x08000188   0x08000188   0x00000008   Code   RO          717  * !!!main             c_w.l(__main.o)
    0x08000190   0x08000190   0x00000034   Code   RO         1069    !!!scatter          c_w.l(__scatter.o)
    0x080001c4   0x080001c4   0x0000001a   Code   RO         1071    !!handler_copy      c_w.l(__scatter_copy.o)
    0x080001de   0x080001de   0x00000002   PAD
    0x080001e0   0x080001e0   0x0000001c   Code   RO         1073    !!handler_zi        c_w.l(__scatter_zi.o)
    0x080001fc   0x080001fc   0x00000000   Code   RO          710    .ARM.Collect$$_printf_percent$$00000000  c_w.l(_printf_percent.o)
    0x080001fc   0x080001fc   0x00000006   Code   RO          709    .ARM.Collect$$_printf_percent$$00000003  c_w.l(_printf_f.o)
    0x08000202   0x08000202   0x00000006   Code   RO          708    .ARM.Collect$$_printf_percent$$00000009  c_w.l(_printf_d.o)
    0x08000208   0x08000208   0x00000006   Code   RO          707    .ARM.Collect$$_printf_percent$$0000000C  c_w.l(_printf_x.o)
    0x0800020e   0x0800020e   0x00000004   Code   RO          782    .ARM.Collect$$_printf_percent$$00000017  c_w.l(_printf_percent_end.o)
    0x08000212   0x08000212   0x00000002   Code   RO          940    .ARM.Collect$$libinit$$00000000  c_w.l(libinit.o)
    0x08000214   0x08000214   0x00000004   Code   RO          941    .ARM.Collect$$libinit$$00000001  c_w.l(libinit2.o)
    0x08000218   0x08000218   0x00000000   Code   RO          944    .ARM.Collect$$libinit$$00000004  c_w.l(libinit2.o)
    0x08000218   0x08000218   0x00000000   Code   RO          947    .ARM.Collect$$libinit$$0000000A  c_w.l(libinit2.o)
    0x08000218   0x08000218   0x00000000   Code   RO          949    .ARM.Collect$$libinit$$0000000C  c_w.l(libinit2.o)
    0x08000218   0x08000218   0x00000000   Code   RO          951    .ARM.Collect$$libinit$$0000000E  c_w.l(libinit2.o)
    0x08000218   0x08000218   0x00000006   Code   RO          952    .ARM.Collect$$libinit$$0000000F  c_w.l(libinit2.o)
    0x0800021e   0x0800021e   0x00000000   Code   RO          954    .ARM.Collect$$libinit$$00000011  c_w.l(libinit2.o)
    0x0800021e   0x0800021e   0x00000000   Code   RO          956    .ARM.Collect$$libinit$$00000013  c_w.l(libinit2.o)
    0x0800021e   0x0800021e   0x00000000   Code   RO          958    .ARM.Collect$$libinit$$00000015  c_w.l(libinit2.o)
    0x0800021e   0x0800021e   0x0000000a   Code   RO          959    .ARM.Collect$$libinit$$00000016  c_w.l(libinit2.o)
    0x08000228   0x08000228   0x00000000   Code   RO          960    .ARM.Collect$$libinit$$00000017  c_w.l(libinit2.o)
    0x08000228   0x08000228   0x00000000   Code   RO          962    .ARM.Collect$$libinit$$00000019  c_w.l(libinit2.o)
    0x08000228   0x08000228   0x00000000   Code   RO          964    .ARM.Collect$$libinit$$0000001B  c_w.l(libinit2.o)
    0x08000228   0x08000228   0x00000000   Code   RO          966    .ARM.Collect$$libinit$$0000001D  c_w.l(libinit2.o)
    0x08000228   0x08000228   0x00000000   Code   RO          968    .ARM.Collect$$libinit$$0000001F  c_w.l(libinit2.o)
    0x08000228   0x08000228   0x00000000   Code   RO          970    .ARM.Collect$$libinit$$00000021  c_w.l(libinit2.o)
    0x08000228   0x08000228   0x00000000   Code   RO          972    .ARM.Collect$$libinit$$00000023  c_w.l(libinit2.o)
    0x08000228   0x08000228   0x00000000   Code   RO          974    .ARM.Collect$$libinit$$00000025  c_w.l(libinit2.o)
    0x08000228   0x08000228   0x00000000   Code   RO          978    .ARM.Collect$$libinit$$0000002C  c_w.l(libinit2.o)
    0x08000228   0x08000228   0x00000000   Code   RO          980    .ARM.Collect$$libinit$$0000002E  c_w.l(libinit2.o)
    0x08000228   0x08000228   0x00000000   Code   RO          982    .ARM.Collect$$libinit$$00000030  c_w.l(libinit2.o)
    0x08000228   0x08000228   0x00000000   Code   RO          984    .ARM.Collect$$libinit$$00000032  c_w.l(libinit2.o)
    0x08000228   0x08000228   0x00000002   Code   RO          985    .ARM.Collect$$libinit$$00000033  c_w.l(libinit2.o)
    0x0800022a   0x0800022a   0x00000002   Code   RO         1029    .ARM.Collect$$libshutdown$$00000000  c_w.l(libshutdown.o)
    0x0800022c   0x0800022c   0x00000000   Code   RO         1038    .ARM.Collect$$libshutdown$$00000002  c_w.l(libshutdown2.o)
    0x0800022c   0x0800022c   0x00000000   Code   RO         1040    .ARM.Collect$$libshutdown$$00000004  c_w.l(libshutdown2.o)
    0x0800022c   0x0800022c   0x00000000   Code   RO         1043    .ARM.Collect$$libshutdown$$00000007  c_w.l(libshutdown2.o)
    0x0800022c   0x0800022c   0x00000000   Code   RO         1046    .ARM.Collect$$libshutdown$$0000000A  c_w.l(libshutdown2.o)
    0x0800022c   0x0800022c   0x00000000   Code   RO         1048    .ARM.Collect$$libshutdown$$0000000C  c_w.l(libshutdown2.o)
    0x0800022c   0x0800022c   0x00000000   Code   RO         1051    .ARM.Collect$$libshutdown$$0000000F  c_w.l(libshutdown2.o)
    0x0800022c   0x0800022c   0x00000002   Code   RO         1052    .ARM.Collect$$libshutdown$$00000010  c_w.l(libshutdown2.o)
    0x0800022e   0x0800022e   0x00000000   Code   RO          771    .ARM.Collect$$rtentry$$00000000  c_w.l(__rtentry.o)
    0x0800022e   0x0800022e   0x00000000   Code   RO          848    .ARM.Collect$$rtentry$$00000002  c_w.l(__rtentry2.o)
    0x0800022e   0x0800022e   0x00000006   Code   RO          860    .ARM.Collect$$rtentry$$00000004  c_w.l(__rtentry4.o)
    0x08000234   0x08000234   0x00000000   Code   RO          850    .ARM.Collect$$rtentry$$00000009  c_w.l(__rtentry2.o)
    0x08000234   0x08000234   0x00000004   Code   RO          851    .ARM.Collect$$rtentry$$0000000A  c_w.l(__rtentry2.o)
    0x08000238   0x08000238   0x00000000   Code   RO          853    .ARM.Collect$$rtentry$$0000000C  c_w.l(__rtentry2.o)
    0x08000238   0x08000238   0x00000008   Code   RO          854    .ARM.Collect$$rtentry$$0000000D  c_w.l(__rtentry2.o)
    0x08000240   0x08000240   0x00000002   Code   RO          988    .ARM.Collect$$rtexit$$00000000  c_w.l(rtexit.o)
    0x08000242   0x08000242   0x00000000   Code   RO          999    .ARM.Collect$$rtexit$$00000002  c_w.l(rtexit2.o)
    0x08000242   0x08000242   0x00000004   Code   RO         1000    .ARM.Collect$$rtexit$$00000003  c_w.l(rtexit2.o)
    0x08000246   0x08000246   0x00000006   Code   RO         1001    .ARM.Collect$$rtexit$$00000004  c_w.l(rtexit2.o)
    0x0800024c   0x0800024c   0x00000148   Code   RO            3    .text               main.o
    0x08000394   0x08000394   0x00000018   Code   RO          158    .text               stm32f4xx_it.o
    0x080003ac   0x080003ac   0x00000210   Code   RO          207    .text               system_stm32f4xx.o
    0x080005bc   0x080005bc   0x0000004c   Code   RO          233    .text               led.o
    0x08000608   0x08000608   0x00000334   Code   RO          277    .text               myiic.o
    0x0800093c   0x0800093c   0x00000c2e   Code   RO          297    .text               mpu9250.o
    0x0800156a   0x0800156a   0x00000002   PAD
    0x0800156c   0x0800156c   0x0000007c   Code   RO          331    .text               timer.o
    0x080015e8   0x080015e8   0x00000104   Code   RO          354    .text               delay.o
    0x080016ec   0x080016ec   0x00000084   Code   RO          377    .text               sys.o
    0x08001770   0x08001770   0x0000014c   Code   RO          410    .text               usart.o
    0x080018bc   0x080018bc   0x00000040   Code   RO          442    .text               startup_stm32f40_41xxx.o
    0x080018fc   0x080018fc   0x000000e0   Code   RO          448    .text               misc.o
    0x080019dc   0x080019dc   0x00000294   Code   RO          468    .text               stm32f4xx_gpio.o
    0x08001c70   0x08001c70   0x0000065c   Code   RO          511    .text               stm32f4xx_rcc.o
    0x080022cc   0x080022cc   0x00000454   Code   RO          553    .text               stm32f4xx_usart.o
    0x08002720   0x08002720   0x00000ca2   Code   RO          573    .text               stm32f4xx_tim.o
    0x080033c2   0x080033c2   0x00000002   PAD
    0x080033c4   0x080033c4   0x00001fbc   Code   RO          593    .text               inv_mpu.o
    0x08005380   0x08005380   0x00000d90   Code   RO          623    .text               inv_mpu_dmp_motion_driver.o
    0x08006110   0x08006110   0x00000002   Code   RO          652    .text               c_w.l(use_no_semi_2.o)
    0x08006112   0x08006112   0x00000048   Code   RO          654    .text               c_w.l(llsdiv.o)
    0x0800615a   0x0800615a   0x00000002   PAD
    0x0800615c   0x0800615c   0x00000018   Code   RO          658    .text               c_w.l(noretval__2printf.o)
    0x08006174   0x08006174   0x0000004e   Code   RO          662    .text               c_w.l(_printf_pad.o)
    0x080061c2   0x080061c2   0x00000002   PAD
    0x080061c4   0x080061c4   0x00000078   Code   RO          664    .text               c_w.l(_printf_dec.o)
    0x0800623c   0x0800623c   0x00000058   Code   RO          669    .text               c_w.l(_printf_hex_int.o)
    0x08006294   0x08006294   0x00000138   Code   RO          699    .text               c_w.l(__printf_flags_wp.o)
    0x080063cc   0x080063cc   0x00000058   Code   RO          711    .text               c_w.l(memcmp.o)
    0x08006424   0x08006424   0x00000010   Code   RO          713    .text               c_w.l(aeabi_memset.o)
    0x08006434   0x08006434   0x00000006   Code   RO          715    .text               c_w.l(heapauxi.o)
    0x0800643a   0x0800643a   0x00000002   Code   RO          769    .text               c_w.l(use_no_semi.o)
    0x0800643c   0x0800643c   0x000000ee   Code   RO          772    .text               c_w.l(lludivv7m.o)
    0x0800652a   0x0800652a   0x00000016   Code   RO          774    .text               c_w.l(_rserrno.o)
    0x08006540   0x08006540   0x000000b2   Code   RO          776    .text               c_w.l(_printf_intcommon.o)
    0x080065f2   0x080065f2   0x0000041e   Code   RO          778    .text               c_w.l(_printf_fp_dec.o)
    0x08006a10   0x08006a10   0x00000024   Code   RO          780    .text               c_w.l(_printf_char_file.o)
    0x08006a34   0x08006a34   0x00000044   Code   RO          783    .text               c_w.l(rt_memclr.o)
    0x08006a78   0x08006a78   0x00000008   Code   RO          869    .text               c_w.l(rt_locale_intlibspace.o)
    0x08006a80   0x08006a80   0x00000008   Code   RO          874    .text               c_w.l(rt_errno_addr_intlibspace.o)
    0x08006a88   0x08006a88   0x0000008a   Code   RO          876    .text               c_w.l(lludiv10.o)
    0x08006b12   0x08006b12   0x00000002   PAD
    0x08006b14   0x08006b14   0x00000030   Code   RO          878    .text               c_w.l(_printf_char_common.o)
    0x08006b44   0x08006b44   0x00000080   Code   RO          880    .text               c_w.l(_printf_fp_infnan.o)
    0x08006bc4   0x08006bc4   0x000000e4   Code   RO          882    .text               c_w.l(bigflt0.o)
    0x08006ca8   0x08006ca8   0x00000008   Code   RO          907    .text               c_w.l(ferror.o)
    0x08006cb0   0x08006cb0   0x0000004e   Code   RO          914    .text               c_w.l(rt_memclr_w.o)
    0x08006cfe   0x08006cfe   0x00000002   PAD
    0x08006d00   0x08006d00   0x00000008   Code   RO          922    .text               c_w.l(libspace.o)
    0x08006d08   0x08006d08   0x0000004a   Code   RO          925    .text               c_w.l(sys_stackheap_outer.o)
    0x08006d52   0x08006d52   0x00000012   Code   RO          931    .text               c_w.l(exit.o)
    0x08006d64   0x08006d64   0x00000080   Code   RO          933    .text               c_w.l(strcmpv7m.o)
    0x08006de4   0x08006de4   0x0000003e   Code   RO          885    CL$$btod_d2e        c_w.l(btod.o)
    0x08006e22   0x08006e22   0x00000046   Code   RO          887    CL$$btod_d2e_denorm_low  c_w.l(btod.o)
    0x08006e68   0x08006e68   0x00000060   Code   RO          886    CL$$btod_d2e_norm_op1  c_w.l(btod.o)
    0x08006ec8   0x08006ec8   0x00000338   Code   RO          895    CL$$btod_div_common  c_w.l(btod.o)
    0x08007200   0x08007200   0x000000dc   Code   RO          892    CL$$btod_e2e        c_w.l(btod.o)
    0x080072dc   0x080072dc   0x0000002a   Code   RO          889    CL$$btod_ediv       c_w.l(btod.o)
    0x08007306   0x08007306   0x0000002a   Code   RO          888    CL$$btod_emul       c_w.l(btod.o)
    0x08007330   0x08007330   0x00000244   Code   RO          894    CL$$btod_mult_common  c_w.l(btod.o)
    0x08007574   0x08007574   0x00000030   Code   RO          830    i.__ARM_fpclassify  m_wm.l(fpclassify.o)
    0x080075a4   0x080075a4   0x00000004   PAD
    0x080075a8   0x080075a8   0x00000360   Code   RO          743    i.__hardfp_asin     m_wm.l(asin.o)
    0x08007908   0x08007908   0x000002d8   Code   RO          796    i.__hardfp_atan     m_wm.l(atan.o)
    0x08007be0   0x08007be0   0x000001f0   Code   RO          757    i.__hardfp_atan2    m_wm.l(atan2.o)
    0x08007dd0   0x08007dd0   0x000000f8   Code   RO          832    i.__kernel_poly     m_wm.l(poly.o)
    0x08007ec8   0x08007ec8   0x00000014   Code   RO          811    i.__mathlib_dbl_infnan  m_wm.l(dunder.o)
    0x08007edc   0x08007edc   0x00000014   Code   RO          812    i.__mathlib_dbl_infnan2  m_wm.l(dunder.o)
    0x08007ef0   0x08007ef0   0x00000020   Code   RO          813    i.__mathlib_dbl_invalid  m_wm.l(dunder.o)
    0x08007f10   0x08007f10   0x00000020   Code   RO          816    i.__mathlib_dbl_underflow  m_wm.l(dunder.o)
    0x08007f30   0x08007f30   0x0000000e   Code   RO          697    i._is_digit         c_w.l(__printf_wp.o)
    0x08007f3e   0x08007f3e   0x00000010   Code   RO          798    i.atan              m_wm.l(atan.o)
    0x08007f4e   0x08007f4e   0x00000018   Code   RO          826    i.fabs              m_wm.l(fabs.o)
    0x08007f66   0x08007f66   0x0000006e   Code   RO          837    i.sqrt              m_wm.l(sqrt.o)
    0x08007fd4   0x08007fd4   0x0000002c   Code   RO          912    locale$$code        c_w.l(lc_numeric_c.o)
    0x08008000   0x08008000   0x00000018   Code   RO          785    x$fpl$basic         fz_wm.l(basic.o)
    0x08008018   0x08008018   0x00000062   Code   RO          719    x$fpl$d2f           fz_wm.l(d2f.o)
    0x0800807a   0x0800807a   0x00000002   PAD
    0x0800807c   0x0800807c   0x00000150   Code   RO          721    x$fpl$dadd          fz_wm.l(daddsub_clz.o)
    0x080081cc   0x080081cc   0x000002b0   Code   RO          728    x$fpl$ddiv          fz_wm.l(ddiv.o)
    0x0800847c   0x0800847c   0x0000002e   Code   RO          732    x$fpl$dflt          fz_wm.l(dflt_clz.o)
    0x080084aa   0x080084aa   0x00000002   PAD
    0x080084ac   0x080084ac   0x00000154   Code   RO          737    x$fpl$dmul          fz_wm.l(dmul.o)
    0x08008600   0x08008600   0x0000009c   Code   RO          787    x$fpl$dnaninf       fz_wm.l(dnaninf.o)
    0x0800869c   0x0800869c   0x0000000c   Code   RO          789    x$fpl$dretinf       fz_wm.l(dretinf.o)
    0x080086a8   0x080086a8   0x00000016   Code   RO          722    x$fpl$drsb          fz_wm.l(daddsub_clz.o)
    0x080086be   0x080086be   0x00000002   PAD
    0x080086c0   0x080086c0   0x00000198   Code   RO          918    x$fpl$dsqrt         fz_wm.l(dsqrt_umaal.o)
    0x08008858   0x08008858   0x000001d4   Code   RO          723    x$fpl$dsub          fz_wm.l(daddsub_clz.o)
    0x08008a2c   0x08008a2c   0x00000056   Code   RO          739    x$fpl$f2d           fz_wm.l(f2d.o)
    0x08008a82   0x08008a82   0x0000008c   Code   RO          791    x$fpl$fnaninf       fz_wm.l(fnaninf.o)
    0x08008b0e   0x08008b0e   0x0000000a   Code   RO          996    x$fpl$fpinit        fz_wm.l(fpinit.o)
    0x08008b18   0x08008b18   0x0000000a   Code   RO          793    x$fpl$fretinf       fz_wm.l(fretinf.o)
    0x08008b22   0x08008b22   0x00000004   Code   RO          741    x$fpl$printf1       fz_wm.l(printf1.o)
    0x08008b26   0x08008b26   0x00000000   Code   RO          795    x$fpl$usenofp       fz_wm.l(usenofp.o)
    0x08008b26   0x08008b26   0x00000002   PAD
    0x08008b28   0x08008b28   0x00000060   Data   RO          594    .constdata          inv_mpu.o
    0x08008b88   0x08008b88   0x00000bf6   Data   RO          625    .constdata          inv_mpu_dmp_motion_driver.o
    0x0800977e   0x0800977e   0x00000028   Data   RO          670    .constdata          c_w.l(_printf_hex_int.o)
    0x080097a6   0x080097a6   0x00000011   Data   RO          700    .constdata          c_w.l(__printf_flags_wp.o)
    0x080097b7   0x080097b7   0x00000001   PAD
    0x080097b8   0x080097b8   0x00000050   Data   RO          746    .constdata          m_wm.l(asin.o)
    0x08009808   0x08009808   0x00000098   Data   RO          799    .constdata          m_wm.l(atan.o)
    0x080098a0   0x080098a0   0x00000008   Data   RO          834    .constdata          m_wm.l(qnan.o)
    0x080098a8   0x080098a8   0x00000094   Data   RO          883    .constdata          c_w.l(bigflt0.o)
    0x0800993c   0x0800993c   0x00000020   Data   RO         1067    Region$$Table       anon$$obj.o
    0x0800995c   0x0800995c   0x0000001c   Data   RO          911    locale$$data        c_w.l(lc_numeric_c.o)


    Execution Region RW_IRAM1 (Exec base: 0x20000000, Load base: 0x08009978, Size: 0x000007f8, Max: 0x00020000, ABSOLUTE)

    Exec Addr    Load Addr    Size         Type   Attr      Idx    E Section Name        Object

    0x20000000   0x08009978   0x00000014   Data   RW          208    .data               system_stm32f4xx.o
    0x20000014   0x0800998c   0x0000003f   Data   RW          299    .data               mpu9250.o
    0x20000053   0x080099cb   0x00000001   Data   RW          332    .data               timer.o
    0x20000054   0x080099cc   0x00000004   Data   RW          355    .data               delay.o
    0x20000058   0x080099d0   0x00000004   Data   RW          378    .data               sys.o
    0x2000005c   0x080099d4   0x00000006   Data   RW          412    .data               usart.o
    0x20000062   0x080099da   0x00000010   Data   RW          512    .data               stm32f4xx_rcc.o
    0x20000072   0x080099ea   0x00000002   PAD
    0x20000074   0x080099ec   0x00000038   Data   RW          595    .data               inv_mpu.o
    0x200000ac        -       0x00000010   Zero   RW          298    .bss                mpu9250.o
    0x200000bc        -       0x000000c8   Zero   RW          411    .bss                usart.o
    0x20000184        -       0x00000010   Zero   RW          624    .bss                inv_mpu_dmp_motion_driver.o
    0x20000194        -       0x00000060   Zero   RW          923    .bss                c_w.l(libspace.o)
    0x200001f4   0x08009a24   0x00000004   PAD
    0x200001f8        -       0x00000200   Zero   RW          440    HEAP                startup_stm32f40_41xxx.o
    0x200003f8        -       0x00000400   Zero   RW          439    STACK               startup_stm32f40_41xxx.o


==============================================================================

Image component sizes


      Code (inc. data)   RO Data    RW Data    ZI Data      Debug   Object Name

       260          8          0          4          0       1493   delay.o
      8124         98         96         56          0      22489   inv_mpu.o
      3472        142       3062          0         16      15539   inv_mpu_dmp_motion_driver.o
        76          6          0          0          0        539   led.o
       328        158          0          0          0     282139   main.o
       224         20          0          0          0       1829   misc.o
      3118        778          0         63         16       7776   mpu9250.o
       820         82          0          0          0       2526   myiic.o
        64         26        392          0       1536        840   startup_stm32f40_41xxx.o
       660         44          0          0          0       4169   stm32f4xx_gpio.o
        24          0          0          0          0       1130   stm32f4xx_it.o
      1628         52          0         16          0      13052   stm32f4xx_rcc.o
      3234         60          0          0          0      23028   stm32f4xx_tim.o
      1108         34          0          0          0       7896   stm32f4xx_usart.o
       132         16          0          4          0      27528   sys.o
       528         46          0         20          0       1795   system_stm32f4xx.o
       124          8          0          1          0       1088   timer.o
       332         18          0          6        200       3362   usart.o

    ----------------------------------------------------------------------
     24260       1596       3582        172       1768     418218   Object Totals
         0          0         32          0          0          0   (incl. Generated)
         4          0          0          2          0          0   (incl. Padding)

    ----------------------------------------------------------------------

      Code (inc. data)   RO Data    RW Data    ZI Data      Debug   Library Member Name

         8          0          0          0          0         68   __main.o
       312          4         17          0          0         92   __printf_flags_wp.o
        14          0          0          0          0         68   __printf_wp.o
         0          0          0          0          0          0   __rtentry.o
        12          0          0          0          0          0   __rtentry2.o
         6          0          0          0          0          0   __rtentry4.o
        52          8          0          0          0          0   __scatter.o
        26          0          0          0          0          0   __scatter_copy.o
        28          0          0          0          0          0   __scatter_zi.o
        48          6          0          0          0         96   _printf_char_common.o
        36          4          0          0          0         80   _printf_char_file.o
         6          0          0          0          0          0   _printf_d.o
       120         16          0          0          0         92   _printf_dec.o
         6          0          0          0          0          0   _printf_f.o
      1054          0          0          0          0        216   _printf_fp_dec.o
       128         16          0          0          0         84   _printf_fp_infnan.o
        88          4         40          0          0         88   _printf_hex_int.o
       178          0          0          0          0         88   _printf_intcommon.o
        78          0          0          0          0        108   _printf_pad.o
         0          0          0          0          0          0   _printf_percent.o
         4          0          0          0          0          0   _printf_percent_end.o
         6          0          0          0          0          0   _printf_x.o
        22          0          0          0          0        100   _rserrno.o
        16          0          0          0          0         68   aeabi_memset.o
       228          4        148          0          0         96   bigflt0.o
      1936        128          0          0          0        672   btod.o
        18          0          0          0          0         80   exit.o
         8          0          0          0          0         68   ferror.o
         6          0          0          0          0        152   heapauxi.o
        44         10         28          0          0         76   lc_numeric_c.o
         2          0          0          0          0          0   libinit.o
        22          0          0          0          0          0   libinit2.o
         2          0          0          0          0          0   libshutdown.o
         2          0          0          0          0          0   libshutdown2.o
         8          4          0          0         96         68   libspace.o
        72          0          0          0          0         76   llsdiv.o
       138          0          0          0          0         80   lludiv10.o
       238          0          0          0          0        100   lludivv7m.o
        88          0          0          0          0         76   memcmp.o
        24          4          0          0          0         84   noretval__2printf.o
         8          4          0          0          0         68   rt_errno_addr_intlibspace.o
         8          4          0          0          0         68   rt_locale_intlibspace.o
        68          0          0          0          0         68   rt_memclr.o
        78          0          0          0          0         80   rt_memclr_w.o
         2          0          0          0          0          0   rtexit.o
        10          0          0          0          0          0   rtexit2.o
       128          0          0          0          0         68   strcmpv7m.o
        74          0          0          0          0         80   sys_stackheap_outer.o
         2          0          0          0          0         68   use_no_semi.o
         2          0          0          0          0         68   use_no_semi_2.o
        24          0          0          0          0        164   basic.o
        98          4          0          0          0        140   d2f.o
       826         16          0          0          0        492   daddsub_clz.o
       688        140          0          0          0        256   ddiv.o
        46          0          0          0          0        116   dflt_clz.o
       340         12          0          0          0        152   dmul.o
       156          4          0          0          0        140   dnaninf.o
        12          0          0          0          0        116   dretinf.o
       408         56          0          0          0        168   dsqrt_umaal.o
        86          4          0          0          0        132   f2d.o
       140          4          0          0          0        132   fnaninf.o
        10          0          0          0          0        116   fpinit.o
        10          0          0          0          0        116   fretinf.o
         4          0          0          0          0        116   printf1.o
         0          0          0          0          0          0   usenofp.o
       864         94         80          0          0        280   asin.o
       744        106        152          0          0        352   atan.o
       496         64          0          0          0        192   atan2.o
       104         16          0          0          0        496   dunder.o
        24          0          0          0          0        124   fabs.o
        48          0          0          0          0        124   fpclassify.o
       248          0          0          0          0        152   poly.o
         0          0          8          0          0          0   qnan.o
       110          0          0          0          0        148   sqrt.o

    ----------------------------------------------------------------------
     10972        736        474          0        100       7668   Library Totals
        22          0          1          0          4          0   (incl. Padding)

    ----------------------------------------------------------------------

      Code (inc. data)   RO Data    RW Data    ZI Data      Debug   Library Name

      5464        216        233          0         96       3444   c_w.l
      2848        240          0          0          0       2356   fz_wm.l
      2638        280        240          0          0       1868   m_wm.l

    ----------------------------------------------------------------------
     10972        736        474          0        100       7668   Library Totals

    ----------------------------------------------------------------------

==============================================================================


      Code (inc. data)   RO Data    RW Data    ZI Data      Debug   

     35232       2332       4056        172       1868     417962   Grand Totals
     35232       2332       4056        172       1868     417962   ELF Image Totals
     35232       2332       4056        172          0          0   ROM Totals

==============================================================================

    Total RO  Size (Code + RO Data)                39288 (  38.37kB)
    Total RW  Size (RW Data + ZI Data)              2040 (   1.99kB)
    Total ROM Size (Code + RO Data + RW Data)      39460 (  38.54kB)

==============================================================================

